Archive member included because of file (symbol)

.\CortexM3\ARM_GCC_493\Debug\Design01.a(cyfitter_cfg.o)
                              .\CortexM3\ARM_GCC_493\Debug\Cm3Start.o (cyfitter_cfg)
.\CortexM3\ARM_GCC_493\Debug\Design01.a(Timer.o)
                              .\CortexM3\ARM_GCC_493\Debug\main.o (Timer_Start)
.\CortexM3\ARM_GCC_493\Debug\Design01.a(ADC.o)
                              .\CortexM3\ARM_GCC_493\Debug\main.o (ADC_Start)
.\CortexM3\ARM_GCC_493\Debug\Design01.a(ADC_INT.o)
                              .\CortexM3\ARM_GCC_493\Debug\Design01.a(ADC.o) (ADC_ISR1)
.\CortexM3\ARM_GCC_493\Debug\Design01.a(isr_10.o)
                              .\CortexM3\ARM_GCC_493\Debug\main.o (isr_10_StartEx)
.\CortexM3\ARM_GCC_493\Debug\Design01.a(ADC_AMux.o)
                              .\CortexM3\ARM_GCC_493\Debug\Design01.a(ADC.o) (ADC_AMux_Select)
.\CortexM3\ARM_GCC_493\Debug\Design01.a(ADC_Ext_CP_Clk.o)
                              .\CortexM3\ARM_GCC_493\Debug\Design01.a(ADC.o) (ADC_Ext_CP_Clk_SetModeRegister)
.\CortexM3\ARM_GCC_493\Debug\Design01.a(ADC_theACLK.o)
                              .\CortexM3\ARM_GCC_493\Debug\Design01.a(ADC.o) (ADC_theACLK_SetModeRegister)
.\CortexM3\ARM_GCC_493\Debug\Design01.a(CyLib.o)
                              .\CortexM3\ARM_GCC_493\Debug\Cm3Start.o (CyHalt)
.\CortexM3\ARM_GCC_493\Debug\Design01.a(cyPm.o)
                              .\CortexM3\ARM_GCC_493\Debug\Design01.a(CyLib.o) (CyPmReadStatus)
.\CortexM3\ARM_GCC_493\Debug\Design01.a(cyutils.o)
                              .\CortexM3\ARM_GCC_493\Debug\Design01.a(Timer.o) (CySetReg24)
.\CortexM3\ARM_GCC_493\Debug\Design01.a(LCD.o)
                              .\CortexM3\ARM_GCC_493\Debug\main.o (LCD_PrintString)
.\CortexM3\ARM_GCC_493\Debug\Design01.a(UART.o)
                              .\CortexM3\ARM_GCC_493\Debug\main.o (UART_Start)
.\CortexM3\ARM_GCC_493\Debug\Design01.a(UART_IntClock.o)
                              .\CortexM3\ARM_GCC_493\Debug\Design01.a(UART.o) (UART_IntClock_Start)
.\CortexM3\ARM_GCC_493\Debug\Design01.a(Timer2.o)
                              .\CortexM3\ARM_GCC_493\Debug\main.o (Timer2_Start)
.\CortexM3\ARM_GCC_493\Debug\Design01.a(Trigger_out.o)
                              .\CortexM3\ARM_GCC_493\Debug\main.o (Trigger_out_Write)
.\CortexM3\ARM_GCC_493\Debug\Design01.a(echo.o)
                              .\CortexM3\ARM_GCC_493\Debug\main.o (echo_Read)
.\CortexM3\ARM_GCC_493\Debug\Design01.a(T1.o)
                              .\CortexM3\ARM_GCC_493\Debug\main.o (T1_Start)
.\CortexM3\ARM_GCC_493\Debug\Design01.a(CyBootAsmGnu.o)
                              .\CortexM3\ARM_GCC_493\Debug\Design01.a(cyfitter_cfg.o) (CyDelayCycles)
.\CortexM3\ARM_GCC_493\Debug\Design01.a(CyFlash.o)
                              .\CortexM3\ARM_GCC_493\Debug\Design01.a(cyPm.o) (CyFlash_SetWaitCycles)
.\CortexM3\ARM_GCC_493\Debug\Design01.a(CySpc.o)
                              .\CortexM3\ARM_GCC_493\Debug\Design01.a(CyFlash.o) (CySpcStart)
c:/program files (x86)/cypress/psoc creator/4.0/psoc creator/import/gnu/arm/4.9.3/bin/../lib/gcc/arm-none-eabi/4.9.3/armv7-m\libgcc.a(_arm_addsubdf3.o)
                              .\CortexM3\ARM_GCC_493\Debug\main.o (__aeabi_dsub)
c:/program files (x86)/cypress/psoc creator/4.0/psoc creator/import/gnu/arm/4.9.3/bin/../lib/gcc/arm-none-eabi/4.9.3/armv7-m\libgcc.a(_arm_muldivdf3.o)
                              .\CortexM3\ARM_GCC_493\Debug\main.o (__aeabi_dmul)
c:/program files (x86)/cypress/psoc creator/4.0/psoc creator/import/gnu/arm/4.9.3/bin/../lib/gcc/arm-none-eabi/4.9.3/armv7-m\libgcc.a(_arm_cmpdf2.o)
                              .\CortexM3\ARM_GCC_493\Debug\Design01.a(ADC.o) (__aeabi_dcmpgt)
c:/program files (x86)/cypress/psoc creator/4.0/psoc creator/import/gnu/arm/4.9.3/bin/../lib/gcc/arm-none-eabi/4.9.3/armv7-m\libgcc.a(_arm_truncdfsf2.o)
                              .\CortexM3\ARM_GCC_493\Debug\main.o (__aeabi_d2f)
c:/program files (x86)/cypress/psoc creator/4.0/psoc creator/import/gnu/arm/4.9.3/bin/../lib/gcc/arm-none-eabi/4.9.3/armv7-m\libgcc.a(_arm_addsubsf3.o)
                              .\CortexM3\ARM_GCC_493\Debug\Design01.a(ADC.o) (__aeabi_ui2f)
c:/program files (x86)/cypress/psoc creator/4.0/psoc creator/import/gnu/arm/4.9.3/bin/../lib/gcc/arm-none-eabi/4.9.3/armv7-m\libgcc.a(_arm_muldivsf3.o)
                              .\CortexM3\ARM_GCC_493\Debug\Design01.a(ADC.o) (__aeabi_fmul)
c:/program files (x86)/cypress/psoc creator/4.0/psoc creator/import/gnu/arm/4.9.3/bin/../lib/gcc/arm-none-eabi/4.9.3/armv7-m\libgcc.a(_arm_fixunssfsi.o)
                              .\CortexM3\ARM_GCC_493\Debug\Design01.a(ADC.o) (__aeabi_f2uiz)
c:/program files (x86)/cypress/psoc creator/4.0/psoc creator/import/gnu/arm/4.9.3/bin/../lib/gcc/arm-none-eabi/4.9.3/../../../../arm-none-eabi/lib/armv7-m\libg_nano.a(lib_a-errno.o)
                              .\CortexM3\ARM_GCC_493\Debug\Cm3Start.o (__errno)
[...]
Memory Configuration

Name             Origin             Length             Attributes
rom              0x00000000         0x00040000         xr
ram              0x1fff8000         0x00010000         xrw
*default*        0x00000000         0xffffffff

Linker script and memory map

LOAD c:/program files (x86)/cypress/psoc creator/4.0/psoc creator/import/gnu/arm/4.9.3/bin/../lib/gcc/arm-none-eabi/4.9.3/armv7-m/crti.o
LOAD c:/program files (x86)/cypress/psoc creator/4.0/psoc creator/import/gnu/arm/4.9.3/bin/../lib/gcc/arm-none-eabi/4.9.3/armv7-m/crtbegin.o
LOAD c:/program files (x86)/cypress/psoc creator/4.0/psoc creator/import/gnu/arm/4.9.3/bin/../lib/gcc/arm-none-eabi/4.9.3/../../../../arm-none-eabi/lib/armv7-m/crt0.o
START GROUP
LOAD .\CortexM3\ARM_GCC_493\Debug\main.o
LOAD .\CortexM3\ARM_GCC_493\Debug\cymetadata.o
LOAD .\CortexM3\ARM_GCC_493\Debug\Cm3Start.o
LOAD .\CortexM3\ARM_GCC_493\Debug\Design01.a
LOAD C:\Program Files (x86)\Cypress\PSoC Creator\4.0\PSoC Creator\psoc\content\cycomponentlibrary\CyComponentLibrary.cylib\CortexM3\ARM_GCC_493\Debug\CyComponentLibrary.a
END GROUP
START GROUP
LOAD c:/program files (x86)/cypress/psoc creator/4.0/psoc creator/import/gnu/arm/4.9.3/bin/../lib/gcc/arm-none-eabi/4.9.3/armv7-m\libgcc.a
LOAD c:/program files (x86)/cypress/psoc creator/4.0/psoc creator/import/gnu/arm/4.9.3/bin/../lib/gcc/arm-none-eabi/4.9.3/../../../../arm-none-eabi/lib/armv7-m\libg_nano.a
LOAD c:/program files (x86)/cypress/psoc creator/4.0/psoc creator/import/gnu/arm/4.9.3/bin/../lib/gcc/arm-none-eabi/4.9.3/../../../../arm-none-eabi/lib/armv7-m\libc_nano.a
END GROUP
START GROUP
LOAD c:/program files (x86)/cypress/psoc creator/4.0/psoc creator/import/gnu/arm/4.9.3/bin/../lib/gcc/arm-none-eabi/4.9.3/armv7-m\libgcc.a
LOAD c:/program files (x86)/cypress/psoc creator/4.0/psoc creator/import/gnu/arm/4.9.3/bin/../lib/gcc/arm-none-eabi/4.9.3/../../../../arm-none-eabi/lib/armv7-m\libc_nano.a
END GROUP
LOAD c:/program files (x86)/cypress/psoc creator/4.0/psoc creator/import/gnu/arm/4.9.3/bin/../lib/gcc/arm-none-eabi/4.9.3/armv7-m/crtend.o
LOAD c:/program files (x86)/cypress/psoc creator/4.0/psoc creator/import/gnu/arm/4.9.3/bin/../lib/gcc/arm-none-eabi/4.9.3/armv7-m/crtn.o
START GROUP
LOAD c:/program files (x86)/cypress/psoc creator/4.0/psoc creator/import/gnu/arm/4.9.3/bin/../lib/gcc/arm-none-eabi/4.9.3/armv7-m\libgcc.a
LOAD c:/program files (x86)/cypress/psoc creator/4.0/psoc creator/import/gnu/arm/4.9.3/bin/../lib/gcc/arm-none-eabi/4.9.3/../../../../arm-none-eabi/lib/armv7-m\libc.a
LOAD c:/program files (x86)/cypress/psoc creator/4.0/psoc creator/import/gnu/arm/4.9.3/bin/../lib/gcc/arm-none-eabi/4.9.3/../../../../arm-none-eabi/lib/armv7-m\libnosys.a
END GROUP
                0x00000000                CY_APPL_ORIGIN = 0x0
                0x00000100                CY_FLASH_ROW_SIZE = 0x100
                0x00000020                CY_ECC_ROW_SIZE = 0x20
                0x00000000                CY_EE_IN_BTLDR = 0x0
                0x00000000                CY_APPL_LOADABLE = 0x0
                0x00000800                CY_EE_SIZE = 0x800
                0x00000001                CY_APPL_NUM = 0x1
                0x00000001                CY_APPL_MAX = 0x1
                0x00000040                CY_METADATA_SIZE = 0x40
                0x00000000                CY_APPL_LOADABLE = 0x0
                0x00000000                CY_CHECKSUM_EXCLUDE_SIZE = ALIGN (0x0, CY_FLASH_ROW_SIZE)
                0x1fff8240                PROVIDE (__cy_heap_start, _end)
                0x00000001                PROVIDE (__cy_region_num, ((__cy_regions_end - __cy_regions) / 0x10))
                0x20008000                PROVIDE (__cy_stack, (ORIGIN (ram) + 0x10000))
                0x20007800                PROVIDE (__cy_heap_end, (__cy_stack - 0x800))

.cybootloader   0x00000000        0x0
 *(.cybootloader)
                0x00000000                appl1_start = CY_APPL_ORIGIN?CY_APPL_ORIGIN:ALIGN (CY_FLASH_ROW_SIZE)
                0x0001ff00                appl2_start = (appl1_start + ALIGN ((((0x40000 - appl1_start) - (0x2 * CY_FLASH_ROW_SIZE)) / 0x2), CY_FLASH_ROW_SIZE))
                0x00000000                appl_start = (CY_APPL_NUM == 0x1)?appl1_start:appl2_start
                0x00000000                ecc_offset = ((appl_start / CY_FLASH_ROW_SIZE) * CY_ECC_ROW_SIZE)
                0x00000000                ee_offset = (CY_APPL_LOADABLE && ! (CY_EE_IN_BTLDR))?((CY_EE_SIZE / CY_APPL_MAX) * (CY_APPL_NUM - 0x1)):0x0
                0x00000800                ee_size = (CY_APPL_LOADABLE && ! (CY_EE_IN_BTLDR))?(CY_EE_SIZE / CY_APPL_MAX):CY_EE_SIZE
                0x00000000                PROVIDE (CY_ECC_OFFSET, ecc_offset)

.text           0x00000000     0x4390
 CREATE_OBJECT_SYMBOLS
                0x00000000                PROVIDE (__cy_interrupt_vector, RomVectors)
 *(.romvectors)
 .romvectors    0x00000000       0x10 .\CortexM3\ARM_GCC_493\Debug\Cm3Start.o
                0x00000000                RomVectors
                0x00000001                ASSERT ((. != __cy_interrupt_vector), No interrupt vector)
                0x00000001                ASSERT (CY_APPL_ORIGIN?(SIZEOF (.cybootloader) <= CY_APPL_ORIGIN):0x1, Wrong image location)
                0x00000010                PROVIDE (__cy_reset, Reset)
 *(.text.Reset)
 .text.Reset    0x00000010       0x18 .\CortexM3\ARM_GCC_493\Debug\Cm3Start.o
                0x00000010                Reset
                0x00000001                ASSERT ((. != __cy_reset), No reset code)
 *(.dma_init)
                0x00000001                ASSERT ((((appl_start + .) <= 0x10000) || 0x1), DMA Init must be within the first 64k of flash)
 *(.text .text.* .gnu.linkonce.t.*)
 .text          0x00000028       0x5c c:/program files (x86)/cypress/psoc creator/4.0/psoc creator/import/gnu/arm/4.9.3/bin/../lib/gcc/arm-none-eabi/4.9.3/armv7-m/crtbegin.o
 *fill*         0x00000084        0x4 
 .text.isr_10_Handler
                0x00000088       0xc8 .\CortexM3\ARM_GCC_493\Debug\main.o
                0x00000088                isr_10_Handler
 .text.main     0x00000150       0xfc .\CortexM3\ARM_GCC_493\Debug\main.o
                0x00000150                main
 .text.IntDefaultHandler
                0x0000024c       0x10 .\CortexM3\ARM_GCC_493\Debug\Cm3Start.o
                0x0000024c                IntDefaultHandler
 .text._sbrk    0x0000025c       0x30 .\CortexM3\ARM_GCC_493\Debug\Cm3Start.o
                0x0000025c                _sbrk
 .text.Start_c  0x0000028c       0x4c .\CortexM3\ARM_GCC_493\Debug\Cm3Start.o
                0x0000028c                Start_c
 .text.initialize_psoc
                0x000002d8       0x74 .\CortexM3\ARM_GCC_493\Debug\Cm3Start.o
                0x000002d8                initialize_psoc
 .text.CyClockStartupError
                0x0000034c        0x4 .\CortexM3\ARM_GCC_493\Debug\Design01.a(cyfitter_cfg.o)
 .text.cfg_write_bytes32
                0x00000350       0x34 .\CortexM3\ARM_GCC_493\Debug\Design01.a(cyfitter_cfg.o)
 .text.AnalogSetDefault
                0x00000384       0x38 .\CortexM3\ARM_GCC_493\Debug\Design01.a(cyfitter_cfg.o)
 .text.CYMEMZERO
                0x000003bc        0xc .\CortexM3\ARM_GCC_493\Debug\Design01.a(cyfitter_cfg.o)
 .text.CYCONFIGCPY
                0x000003c8        0x8 .\CortexM3\ARM_GCC_493\Debug\Design01.a(cyfitter_cfg.o)
 .text.ClockSetup
                0x000003d0      0x138 .\CortexM3\ARM_GCC_493\Debug\Design01.a(cyfitter_cfg.o)
 .text.ADC_AMux_Set
                0x00000508       0x1c .\CortexM3\ARM_GCC_493\Debug\Design01.a(cyfitter_cfg.o)
                0x00000508                ADC_AMux_Set
 .text.ADC_AMux_Unset
                0x00000524       0x1c .\CortexM3\ARM_GCC_493\Debug\Design01.a(cyfitter_cfg.o)
                0x00000524                ADC_AMux_Unset
 .text.cyfitter_cfg
                0x00000540      0x110 .\CortexM3\ARM_GCC_493\Debug\Design01.a(cyfitter_cfg.o)
                0x00000540                cyfitter_cfg
 .text.Timer_Enable
                0x00000650       0x10 .\CortexM3\ARM_GCC_493\Debug\Design01.a(Timer.o)
                0x00000650                Timer_Enable
 .text.Timer_SetInterruptMode
                0x00000660        0xc .\CortexM3\ARM_GCC_493\Debug\Design01.a(Timer.o)
                0x00000660                Timer_SetInterruptMode
 .text.Timer_ReadStatusRegister
                0x0000066c        0xc .\CortexM3\ARM_GCC_493\Debug\Design01.a(Timer.o)
                0x0000066c                Timer_ReadStatusRegister
 .text.Timer_WritePeriod
                0x00000678       0x10 .\CortexM3\ARM_GCC_493\Debug\Design01.a(Timer.o)
                0x00000678                Timer_WritePeriod
 .text.Timer_ReadCapture
                0x00000688       0x10 .\CortexM3\ARM_GCC_493\Debug\Design01.a(Timer.o)
                0x00000688                Timer_ReadCapture
 .text.Timer_WriteCounter
                0x00000698       0x10 .\CortexM3\ARM_GCC_493\Debug\Design01.a(Timer.o)
                0x00000698                Timer_WriteCounter
 .text.Timer_ClearFIFO
                0x000006a8       0x14 .\CortexM3\ARM_GCC_493\Debug\Design01.a(Timer.o)
                0x000006a8                Timer_ClearFIFO
 .text.Timer_Init
                0x000006bc       0x34 .\CortexM3\ARM_GCC_493\Debug\Design01.a(Timer.o)
                0x000006bc                Timer_Init
 .text.Timer_Start
                0x000006f0       0x1c .\CortexM3\ARM_GCC_493\Debug\Design01.a(Timer.o)
                0x000006f0                Timer_Start
 .text.ADC_GainCompensation
                0x0000070c       0xcc .\CortexM3\ARM_GCC_493\Debug\Design01.a(ADC.o)
 .text.ADC_SetDSMRef0Reg
                0x000007d8       0x4c .\CortexM3\ARM_GCC_493\Debug\Design01.a(ADC.o)
 .text.ADC_InitConfig
                0x00000824       0xdc .\CortexM3\ARM_GCC_493\Debug\Design01.a(ADC.o)
 .text.ADC_Init
                0x00000900       0xc4 .\CortexM3\ARM_GCC_493\Debug\Design01.a(ADC.o)
                0x00000900                ADC_Init
 .text.ADC_Enable
                0x000009c4       0xd8 .\CortexM3\ARM_GCC_493\Debug\Design01.a(ADC.o)
                0x000009c4                ADC_Enable
 .text.ADC_Start
                0x00000a9c       0x28 .\CortexM3\ARM_GCC_493\Debug\Design01.a(ADC.o)
                0x00000a9c                ADC_Start
 .text.ADC_StartConvert
                0x00000ac4       0x10 .\CortexM3\ARM_GCC_493\Debug\Design01.a(ADC.o)
                0x00000ac4                ADC_StartConvert
 .text.ADC_IsEndConversion
                0x00000ad4       0x30 .\CortexM3\ARM_GCC_493\Debug\Design01.a(ADC.o)
                0x00000ad4                ADC_IsEndConversion
 .text.ADC_GetResult16
                0x00000b04       0x50 .\CortexM3\ARM_GCC_493\Debug\Design01.a(ADC.o)
                0x00000b04                ADC_GetResult16
 .text.ADC_CountsTo_Volts
                0x00000b54       0x28 .\CortexM3\ARM_GCC_493\Debug\Design01.a(ADC.o)
                0x00000b54                ADC_CountsTo_Volts
 .text.ADC_ISR1
                0x00000b7c        0x4 .\CortexM3\ARM_GCC_493\Debug\Design01.a(ADC_INT.o)
                0x00000b7c                ADC_ISR1
 .text.isr_10_SetVector
                0x00000b80        0xc .\CortexM3\ARM_GCC_493\Debug\Design01.a(isr_10.o)
                0x00000b80                isr_10_SetVector
 .text.isr_10_SetPriority
                0x00000b8c       0x10 .\CortexM3\ARM_GCC_493\Debug\Design01.a(isr_10.o)
                0x00000b8c                isr_10_SetPriority
 .text.isr_10_Enable
                0x00000b9c        0xc .\CortexM3\ARM_GCC_493\Debug\Design01.a(isr_10.o)
                0x00000b9c                isr_10_Enable
 .text.isr_10_Disable
                0x00000ba8        0xc .\CortexM3\ARM_GCC_493\Debug\Design01.a(isr_10.o)
                0x00000ba8                isr_10_Disable
 .text.isr_10_StartEx
                0x00000bb4       0x1c .\CortexM3\ARM_GCC_493\Debug\Design01.a(isr_10.o)
                0x00000bb4                isr_10_StartEx
 .text.ADC_AMux_Start
                0x00000bd0       0x20 .\CortexM3\ARM_GCC_493\Debug\Design01.a(ADC_AMux.o)
                0x00000bd0                ADC_AMux_Start
 .text.ADC_AMux_Select
                0x00000bf0       0x18 .\CortexM3\ARM_GCC_493\Debug\Design01.a(ADC_AMux.o)
                0x00000bf0                ADC_AMux_Select
 .text.ADC_Ext_CP_Clk_GetDividerRegister
                0x00000c08        0xc .\CortexM3\ARM_GCC_493\Debug\Design01.a(ADC_Ext_CP_Clk.o)
                0x00000c08                ADC_Ext_CP_Clk_GetDividerRegister
 .text.ADC_Ext_CP_Clk_SetModeRegister
                0x00000c14       0x14 .\CortexM3\ARM_GCC_493\Debug\Design01.a(ADC_Ext_CP_Clk.o)
                0x00000c14                ADC_Ext_CP_Clk_SetModeRegister
 .text.ADC_Ext_CP_Clk_GetSourceRegister
                0x00000c28       0x10 .\CortexM3\ARM_GCC_493\Debug\Design01.a(ADC_Ext_CP_Clk.o)
                0x00000c28                ADC_Ext_CP_Clk_GetSourceRegister
 .text.ADC_Ext_CP_Clk_SetDividerRegister
                0x00000c38       0xd8 .\CortexM3\ARM_GCC_493\Debug\Design01.a(ADC_Ext_CP_Clk.o)
                0x00000c38                ADC_Ext_CP_Clk_SetDividerRegister
 .text.ADC_theACLK_GetDividerRegister
                0x00000d10        0xc .\CortexM3\ARM_GCC_493\Debug\Design01.a(ADC_theACLK.o)
                0x00000d10                ADC_theACLK_GetDividerRegister
 .text.ADC_theACLK_SetModeRegister
                0x00000d1c       0x14 .\CortexM3\ARM_GCC_493\Debug\Design01.a(ADC_theACLK.o)
                0x00000d1c                ADC_theACLK_SetModeRegister
 .text.ADC_theACLK_GetSourceRegister
                0x00000d30       0x10 .\CortexM3\ARM_GCC_493\Debug\Design01.a(ADC_theACLK.o)
                0x00000d30                ADC_theACLK_GetSourceRegister
 .text.ADC_theACLK_SetDividerRegister
                0x00000d40       0xd8 .\CortexM3\ARM_GCC_493\Debug\Design01.a(ADC_theACLK.o)
                0x00000d40                ADC_theACLK_SetDividerRegister
 .text.CyHalt   0x00000e18        0x4 .\CortexM3\ARM_GCC_493\Debug\Design01.a(CyLib.o)
                0x00000e18                CyHalt
 .text.CyDelay  0x00000e1c       0x2c .\CortexM3\ARM_GCC_493\Debug\Design01.a(CyLib.o)
                0x00000e1c                CyDelay
 .text.CyDelayUs
                0x00000e48       0x14 .\CortexM3\ARM_GCC_493\Debug\Design01.a(CyLib.o)
                0x00000e48                CyDelayUs
 .text.CyIntSetVector
                0x00000e5c       0x28 .\CortexM3\ARM_GCC_493\Debug\Design01.a(CyLib.o)
                0x00000e5c                CyIntSetVector
 .text.CyIntSetPriority
                0x00000e84       0x30 .\CortexM3\ARM_GCC_493\Debug\Design01.a(CyLib.o)
                0x00000e84                CyIntSetPriority
 .text.CySetReg24
                0x00000eb4       0x14 .\CortexM3\ARM_GCC_493\Debug\Design01.a(cyutils.o)
                0x00000eb4                CySetReg24
 .text.LCD_WrCntrlNib
                0x00000ec8       0x34 .\CortexM3\ARM_GCC_493\Debug\Design01.a(LCD.o)
 .text.LCD_WrDatNib
                0x00000efc       0x44 .\CortexM3\ARM_GCC_493\Debug\Design01.a(LCD.o)
 .text.LCD_IsReady
                0x00000f40       0xe4 .\CortexM3\ARM_GCC_493\Debug\Design01.a(LCD.o)
                0x00000f40                LCD_IsReady
 .text.LCD_WriteData
                0x00001024       0x18 .\CortexM3\ARM_GCC_493\Debug\Design01.a(LCD.o)
                0x00001024                LCD_WriteData
 .text.LCD_PrintString
                0x0000103c       0x1c .\CortexM3\ARM_GCC_493\Debug\Design01.a(LCD.o)
                0x0000103c                LCD_PrintString
 .text.LCD_WriteControl
                0x00001058       0x18 .\CortexM3\ARM_GCC_493\Debug\Design01.a(LCD.o)
                0x00001058                LCD_WriteControl
 .text.LCD_Init
                0x00001070       0x6c .\CortexM3\ARM_GCC_493\Debug\Design01.a(LCD.o)
                0x00001070                LCD_Init
 .text.LCD_Enable
                0x000010dc       0x14 .\CortexM3\ARM_GCC_493\Debug\Design01.a(LCD.o)
                0x000010dc                LCD_Enable
 .text.LCD_Start
                0x000010f0       0x1c .\CortexM3\ARM_GCC_493\Debug\Design01.a(LCD.o)
                0x000010f0                LCD_Start
 .text.LCD_Position
                0x0000110c       0x3c .\CortexM3\ARM_GCC_493\Debug\Design01.a(LCD.o)
                0x0000110c                LCD_Position
 .text.UART_Init
                0x00001148       0x24 .\CortexM3\ARM_GCC_493\Debug\Design01.a(UART.o)
                0x00001148                UART_Init
 .text.UART_Enable
                0x0000116c       0x38 .\CortexM3\ARM_GCC_493\Debug\Design01.a(UART.o)
                0x0000116c                UART_Enable
 .text.UART_Start
                0x000011a4       0x1c .\CortexM3\ARM_GCC_493\Debug\Design01.a(UART.o)
                0x000011a4                UART_Start
 .text.UART_PutChar
                0x000011c0       0x18 .\CortexM3\ARM_GCC_493\Debug\Design01.a(UART.o)
                0x000011c0                UART_PutChar
 .text.UART_PutString
                0x000011d8       0x24 .\CortexM3\ARM_GCC_493\Debug\Design01.a(UART.o)
                0x000011d8                UART_PutString
 .text.UART_IntClock_Start
                0x000011fc       0x1c .\CortexM3\ARM_GCC_493\Debug\Design01.a(UART_IntClock.o)
                0x000011fc                UART_IntClock_Start
 .text.Timer2_Enable
                0x00001218       0x28 .\CortexM3\ARM_GCC_493\Debug\Design01.a(Timer2.o)
                0x00001218                Timer2_Enable
 .text.Timer2_SetInterruptMode
                0x00001240        0xc .\CortexM3\ARM_GCC_493\Debug\Design01.a(Timer2.o)
                0x00001240                Timer2_SetInterruptMode
 .text.Timer2_WritePeriod
                0x0000124c        0xc .\CortexM3\ARM_GCC_493\Debug\Design01.a(Timer2.o)
                0x0000124c                Timer2_WritePeriod
 .text.Timer2_WriteCounter
                0x00001258        0xc .\CortexM3\ARM_GCC_493\Debug\Design01.a(Timer2.o)
                0x00001258                Timer2_WriteCounter
 .text.Timer2_Init
                0x00001264       0x8c .\CortexM3\ARM_GCC_493\Debug\Design01.a(Timer2.o)
                0x00001264                Timer2_Init
 .text.Timer2_Start
                0x000012f0       0x1c .\CortexM3\ARM_GCC_493\Debug\Design01.a(Timer2.o)
                0x000012f0                Timer2_Start
 .text.Timer2_ReadCounter
                0x0000130c       0x14 .\CortexM3\ARM_GCC_493\Debug\Design01.a(Timer2.o)
                0x0000130c                Timer2_ReadCounter
 .text.Trigger_out_Write
                0x00001320        0xc .\CortexM3\ARM_GCC_493\Debug\Design01.a(Trigger_out.o)
                0x00001320                Trigger_out_Write
 .text.echo_Read
                0x0000132c        0xc .\CortexM3\ARM_GCC_493\Debug\Design01.a(echo.o)
                0x0000132c                echo_Read
 .text.T1_Enable
                0x00001338       0x28 .\CortexM3\ARM_GCC_493\Debug\Design01.a(T1.o)
                0x00001338                T1_Enable
 .text.T1_SetInterruptMode
                0x00001360        0xc .\CortexM3\ARM_GCC_493\Debug\Design01.a(T1.o)
                0x00001360                T1_SetInterruptMode
 .text.T1_WritePeriod
                0x0000136c        0xc .\CortexM3\ARM_GCC_493\Debug\Design01.a(T1.o)
                0x0000136c                T1_WritePeriod
 .text.T1_WriteCounter
                0x00001378        0xc .\CortexM3\ARM_GCC_493\Debug\Design01.a(T1.o)
                0x00001378                T1_WriteCounter
 .text.T1_Init  0x00001384       0x64 .\CortexM3\ARM_GCC_493\Debug\Design01.a(T1.o)
                0x00001384                T1_Init
 .text.T1_Start
                0x000013e8       0x1c .\CortexM3\ARM_GCC_493\Debug\Design01.a(T1.o)
                0x000013e8                T1_Start
 *fill*         0x00001404        0x4 
 .text          0x00001408       0x20 .\CortexM3\ARM_GCC_493\Debug\Design01.a(CyBootAsmGnu.o)
                0x00001408                CyDelayCycles
                0x00001418                CyEnterCriticalSection
                0x00001420                CyExitCriticalSection
 .text          0x00001428      0x370 c:/program files (x86)/cypress/psoc creator/4.0/psoc creator/import/gnu/arm/4.9.3/bin/../lib/gcc/arm-none-eabi/4.9.3/armv7-m\libgcc.a(_arm_addsubdf3.o)
                0x00001428                __aeabi_drsub
                0x00001430                __aeabi_dsub
                0x00001430                __subdf3
                0x00001434                __aeabi_dadd
                0x00001434                __adddf3
                0x000016ac                __floatunsidf
                0x000016ac                __aeabi_ui2d
                0x000016cc                __floatsidf
                0x000016cc                __aeabi_i2d
                0x000016f0                __aeabi_f2d
                0x000016f0                __extendsfdf2
                0x0000172c                __floatundidf
                0x0000172c                __aeabi_ul2d
                0x0000173c                __floatdidf
                0x0000173c                __aeabi_l2d
 .text          0x00001798      0x424 c:/program files (x86)/cypress/psoc creator/4.0/psoc creator/import/gnu/arm/4.9.3/bin/../lib/gcc/arm-none-eabi/4.9.3/armv7-m\libgcc.a(_arm_muldivdf3.o)
                0x00001798                __aeabi_dmul
                0x00001798                __muldf3
                0x000019ec                __divdf3
                0x000019ec                __aeabi_ddiv
 .text          0x00001bbc      0x110 c:/program files (x86)/cypress/psoc creator/4.0/psoc creator/import/gnu/arm/4.9.3/bin/../lib/gcc/arm-none-eabi/4.9.3/armv7-m\libgcc.a(_arm_cmpdf2.o)
                0x00001bbc                __gtdf2
                0x00001bbc                __gedf2
                0x00001bc4                __ltdf2
                0x00001bc4                __ledf2
                0x00001bcc                __nedf2
                0x00001bcc                __eqdf2
                0x00001bcc                __cmpdf2
                0x00001c48                __aeabi_cdrcmple
                0x00001c58                __aeabi_cdcmpeq
                0x00001c58                __aeabi_cdcmple
                0x00001c68                __aeabi_dcmpeq
                0x00001c7c                __aeabi_dcmplt
                0x00001c90                __aeabi_dcmple
                0x00001ca4                __aeabi_dcmpge
                0x00001cb8                __aeabi_dcmpgt
 .text          0x00001ccc       0xa0 c:/program files (x86)/cypress/psoc creator/4.0/psoc creator/import/gnu/arm/4.9.3/bin/../lib/gcc/arm-none-eabi/4.9.3/armv7-m\libgcc.a(_arm_truncdfsf2.o)
                0x00001ccc                __truncdfsf2
                0x00001ccc                __aeabi_d2f
 .text          0x00001d6c      0x21c c:/program files (x86)/cypress/psoc creator/4.0/psoc creator/import/gnu/arm/4.9.3/bin/../lib/gcc/arm-none-eabi/4.9.3/armv7-m\libgcc.a(_arm_addsubsf3.o)
                0x00001d6c                __aeabi_frsub
                0x00001d74                __subsf3
                0x00001d74                __aeabi_fsub
                0x00001d78                __aeabi_fadd
                0x00001d78                __addsf3
                0x00001ed8                __aeabi_ui2f
                0x00001ed8                __floatunsisf
                0x00001ee0                __aeabi_i2f
                0x00001ee0                __floatsisf
                0x00001efc                __aeabi_ul2f
                0x00001efc                __floatundisf
                0x00001f0c                __aeabi_l2f
                0x00001f0c                __floatdisf
 .text          0x00001f88      0x2a0 c:/program files (x86)/cypress/psoc creator/4.0/psoc creator/import/gnu/arm/4.9.3/bin/../lib/gcc/arm-none-eabi/4.9.3/armv7-m\libgcc.a(_arm_muldivsf3.o)
                0x00001f88                __mulsf3
                0x00001f88                __aeabi_fmul
                0x000020f0                __aeabi_fdiv
                0x000020f0                __divsf3
 .text.__errno  0x00002228        0xc c:/program files (x86)/cypress/psoc creator/4.0/psoc creator/import/gnu/arm/4.9.3/bin/../lib/gcc/arm-none-eabi/4.9.3/../../../../arm-none-eabi/lib/armv7-m\libg_nano.a(lib_a-errno.o)
                0x00002228                __errno
 .text.__libc_init_array
                0x00002234       0x4c c:/program files (x86)/cypress/psoc creator/4.0/psoc creator/import/gnu/arm/4.9.3/bin/../lib/gcc/arm-none-eabi/4.9.3/../../../../arm-none-eabi/lib/armv7-m\libg_nano.a(lib_a-init.o)
                0x00002234                __libc_init_array
 .text.memcpy   0x00002280       0x16 c:/program files (x86)/cypress/psoc creator/4.0/psoc creator/import/gnu/arm/4.9.3/bin/../lib/gcc/arm-none-eabi/4.9.3/../../../../arm-none-eabi/lib/armv7-m\libg_nano.a(lib_a-memcpy.o)
                0x00002280                memcpy
 .text.memset   0x00002296       0x10 c:/program files (x86)/cypress/psoc creator/4.0/psoc creator/import/gnu/arm/4.9.3/bin/../lib/gcc/arm-none-eabi/4.9.3/../../../../arm-none-eabi/lib/armv7-m\libg_nano.a(lib_a-memset.o)
                0x00002296                memset
 .text.__cvt    0x000022a6       0xbc c:/program files (x86)/cypress/psoc creator/4.0/psoc creator/import/gnu/arm/4.9.3/bin/../lib/gcc/arm-none-eabi/4.9.3/../../../../arm-none-eabi/lib/armv7-m\libg_nano.a(lib_a-nano-vfprintf_float.o)
                0x000022a6                __cvt
 .text.__exponent
                0x00002362       0x62 c:/program files (x86)/cypress/psoc creator/4.0/psoc creator/import/gnu/arm/4.9.3/bin/../lib/gcc/arm-none-eabi/4.9.3/../../../../arm-none-eabi/lib/armv7-m\libg_nano.a(lib_a-nano-vfprintf_float.o)
                0x00002362                __exponent
 .text._printf_float
                0x000023c4      0x48c c:/program files (x86)/cypress/psoc creator/4.0/psoc creator/import/gnu/arm/4.9.3/bin/../lib/gcc/arm-none-eabi/4.9.3/../../../../arm-none-eabi/lib/armv7-m\libg_nano.a(lib_a-nano-vfprintf_float.o)
                0x000023c4                _printf_float
 .text._printf_common
                0x00002850       0xea c:/program files (x86)/cypress/psoc creator/4.0/psoc creator/import/gnu/arm/4.9.3/bin/../lib/gcc/arm-none-eabi/4.9.3/../../../../arm-none-eabi/lib/armv7-m\libg_nano.a(lib_a-nano-vfprintf_i.o)
                0x00002850                _printf_common
 *fill*         0x0000293a        0x2 
 .text._printf_i
                0x0000293c      0x240 c:/program files (x86)/cypress/psoc creator/4.0/psoc creator/import/gnu/arm/4.9.3/bin/../lib/gcc/arm-none-eabi/4.9.3/../../../../arm-none-eabi/lib/armv7-m\libg_nano.a(lib_a-nano-vfprintf_i.o)
                0x0000293c                _printf_i
 .text.__fpclassifyd
                0x00002b7c       0x50 c:/program files (x86)/cypress/psoc creator/4.0/psoc creator/import/gnu/arm/4.9.3/bin/../lib/gcc/arm-none-eabi/4.9.3/../../../../arm-none-eabi/lib/armv7-m\libg_nano.a(lib_a-s_fpclassify.o)
                0x00002b7c                __fpclassifyd
 .text.sprintf  0x00002bcc       0x48 c:/program files (x86)/cypress/psoc creator/4.0/psoc creator/import/gnu/arm/4.9.3/bin/../lib/gcc/arm-none-eabi/4.9.3/../../../../arm-none-eabi/lib/armv7-m\libg_nano.a(lib_a-sprintf.o)
                0x00002bcc                siprintf
                0x00002bcc                sprintf
 .text.strlen   0x00002c14       0x10 c:/program files (x86)/cypress/psoc creator/4.0/psoc creator/import/gnu/arm/4.9.3/bin/../lib/gcc/arm-none-eabi/4.9.3/../../../../arm-none-eabi/lib/armv7-m\libg_nano.a(lib_a-strlen.o)
                0x00002c14                strlen
 .text.quorem   0x00002c24      0x114 c:/program files (x86)/cypress/psoc creator/4.0/psoc creator/import/gnu/arm/4.9.3/bin/../lib/gcc/arm-none-eabi/4.9.3/../../../../arm-none-eabi/lib/armv7-m\libg_nano.a(lib_a-dtoa.o)
 .text._dtoa_r  0x00002d38      0xb78 c:/program files (x86)/cypress/psoc creator/4.0/psoc creator/import/gnu/arm/4.9.3/bin/../lib/gcc/arm-none-eabi/4.9.3/../../../../arm-none-eabi/lib/armv7-m\libg_nano.a(lib_a-dtoa.o)
                0x00002d38                _dtoa_r
 .text._localeconv_r
                0x000038b0        0x8 c:/program files (x86)/cypress/psoc creator/4.0/psoc creator/import/gnu/arm/4.9.3/bin/../lib/gcc/arm-none-eabi/4.9.3/../../../../arm-none-eabi/lib/armv7-m\libg_nano.a(lib_a-locale.o)
                0x000038b0                _localeconv_r
 .text.malloc   0x000038b8       0x10 c:/program files (x86)/cypress/psoc creator/4.0/psoc creator/import/gnu/arm/4.9.3/bin/../lib/gcc/arm-none-eabi/4.9.3/../../../../arm-none-eabi/lib/armv7-m\libg_nano.a(lib_a-malloc.o)
                0x000038b8                malloc
 .text.memchr   0x000038c8       0x1c c:/program files (x86)/cypress/psoc creator/4.0/psoc creator/import/gnu/arm/4.9.3/bin/../lib/gcc/arm-none-eabi/4.9.3/../../../../arm-none-eabi/lib/armv7-m\libg_nano.a(lib_a-memchr.o)
                0x000038c8                memchr
 .text._Balloc  0x000038e4       0x6a c:/program files (x86)/cypress/psoc creator/4.0/psoc creator/import/gnu/arm/4.9.3/bin/../lib/gcc/arm-none-eabi/4.9.3/../../../../arm-none-eabi/lib/armv7-m\libg_nano.a(lib_a-mprec.o)
                0x000038e4                _Balloc
 .text._Bfree   0x0000394e       0x2e c:/program files (x86)/cypress/psoc creator/4.0/psoc creator/import/gnu/arm/4.9.3/bin/../lib/gcc/arm-none-eabi/4.9.3/../../../../arm-none-eabi/lib/armv7-m\libg_nano.a(lib_a-mprec.o)
                0x0000394e                _Bfree
 .text.__multadd
                0x0000397c       0x7c c:/program files (x86)/cypress/psoc creator/4.0/psoc creator/import/gnu/arm/4.9.3/bin/../lib/gcc/arm-none-eabi/4.9.3/../../../../arm-none-eabi/lib/armv7-m\libg_nano.a(lib_a-mprec.o)
                0x0000397c                __multadd
 .text.__hi0bits
                0x000039f8       0x40 c:/program files (x86)/cypress/psoc creator/4.0/psoc creator/import/gnu/arm/4.9.3/bin/../lib/gcc/arm-none-eabi/4.9.3/../../../../arm-none-eabi/lib/armv7-m\libg_nano.a(lib_a-mprec.o)
                0x000039f8                __hi0bits
 .text.__lo0bits
                0x00003a38       0x5a c:/program files (x86)/cypress/psoc creator/4.0/psoc creator/import/gnu/arm/4.9.3/bin/../lib/gcc/arm-none-eabi/4.9.3/../../../../arm-none-eabi/lib/armv7-m\libg_nano.a(lib_a-mprec.o)
                0x00003a38                __lo0bits
 .text.__i2b    0x00003a92       0x12 c:/program files (x86)/cypress/psoc creator/4.0/psoc creator/import/gnu/arm/4.9.3/bin/../lib/gcc/arm-none-eabi/4.9.3/../../../../arm-none-eabi/lib/armv7-m\libg_nano.a(lib_a-mprec.o)
                0x00003a92                __i2b
 .text.__multiply
                0x00003aa4      0x120 c:/program files (x86)/cypress/psoc creator/4.0/psoc creator/import/gnu/arm/4.9.3/bin/../lib/gcc/arm-none-eabi/4.9.3/../../../../arm-none-eabi/lib/armv7-m\libg_nano.a(lib_a-mprec.o)
                0x00003aa4                __multiply
 .text.__pow5mult
                0x00003bc4       0x9c c:/program files (x86)/cypress/psoc creator/4.0/psoc creator/import/gnu/arm/4.9.3/bin/../lib/gcc/arm-none-eabi/4.9.3/../../../../arm-none-eabi/lib/armv7-m\libg_nano.a(lib_a-mprec.o)
                0x00003bc4                __pow5mult
 .text.__lshift
                0x00003c60       0xa6 c:/program files (x86)/cypress/psoc creator/4.0/psoc creator/import/gnu/arm/4.9.3/bin/../lib/gcc/arm-none-eabi/4.9.3/../../../../arm-none-eabi/lib/armv7-m\libg_nano.a(lib_a-mprec.o)
                0x00003c60                __lshift
 .text.__mcmp   0x00003d06       0x38 c:/program files (x86)/cypress/psoc creator/4.0/psoc creator/import/gnu/arm/4.9.3/bin/../lib/gcc/arm-none-eabi/4.9.3/../../../../arm-none-eabi/lib/armv7-m\libg_nano.a(lib_a-mprec.o)
                0x00003d06                __mcmp
 .text.__mdiff  0x00003d3e       0xbe c:/program files (x86)/cypress/psoc creator/4.0/psoc creator/import/gnu/arm/4.9.3/bin/../lib/gcc/arm-none-eabi/4.9.3/../../../../arm-none-eabi/lib/armv7-m\libg_nano.a(lib_a-mprec.o)
                0x00003d3e                __mdiff
 .text.__d2b    0x00003dfc       0xa4 c:/program files (x86)/cypress/psoc creator/4.0/psoc creator/import/gnu/arm/4.9.3/bin/../lib/gcc/arm-none-eabi/4.9.3/../../../../arm-none-eabi/lib/armv7-m\libg_nano.a(lib_a-mprec.o)
                0x00003dfc                __d2b
 .text._calloc_r
                0x00003ea0       0x1c c:/program files (x86)/cypress/psoc creator/4.0/psoc creator/import/gnu/arm/4.9.3/bin/../lib/gcc/arm-none-eabi/4.9.3/../../../../arm-none-eabi/lib/armv7-m\libg_nano.a(lib_a-nano-callocr.o)
                0x00003ea0                _calloc_r
 .text._free_r  0x00003ebc       0x88 c:/program files (x86)/cypress/psoc creator/4.0/psoc creator/import/gnu/arm/4.9.3/bin/../lib/gcc/arm-none-eabi/4.9.3/../../../../arm-none-eabi/lib/armv7-m\libg_nano.a(lib_a-nano-freer.o)
                0x00003ebc                _free_r
 .text._malloc_r
                0x00003f44       0xac c:/program files (x86)/cypress/psoc creator/4.0/psoc creator/import/gnu/arm/4.9.3/bin/../lib/gcc/arm-none-eabi/4.9.3/../../../../arm-none-eabi/lib/armv7-m\libg_nano.a(lib_a-nano-mallocr.o)
                0x00003f44                _malloc_r
 .text.__ssputs_r
                0x00003ff0       0xb2 c:/program files (x86)/cypress/psoc creator/4.0/psoc creator/import/gnu/arm/4.9.3/bin/../lib/gcc/arm-none-eabi/4.9.3/../../../../arm-none-eabi/lib/armv7-m\libg_nano.a(lib_a-nano-svfprintf.o)
                0x00003ff0                __ssputs_r
 *fill*         0x000040a2        0x2 
 .text._svfprintf_r
                0x000040a4      0x1e4 c:/program files (x86)/cypress/psoc creator/4.0/psoc creator/import/gnu/arm/4.9.3/bin/../lib/gcc/arm-none-eabi/4.9.3/../../../../arm-none-eabi/lib/armv7-m\libg_nano.a(lib_a-nano-svfprintf.o)
                0x000040a4                _svfiprintf_r
                0x000040a4                _svfprintf_r
 .text._sbrk_r  0x00004288       0x20 c:/program files (x86)/cypress/psoc creator/4.0/psoc creator/import/gnu/arm/4.9.3/bin/../lib/gcc/arm-none-eabi/4.9.3/../../../../arm-none-eabi/lib/armv7-m\libg_nano.a(lib_a-sbrkr.o)
                0x00004288                _sbrk_r
 .text.memmove  0x000042a8       0x36 c:/program files (x86)/cypress/psoc creator/4.0/psoc creator/import/gnu/arm/4.9.3/bin/../lib/gcc/arm-none-eabi/4.9.3/../../../../arm-none-eabi/lib/armv7-m\libg_nano.a(lib_a-memmove.o)
                0x000042a8                memmove
 .text._realloc_r
                0x000042de       0x4c c:/program files (x86)/cypress/psoc creator/4.0/psoc creator/import/gnu/arm/4.9.3/bin/../lib/gcc/arm-none-eabi/4.9.3/../../../../arm-none-eabi/lib/armv7-m\libg_nano.a(lib_a-nano-reallocr.o)
                0x000042de                _realloc_r
 .text._malloc_usable_size_r
                0x0000432a       0x14 c:/program files (x86)/cypress/psoc creator/4.0/psoc creator/import/gnu/arm/4.9.3/bin/../lib/gcc/arm-none-eabi/4.9.3/../../../../arm-none-eabi/lib/armv7-m\libg_nano.a(lib_a-nano-msizer.o)
                0x0000432a                _malloc_usable_size_r
 *fill*         0x0000433e        0x2 
 .text          0x00004340       0x50 c:/program files (x86)/cypress/psoc creator/4.0/psoc creator/import/gnu/arm/4.9.3/bin/../lib/gcc/arm-none-eabi/4.9.3/armv7-m\libgcc.a(_arm_fixdfsi.o)
                0x00004340                __aeabi_d2iz
                0x00004340                __fixdfsi
 *(.plt)
 *(.gnu.warning)
 *(.glue_7t)
 .glue_7t       0x00000000        0x0 linker stubs
 *(.glue_7)
 .glue_7        0x00000000        0x0 linker stubs
 *(.vfp11_veneer)
 .vfp11_veneer  0x00000000        0x0 linker stubs
 *(.bootloader)
 *(.ARM.extab* .gnu.linkonce.armextab.*)
 *(.gcc_except_table)

.v4_bx          0x00004390        0x0
 .v4_bx         0x00000000        0x0 linker stubs

.iplt           0x00004390        0x0
 .iplt          0x00000000        0x0 c:/program files (x86)/cypress/psoc creator/4.0/psoc creator/import/gnu/arm/4.9.3/bin/../lib/gcc/arm-none-eabi/4.9.3/armv7-m/crtbegin.o

.eh_frame_hdr
 *(.eh_frame_hdr)

.eh_frame       0x00004390        0x4
 *(.eh_frame)
 .eh_frame      0x00004390        0x0 c:/program files (x86)/cypress/psoc creator/4.0/psoc creator/import/gnu/arm/4.9.3/bin/../lib/gcc/arm-none-eabi/4.9.3/armv7-m/crtbegin.o
 .eh_frame      0x00004390        0x0 c:/program files (x86)/cypress/psoc creator/4.0/psoc creator/import/gnu/arm/4.9.3/bin/../lib/gcc/arm-none-eabi/4.9.3/../../../../arm-none-eabi/lib/armv7-m\libg_nano.a(lib_a-strcmp.o)
                                 0x28 (size before relaxing)
 .eh_frame      0x00004390        0x4 c:/program files (x86)/cypress/psoc creator/4.0/psoc creator/import/gnu/arm/4.9.3/bin/../lib/gcc/arm-none-eabi/4.9.3/armv7-m/crtend.o
                0x00004394                PROVIDE (__exidx_start, .)

.ARM.exidx
 *(.ARM.exidx* .gnu.linkonce.armexidx.*)
                0x00004394                __exidx_end = .

.rodata         0x00004398      0x208
 *(.rodata .rodata.* .gnu.linkonce.r.*)
 .rodata.str1.4
                0x00004398       0x30 .\CortexM3\ARM_GCC_493\Debug\main.o
 .rodata        0x000043c8       0x44 .\CortexM3\ARM_GCC_493\Debug\Design01.a(cyfitter_cfg.o)
                0x000043c8                ADC_AMux__addrTable
                0x000043d0                ADC_AMux__maskTable
 .rodata.str1.1
                0x0000440c        0x2 c:/program files (x86)/cypress/psoc creator/4.0/psoc creator/import/gnu/arm/4.9.3/bin/../lib/gcc/arm-none-eabi/4.9.3/../../../../arm-none-eabi/lib/armv7-m\libg_nano.a(lib_a-impure.o)
 .rodata.str1.1
                0x0000440e       0x12 c:/program files (x86)/cypress/psoc creator/4.0/psoc creator/import/gnu/arm/4.9.3/bin/../lib/gcc/arm-none-eabi/4.9.3/../../../../arm-none-eabi/lib/armv7-m\libg_nano.a(lib_a-nano-vfprintf_float.o)
 .rodata.str1.1
                0x00004420       0x22 c:/program files (x86)/cypress/psoc creator/4.0/psoc creator/import/gnu/arm/4.9.3/bin/../lib/gcc/arm-none-eabi/4.9.3/../../../../arm-none-eabi/lib/armv7-m\libg_nano.a(lib_a-nano-vfprintf_i.o)
 .rodata.str1.1
                0x00004442        0xd c:/program files (x86)/cypress/psoc creator/4.0/psoc creator/import/gnu/arm/4.9.3/bin/../lib/gcc/arm-none-eabi/4.9.3/../../../../arm-none-eabi/lib/armv7-m\libg_nano.a(lib_a-dtoa.o)
                                  0xf (size before relaxing)
 .rodata.str1.1
                0x0000444f        0x8 c:/program files (x86)/cypress/psoc creator/4.0/psoc creator/import/gnu/arm/4.9.3/bin/../lib/gcc/arm-none-eabi/4.9.3/../../../../arm-none-eabi/lib/armv7-m\libg_nano.a(lib_a-locale.o)
                                  0xb (size before relaxing)
 *fill*         0x00004457        0x1 
 .rodata.__mprec_tens
                0x00004458       0xc8 c:/program files (x86)/cypress/psoc creator/4.0/psoc creator/import/gnu/arm/4.9.3/bin/../lib/gcc/arm-none-eabi/4.9.3/../../../../arm-none-eabi/lib/armv7-m\libg_nano.a(lib_a-mprec.o)
                0x00004458                __mprec_tens
 .rodata.__mprec_bigtens
                0x00004520       0x28 c:/program files (x86)/cypress/psoc creator/4.0/psoc creator/import/gnu/arm/4.9.3/bin/../lib/gcc/arm-none-eabi/4.9.3/../../../../arm-none-eabi/lib/armv7-m\libg_nano.a(lib_a-mprec.o)
                0x00004520                __mprec_bigtens
 .rodata.p05.5308
                0x00004548        0xc c:/program files (x86)/cypress/psoc creator/4.0/psoc creator/import/gnu/arm/4.9.3/bin/../lib/gcc/arm-none-eabi/4.9.3/../../../../arm-none-eabi/lib/armv7-m\libg_nano.a(lib_a-mprec.o)
 .rodata.str1.1
                0x00004554       0x11 c:/program files (x86)/cypress/psoc creator/4.0/psoc creator/import/gnu/arm/4.9.3/bin/../lib/gcc/arm-none-eabi/4.9.3/../../../../arm-none-eabi/lib/armv7-m\libg_nano.a(lib_a-nano-svfprintf.o)
                0x00004568                . = ALIGN (0x4)
 *fill*         0x00004565        0x3 
 *(.init)
 .init          0x00004568        0x4 c:/program files (x86)/cypress/psoc creator/4.0/psoc creator/import/gnu/arm/4.9.3/bin/../lib/gcc/arm-none-eabi/4.9.3/armv7-m/crti.o
                0x00004568                _init
 .init          0x0000456c        0x8 c:/program files (x86)/cypress/psoc creator/4.0/psoc creator/import/gnu/arm/4.9.3/bin/../lib/gcc/arm-none-eabi/4.9.3/armv7-m/crtn.o
                0x00004574                . = ALIGN (0x4)
                0x00004574                __preinit_array_start = .
 *(.preinit_array)
                0x00004574                __preinit_array_end = .
                0x00004574                . = ALIGN (0x4)
                0x00004574                __init_array_start = .
 *(SORT(.init_array.*))
 *(.init_array)
 .init_array    0x00004574        0x4 c:/program files (x86)/cypress/psoc creator/4.0/psoc creator/import/gnu/arm/4.9.3/bin/../lib/gcc/arm-none-eabi/4.9.3/armv7-m/crtbegin.o
 .init_array    0x00004578        0x4 .\CortexM3\ARM_GCC_493\Debug\Cm3Start.o
                0x0000457c                __init_array_end = .
                0x0000457c                . = ALIGN (0x4)
 *(.fini)
 .fini          0x0000457c        0x4 c:/program files (x86)/cypress/psoc creator/4.0/psoc creator/import/gnu/arm/4.9.3/bin/../lib/gcc/arm-none-eabi/4.9.3/armv7-m/crti.o
                0x0000457c                _fini
 .fini          0x00004580        0x8 c:/program files (x86)/cypress/psoc creator/4.0/psoc creator/import/gnu/arm/4.9.3/bin/../lib/gcc/arm-none-eabi/4.9.3/armv7-m/crtn.o
                0x00004588                . = ALIGN (0x4)
                0x00004588                __fini_array_start = .
 *(.fini_array)
 .fini_array    0x00004588        0x4 c:/program files (x86)/cypress/psoc creator/4.0/psoc creator/import/gnu/arm/4.9.3/bin/../lib/gcc/arm-none-eabi/4.9.3/armv7-m/crtbegin.o
 *(SORT(.fini_array.*))
                0x0000458c                __fini_array_end = .
                0x0000458c                . = ALIGN (0x4)
 *crtbegin.o(.ctors)
 *(EXCLUDE_FILE(*crtend.o) .ctors)
 *(SORT(.ctors.*))
 *crtend.o(.ctors)
                0x0000458c                . = ALIGN (0x4)
 *crtbegin.o(.dtors)
 *(EXCLUDE_FILE(*crtend.o) .dtors)
 *(SORT(.dtors.*))
 *crtend.o(.dtors)
                0x0000458c                . = ALIGN (0x4)
                0x0000458c                __cy_regions = .
                0x0000458c        0x4 LONG 0x45a0 __cy_region_init_ram
                0x00004590        0x4 LONG 0x1fff8108 __cy_region_start_data
                0x00004594        0x4 LONG 0xb8 __cy_region_init_size_ram
                0x00004598        0x4 LONG 0x80 __cy_region_zero_size_ram
                0x0000459c                __cy_regions_end = .
                0x000045a0                . = ALIGN (0x8)
 *fill*         0x0000459c        0x4 
                0x000045a0                _etext = .

.cy_checksum_exclude
                0x000045a0        0x0
 *(.cy_checksum_exclude)

.ramvectors     0x1fff8000      0x100
                0x1fff8000                __cy_region_start_ram = .
 *(.ramvectors)
 .ramvectors    0x1fff8000      0x100 .\CortexM3\ARM_GCC_493\Debug\Cm3Start.o
                0x1fff8000                CyRamVectors

.noinit         0x1fff8100        0x5
 *(.noinit)
 .noinit        0x1fff8100        0x4 .\CortexM3\ARM_GCC_493\Debug\Cm3Start.o
 .noinit        0x1fff8104        0x1 .\CortexM3\ARM_GCC_493\Debug\Design01.a(CyLib.o)
                0x1fff8104                CyResetStatus

.data           0x1fff8108       0xb8 load address 0x000045a0
                0x1fff8108                __cy_region_start_data = .
 *(.jcr)
 .jcr           0x1fff8108        0x0 c:/program files (x86)/cypress/psoc creator/4.0/psoc creator/import/gnu/arm/4.9.3/bin/../lib/gcc/arm-none-eabi/4.9.3/armv7-m/crtbegin.o
 .jcr           0x1fff8108        0x4 c:/program files (x86)/cypress/psoc creator/4.0/psoc creator/import/gnu/arm/4.9.3/bin/../lib/gcc/arm-none-eabi/4.9.3/armv7-m/crtend.o
 *(.got.plt)
 *(.got)
 *(.shdata)
 *(.data .data.* .gnu.linkonce.d.*)
 .data          0x1fff810c        0x4 .\CortexM3\ARM_GCC_493\Debug\Cm3Start.o
 .data          0x1fff8110        0x1 .\CortexM3\ARM_GCC_493\Debug\Design01.a(ADC.o)
                0x1fff8110                ADC_Config
 .data          0x1fff8111        0x1 .\CortexM3\ARM_GCC_493\Debug\Design01.a(ADC_AMux.o)
 *fill*         0x1fff8112        0x2 
 .data          0x1fff8114       0x10 .\CortexM3\ARM_GCC_493\Debug\Design01.a(CyLib.o)
                0x1fff8114                cydelay_32k_ms
                0x1fff8118                cydelay_freq_khz
                0x1fff811c                cydelay_freq_mhz
                0x1fff8120                cydelay_freq_hz
 .data.impure_data
                0x1fff8124       0x60 c:/program files (x86)/cypress/psoc creator/4.0/psoc creator/import/gnu/arm/4.9.3/bin/../lib/gcc/arm-none-eabi/4.9.3/../../../../arm-none-eabi/lib/armv7-m\libg_nano.a(lib_a-impure.o)
 .data._impure_ptr
                0x1fff8184        0x4 c:/program files (x86)/cypress/psoc creator/4.0/psoc creator/import/gnu/arm/4.9.3/bin/../lib/gcc/arm-none-eabi/4.9.3/../../../../arm-none-eabi/lib/armv7-m\libg_nano.a(lib_a-impure.o)
                0x1fff8184                _impure_ptr
 .data.lconv    0x1fff8188       0x38 c:/program files (x86)/cypress/psoc creator/4.0/psoc creator/import/gnu/arm/4.9.3/bin/../lib/gcc/arm-none-eabi/4.9.3/../../../../arm-none-eabi/lib/armv7-m\libg_nano.a(lib_a-locale.o)
                0x1fff81c0                . = ALIGN (0x8)
 *(.ram)
                0x1fff81c0                _edata = .

.igot.plt       0x1fff81c0        0x0 load address 0x00004658
 .igot.plt      0x00000000        0x0 c:/program files (x86)/cypress/psoc creator/4.0/psoc creator/import/gnu/arm/4.9.3/bin/../lib/gcc/arm-none-eabi/4.9.3/armv7-m/crtbegin.o

.bss            0x1fff81c0       0x80 load address 0x00004658
                0x1fff81c0                PROVIDE (__bss_start__, .)
 *(.shbss)
 *(.bss .bss.* .gnu.linkonce.b.*)
 .bss           0x1fff81c0       0x1c c:/program files (x86)/cypress/psoc creator/4.0/psoc creator/import/gnu/arm/4.9.3/bin/../lib/gcc/arm-none-eabi/4.9.3/armv7-m/crtbegin.o
 .bss           0x1fff81dc       0x3c .\CortexM3\ARM_GCC_493\Debug\main.o
                0x1fff81dc                data
                0x1fff81e0                volts
                0x1fff81e4                angulo
                0x1fff81e8                ContInt
                0x1fff81ec                value_counter
                0x1fff81f0                distancia
                0x1fff81f4                displayStrLCD
                0x1fff8204                displayStrUART
                0x1fff8214                tiempo
 .bss           0x1fff8218        0x1 .\CortexM3\ARM_GCC_493\Debug\Design01.a(Timer.o)
                0x1fff8218                Timer_initVar
 *fill*         0x1fff8219        0x3 
 .bss           0x1fff821c        0x8 .\CortexM3\ARM_GCC_493\Debug\Design01.a(ADC.o)
                0x1fff8220                ADC_stopConversion
                0x1fff8221                ADC_convDone
                0x1fff8222                ADC_initVar
                0x1fff8223                ADC_started
 .bss           0x1fff8224        0x2 .\CortexM3\ARM_GCC_493\Debug\Design01.a(LCD.o)
                0x1fff8224                LCD_enableState
                0x1fff8225                LCD_initVar
 .bss           0x1fff8226        0x2 .\CortexM3\ARM_GCC_493\Debug\Design01.a(UART.o)
                0x1fff8226                UART_initVar
 .bss           0x1fff8228        0x1 .\CortexM3\ARM_GCC_493\Debug\Design01.a(Timer2.o)
                0x1fff8228                Timer2_initVar
 .bss           0x1fff8229        0x1 .\CortexM3\ARM_GCC_493\Debug\Design01.a(T1.o)
                0x1fff8229                T1_initVar
 *fill*         0x1fff822a        0x2 
 .bss.__malloc_sbrk_start
                0x1fff822c        0x4 c:/program files (x86)/cypress/psoc creator/4.0/psoc creator/import/gnu/arm/4.9.3/bin/../lib/gcc/arm-none-eabi/4.9.3/../../../../arm-none-eabi/lib/armv7-m\libg_nano.a(lib_a-nano-mallocr.o)
                0x1fff822c                __malloc_sbrk_start
 .bss.__malloc_free_list
                0x1fff8230        0x4 c:/program files (x86)/cypress/psoc creator/4.0/psoc creator/import/gnu/arm/4.9.3/bin/../lib/gcc/arm-none-eabi/4.9.3/../../../../arm-none-eabi/lib/armv7-m\libg_nano.a(lib_a-nano-mallocr.o)
                0x1fff8230                __malloc_free_list
 *(COMMON)
 COMMON         0x1fff8234        0x8 .\CortexM3\ARM_GCC_493\Debug\Design01.a(ADC.o)
                0x1fff8234                ADC_Offset
                0x1fff8238                ADC_CountsPerVolt
 COMMON         0x1fff823c        0x4 c:/program files (x86)/cypress/psoc creator/4.0/psoc creator/import/gnu/arm/4.9.3/bin/../lib/gcc/arm-none-eabi/4.9.3/../../../../arm-none-eabi/lib/armv7-m\libg_nano.a(lib_a-reent.o)
                0x1fff823c                errno
                0x1fff8240                . = ALIGN (0x8)
 *(.ram.b)
                0x1fff8240                _end = .
                0x1fff8240                __end = .
                0x1fff8240                PROVIDE (end, .)
                0x1fff8240                PROVIDE (__bss_end__, .)
                0x000045a0                __cy_region_init_ram = LOADADDR (.data)
                0x000000b8                __cy_region_init_size_ram = (_edata - ADDR (.data))
                0x00000080                __cy_region_zero_size_ram = (_end - _edata)

.heap           0x1fff8240      0x200 load address 0x00004658
                0x1fff8240                . = _end
                0x1fff8440                . = (. + 0x200)
 *fill*         0x1fff8240      0x200 
                0x1fff8440                __cy_heap_limit = .

.stack          0x20007800      0x800
                0x20007800                __cy_stack_limit = .
                0x20008000                . = (. + 0x800)
 *fill*         0x20007800      0x800 
                0x00000001                ASSERT ((__cy_stack_limit >= __cy_heap_limit), region RAM overflowed with stack)
                0x00000000                cy_checksum_exclude_size = (CY_APPL_LOADABLE == 0x1)?SIZEOF (.cy_checksum_exclude):0x0
                0x00000001                ASSERT ((cy_checksum_exclude_size <= CY_CHECKSUM_EXCLUDE_SIZE), CY_BOOT: Section .cy_checksum_exclude size exceedes specified limit.)

.cyloadermeta
 *(.cyloadermeta)

.cyloadablemeta
 *(.cyloadablemeta)

.cyconfigecc    0x80000000      0x618
 *(.cyconfigecc)
 .cyconfigecc   0x80000000      0x618 .\CortexM3\ARM_GCC_493\Debug\cymetadata.o
                0x80000000                cy_meta_configecc

.cycustnvl      0x90000000        0x4
 *(.cycustnvl)
 .cycustnvl     0x90000000        0x4 .\CortexM3\ARM_GCC_493\Debug\cymetadata.o
                0x90000000                cy_meta_custnvl

.cywolatch      0x90100000        0x4
 *(.cywolatch)
 .cywolatch     0x90100000        0x4 .\CortexM3\ARM_GCC_493\Debug\cymetadata.o
                0x90100000                cy_meta_wonvl

.cyeeprom       0x90200000        0x0
 *(.cyeeprom)
                0x00000001                ASSERT ((. <= ((0x90200000 + ee_offset) + ee_size)), .cyeeprom data will not fit in EEPROM)

.cyflashprotect
                0x90400000      0x100
 *(.cyflashprotect)
 .cyflashprotect
                0x90400000      0x100 .\CortexM3\ARM_GCC_493\Debug\cymetadata.o
                0x90400000                cy_meta_flashprotect

.cymeta         0x90500000        0xc
 *(.cymeta)
 .cymeta        0x90500000        0xc .\CortexM3\ARM_GCC_493\Debug\cymetadata.o
                0x90500000                cy_metadata

.rel.dyn        0x00004658        0x0 load address 0x9050000c
 .rel.iplt      0x00000000        0x0 c:/program files (x86)/cypress/psoc creator/4.0/psoc creator/import/gnu/arm/4.9.3/bin/../lib/gcc/arm-none-eabi/4.9.3/armv7-m/crtbegin.o

.stab
 *(.stab)

.stabstr
 *(.stabstr)

.debug
 *(.debug)

.line
 *(.line)

.debug_srcinfo
 *(.debug_srcinfo)

.debug_sfnames
 *(.debug_sfnames)

.debug_aranges  0x00000000      0xc18
 *(.debug_aranges)
 .debug_aranges
                0x00000000       0x28 .\CortexM3\ARM_GCC_493\Debug\main.o
 .debug_aranges
                0x00000028       0x18 .\CortexM3\ARM_GCC_493\Debug\cymetadata.o
 .debug_aranges
                0x00000040       0x48 .\CortexM3\ARM_GCC_493\Debug\Cm3Start.o
 .debug_aranges
                0x00000088       0x68 .\CortexM3\ARM_GCC_493\Debug\Design01.a(cyfitter_cfg.o)
 .debug_aranges
                0x000000f0       0x90 .\CortexM3\ARM_GCC_493\Debug\Design01.a(Timer.o)
 .debug_aranges
                0x00000180       0xe8 .\CortexM3\ARM_GCC_493\Debug\Design01.a(ADC.o)
 .debug_aranges
                0x00000268       0x38 .\CortexM3\ARM_GCC_493\Debug\Design01.a(ADC_INT.o)
 .debug_aranges
                0x000002a0       0x80 .\CortexM3\ARM_GCC_493\Debug\Design01.a(isr_10.o)
 .debug_aranges
                0x00000320       0x30 .\CortexM3\ARM_GCC_493\Debug\Design01.a(ADC_AMux.o)
 .debug_aranges
                0x00000350       0x70 .\CortexM3\ARM_GCC_493\Debug\Design01.a(ADC_Ext_CP_Clk.o)
 .debug_aranges
                0x000003c0       0x80 .\CortexM3\ARM_GCC_493\Debug\Design01.a(ADC_theACLK.o)
 .debug_aranges
                0x00000440      0x2a0 .\CortexM3\ARM_GCC_493\Debug\Design01.a(CyLib.o)
 .debug_aranges
                0x000006e0       0x98 .\CortexM3\ARM_GCC_493\Debug\Design01.a(cyPm.o)
 .debug_aranges
                0x00000778       0x20 .\CortexM3\ARM_GCC_493\Debug\Design01.a(cyutils.o)
 .debug_aranges
                0x00000798       0x98 .\CortexM3\ARM_GCC_493\Debug\Design01.a(LCD.o)
 .debug_aranges
                0x00000830       0xf0 .\CortexM3\ARM_GCC_493\Debug\Design01.a(UART.o)
 .debug_aranges
                0x00000920       0x70 .\CortexM3\ARM_GCC_493\Debug\Design01.a(UART_IntClock.o)
 .debug_aranges
                0x00000990       0x88 .\CortexM3\ARM_GCC_493\Debug\Design01.a(Timer2.o)
 .debug_aranges
                0x00000a18       0x28 .\CortexM3\ARM_GCC_493\Debug\Design01.a(Trigger_out.o)
 .debug_aranges
                0x00000a40       0x38 .\CortexM3\ARM_GCC_493\Debug\Design01.a(echo.o)
 .debug_aranges
                0x00000a78       0x88 .\CortexM3\ARM_GCC_493\Debug\Design01.a(T1.o)
 .debug_aranges
                0x00000b00       0x20 .\CortexM3\ARM_GCC_493\Debug\Design01.a(CyBootAsmGnu.o)
 .debug_aranges
                0x00000b20       0x80 .\CortexM3\ARM_GCC_493\Debug\Design01.a(CyFlash.o)
 .debug_aranges
                0x00000ba0       0x78 .\CortexM3\ARM_GCC_493\Debug\Design01.a(CySpc.o)

.debug_pubnames
 *(.debug_pubnames)

.debug_info     0x00000000     0x6943
 *(.debug_info .gnu.linkonce.wi.*)
 .debug_info    0x00000000      0x54d .\CortexM3\ARM_GCC_493\Debug\main.o
 .debug_info    0x0000054d      0x13d .\CortexM3\ARM_GCC_493\Debug\cymetadata.o
 .debug_info    0x0000068a      0x3b3 .\CortexM3\ARM_GCC_493\Debug\Cm3Start.o
 .debug_info    0x00000a3d      0x60e .\CortexM3\ARM_GCC_493\Debug\Design01.a(cyfitter_cfg.o)
 .debug_info    0x0000104b      0x340 .\CortexM3\ARM_GCC_493\Debug\Design01.a(Timer.o)
 .debug_info    0x0000138b      0xa7a .\CortexM3\ARM_GCC_493\Debug\Design01.a(ADC.o)
 .debug_info    0x00001e05       0xcc .\CortexM3\ARM_GCC_493\Debug\Design01.a(ADC_INT.o)
 .debug_info    0x00001ed1      0x2cb .\CortexM3\ARM_GCC_493\Debug\Design01.a(isr_10.o)
 .debug_info    0x0000219c      0x16d .\CortexM3\ARM_GCC_493\Debug\Design01.a(ADC_AMux.o)
 .debug_info    0x00002309      0x283 .\CortexM3\ARM_GCC_493\Debug\Design01.a(ADC_Ext_CP_Clk.o)
 .debug_info    0x0000258c      0x2c4 .\CortexM3\ARM_GCC_493\Debug\Design01.a(ADC_theACLK.o)
 .debug_info    0x00002850     0x1385 .\CortexM3\ARM_GCC_493\Debug\Design01.a(CyLib.o)
 .debug_info    0x00003bd5      0xa57 .\CortexM3\ARM_GCC_493\Debug\Design01.a(cyPm.o)
 .debug_info    0x0000462c       0xee .\CortexM3\ARM_GCC_493\Debug\Design01.a(cyutils.o)
 .debug_info    0x0000471a      0x716 .\CortexM3\ARM_GCC_493\Debug\Design01.a(LCD.o)
 .debug_info    0x00004e30      0x603 .\CortexM3\ARM_GCC_493\Debug\Design01.a(UART.o)
 .debug_info    0x00005433      0x283 .\CortexM3\ARM_GCC_493\Debug\Design01.a(UART_IntClock.o)
 .debug_info    0x000056b6      0x28c .\CortexM3\ARM_GCC_493\Debug\Design01.a(Timer2.o)
 .debug_info    0x00005942       0xd6 .\CortexM3\ARM_GCC_493\Debug\Design01.a(Trigger_out.o)
 .debug_info    0x00005a18      0x121 .\CortexM3\ARM_GCC_493\Debug\Design01.a(echo.o)
 .debug_info    0x00005b39      0x28c .\CortexM3\ARM_GCC_493\Debug\Design01.a(T1.o)
 .debug_info    0x00005dc5       0x8c .\CortexM3\ARM_GCC_493\Debug\Design01.a(CyBootAsmGnu.o)
 .debug_info    0x00005e51      0x608 .\CortexM3\ARM_GCC_493\Debug\Design01.a(CyFlash.o)
 .debug_info    0x00006459      0x4ea .\CortexM3\ARM_GCC_493\Debug\Design01.a(CySpc.o)

.debug_abbrev   0x00000000     0x1ec0
 *(.debug_abbrev)
 .debug_abbrev  0x00000000      0x175 .\CortexM3\ARM_GCC_493\Debug\main.o
 .debug_abbrev  0x00000175       0x77 .\CortexM3\ARM_GCC_493\Debug\cymetadata.o
 .debug_abbrev  0x000001ec      0x1f7 .\CortexM3\ARM_GCC_493\Debug\Cm3Start.o
 .debug_abbrev  0x000003e3      0x210 .\CortexM3\ARM_GCC_493\Debug\Design01.a(cyfitter_cfg.o)
 .debug_abbrev  0x000005f3      0x170 .\CortexM3\ARM_GCC_493\Debug\Design01.a(Timer.o)
 .debug_abbrev  0x00000763      0x21f .\CortexM3\ARM_GCC_493\Debug\Design01.a(ADC.o)
 .debug_abbrev  0x00000982       0x42 .\CortexM3\ARM_GCC_493\Debug\Design01.a(ADC_INT.o)
 .debug_abbrev  0x000009c4      0x173 .\CortexM3\ARM_GCC_493\Debug\Design01.a(isr_10.o)
 .debug_abbrev  0x00000b37       0xcb .\CortexM3\ARM_GCC_493\Debug\Design01.a(ADC_AMux.o)
 .debug_abbrev  0x00000c02      0x139 .\CortexM3\ARM_GCC_493\Debug\Design01.a(ADC_Ext_CP_Clk.o)
 .debug_abbrev  0x00000d3b      0x121 .\CortexM3\ARM_GCC_493\Debug\Design01.a(ADC_theACLK.o)
 .debug_abbrev  0x00000e5c      0x296 .\CortexM3\ARM_GCC_493\Debug\Design01.a(CyLib.o)
 .debug_abbrev  0x000010f2      0x1ed .\CortexM3\ARM_GCC_493\Debug\Design01.a(cyPm.o)
 .debug_abbrev  0x000012df       0x8e .\CortexM3\ARM_GCC_493\Debug\Design01.a(cyutils.o)
 .debug_abbrev  0x0000136d      0x171 .\CortexM3\ARM_GCC_493\Debug\Design01.a(LCD.o)
 .debug_abbrev  0x000014de      0x1a2 .\CortexM3\ARM_GCC_493\Debug\Design01.a(UART.o)
 .debug_abbrev  0x00001680      0x139 .\CortexM3\ARM_GCC_493\Debug\Design01.a(UART_IntClock.o)
 .debug_abbrev  0x000017b9      0x11a .\CortexM3\ARM_GCC_493\Debug\Design01.a(Timer2.o)
 .debug_abbrev  0x000018d3       0x81 .\CortexM3\ARM_GCC_493\Debug\Design01.a(Trigger_out.o)
 .debug_abbrev  0x00001954       0x90 .\CortexM3\ARM_GCC_493\Debug\Design01.a(echo.o)
 .debug_abbrev  0x000019e4      0x11a .\CortexM3\ARM_GCC_493\Debug\Design01.a(T1.o)
 .debug_abbrev  0x00001afe       0x14 .\CortexM3\ARM_GCC_493\Debug\Design01.a(CyBootAsmGnu.o)
 .debug_abbrev  0x00001b12      0x1ed .\CortexM3\ARM_GCC_493\Debug\Design01.a(CyFlash.o)
 .debug_abbrev  0x00001cff      0x1c1 .\CortexM3\ARM_GCC_493\Debug\Design01.a(CySpc.o)

.debug_line     0x00000000     0x2b6f
 *(.debug_line)
 .debug_line    0x00000000      0x231 .\CortexM3\ARM_GCC_493\Debug\main.o
 .debug_line    0x00000231       0x51 .\CortexM3\ARM_GCC_493\Debug\cymetadata.o
 .debug_line    0x00000282      0x24f .\CortexM3\ARM_GCC_493\Debug\Cm3Start.o
 .debug_line    0x000004d1      0x22b .\CortexM3\ARM_GCC_493\Debug\Design01.a(cyfitter_cfg.o)
 .debug_line    0x000006fc      0x170 .\CortexM3\ARM_GCC_493\Debug\Design01.a(Timer.o)
 .debug_line    0x0000086c      0x363 .\CortexM3\ARM_GCC_493\Debug\Design01.a(ADC.o)
 .debug_line    0x00000bcf       0x80 .\CortexM3\ARM_GCC_493\Debug\Design01.a(ADC_INT.o)
 .debug_line    0x00000c4f      0x133 .\CortexM3\ARM_GCC_493\Debug\Design01.a(isr_10.o)
 .debug_line    0x00000d82       0xac .\CortexM3\ARM_GCC_493\Debug\Design01.a(ADC_AMux.o)
 .debug_line    0x00000e2e      0x17d .\CortexM3\ARM_GCC_493\Debug\Design01.a(ADC_Ext_CP_Clk.o)
 .debug_line    0x00000fab      0x19d .\CortexM3\ARM_GCC_493\Debug\Design01.a(ADC_theACLK.o)
 .debug_line    0x00001148      0x816 .\CortexM3\ARM_GCC_493\Debug\Design01.a(CyLib.o)
 .debug_line    0x0000195e      0x364 .\CortexM3\ARM_GCC_493\Debug\Design01.a(cyPm.o)
 .debug_line    0x00001cc2       0x60 .\CortexM3\ARM_GCC_493\Debug\Design01.a(cyutils.o)
 .debug_line    0x00001d22      0x1dc .\CortexM3\ARM_GCC_493\Debug\Design01.a(LCD.o)
 .debug_line    0x00001efe      0x2bc .\CortexM3\ARM_GCC_493\Debug\Design01.a(UART.o)
 .debug_line    0x000021ba      0x17c .\CortexM3\ARM_GCC_493\Debug\Design01.a(UART_IntClock.o)
 .debug_line    0x00002336      0x159 .\CortexM3\ARM_GCC_493\Debug\Design01.a(Timer2.o)
 .debug_line    0x0000248f       0x73 .\CortexM3\ARM_GCC_493\Debug\Design01.a(Trigger_out.o)
 .debug_line    0x00002502       0x91 .\CortexM3\ARM_GCC_493\Debug\Design01.a(echo.o)
 .debug_line    0x00002593      0x150 .\CortexM3\ARM_GCC_493\Debug\Design01.a(T1.o)
 .debug_line    0x000026e3       0x66 .\CortexM3\ARM_GCC_493\Debug\Design01.a(CyBootAsmGnu.o)
 .debug_line    0x00002749      0x1ea .\CortexM3\ARM_GCC_493\Debug\Design01.a(CyFlash.o)
 .debug_line    0x00002933      0x23c .\CortexM3\ARM_GCC_493\Debug\Design01.a(CySpc.o)

.debug_frame    0x00000000     0x2530
 *(.debug_frame)
 .debug_frame   0x00000000       0x48 .\CortexM3\ARM_GCC_493\Debug\main.o
 .debug_frame   0x00000048       0xb8 .\CortexM3\ARM_GCC_493\Debug\Cm3Start.o
 .debug_frame   0x00000100      0x104 .\CortexM3\ARM_GCC_493\Debug\Design01.a(cyfitter_cfg.o)
 .debug_frame   0x00000204      0x13c .\CortexM3\ARM_GCC_493\Debug\Design01.a(Timer.o)
 .debug_frame   0x00000340      0x290 .\CortexM3\ARM_GCC_493\Debug\Design01.a(ADC.o)
 .debug_frame   0x000005d0       0x50 .\CortexM3\ARM_GCC_493\Debug\Design01.a(ADC_INT.o)
 .debug_frame   0x00000620      0x104 .\CortexM3\ARM_GCC_493\Debug\Design01.a(isr_10.o)
 .debug_frame   0x00000724       0x64 .\CortexM3\ARM_GCC_493\Debug\Design01.a(ADC_AMux.o)
 .debug_frame   0x00000788       0xe0 .\CortexM3\ARM_GCC_493\Debug\Design01.a(ADC_Ext_CP_Clk.o)
 .debug_frame   0x00000868      0x100 .\CortexM3\ARM_GCC_493\Debug\Design01.a(ADC_theACLK.o)
 .debug_frame   0x00000968      0x738 .\CortexM3\ARM_GCC_493\Debug\Design01.a(CyLib.o)
 .debug_frame   0x000010a0      0x1f8 .\CortexM3\ARM_GCC_493\Debug\Design01.a(cyPm.o)
 .debug_frame   0x00001298       0x20 .\CortexM3\ARM_GCC_493\Debug\Design01.a(cyutils.o)
 .debug_frame   0x000012b8      0x1e4 .\CortexM3\ARM_GCC_493\Debug\Design01.a(LCD.o)
 .debug_frame   0x0000149c      0x250 .\CortexM3\ARM_GCC_493\Debug\Design01.a(UART.o)
 .debug_frame   0x000016ec       0xe0 .\CortexM3\ARM_GCC_493\Debug\Design01.a(UART_IntClock.o)
 .debug_frame   0x000017cc      0x108 .\CortexM3\ARM_GCC_493\Debug\Design01.a(Timer2.o)
 .debug_frame   0x000018d4       0x30 .\CortexM3\ARM_GCC_493\Debug\Design01.a(Trigger_out.o)
 .debug_frame   0x00001904       0x50 .\CortexM3\ARM_GCC_493\Debug\Design01.a(echo.o)
 .debug_frame   0x00001954      0x108 .\CortexM3\ARM_GCC_493\Debug\Design01.a(T1.o)
 .debug_frame   0x00001a5c      0x174 .\CortexM3\ARM_GCC_493\Debug\Design01.a(CyFlash.o)
 .debug_frame   0x00001bd0      0x160 .\CortexM3\ARM_GCC_493\Debug\Design01.a(CySpc.o)
 .debug_frame   0x00001d30       0x20 c:/program files (x86)/cypress/psoc creator/4.0/psoc creator/import/gnu/arm/4.9.3/bin/../lib/gcc/arm-none-eabi/4.9.3/../../../../arm-none-eabi/lib/armv7-m\libg_nano.a(lib_a-errno.o)
 .debug_frame   0x00001d50       0x28 c:/program files (x86)/cypress/psoc creator/4.0/psoc creator/import/gnu/arm/4.9.3/bin/../lib/gcc/arm-none-eabi/4.9.3/../../../../arm-none-eabi/lib/armv7-m\libg_nano.a(lib_a-exit.o)
 .debug_frame   0x00001d78       0x2c c:/program files (x86)/cypress/psoc creator/4.0/psoc creator/import/gnu/arm/4.9.3/bin/../lib/gcc/arm-none-eabi/4.9.3/../../../../arm-none-eabi/lib/armv7-m\libg_nano.a(lib_a-init.o)
 .debug_frame   0x00001da4       0x28 c:/program files (x86)/cypress/psoc creator/4.0/psoc creator/import/gnu/arm/4.9.3/bin/../lib/gcc/arm-none-eabi/4.9.3/../../../../arm-none-eabi/lib/armv7-m\libg_nano.a(lib_a-memcpy.o)
 .debug_frame   0x00001dcc       0x20 c:/program files (x86)/cypress/psoc creator/4.0/psoc creator/import/gnu/arm/4.9.3/bin/../lib/gcc/arm-none-eabi/4.9.3/../../../../arm-none-eabi/lib/armv7-m\libg_nano.a(lib_a-memset.o)
 .debug_frame   0x00001dec       0x8c c:/program files (x86)/cypress/psoc creator/4.0/psoc creator/import/gnu/arm/4.9.3/bin/../lib/gcc/arm-none-eabi/4.9.3/../../../../arm-none-eabi/lib/armv7-m\libg_nano.a(lib_a-nano-vfprintf_float.o)
 .debug_frame   0x00001e78       0x58 c:/program files (x86)/cypress/psoc creator/4.0/psoc creator/import/gnu/arm/4.9.3/bin/../lib/gcc/arm-none-eabi/4.9.3/../../../../arm-none-eabi/lib/armv7-m\libg_nano.a(lib_a-nano-vfprintf_i.o)
 .debug_frame   0x00001ed0       0x28 c:/program files (x86)/cypress/psoc creator/4.0/psoc creator/import/gnu/arm/4.9.3/bin/../lib/gcc/arm-none-eabi/4.9.3/../../../../arm-none-eabi/lib/armv7-m\libg_nano.a(lib_a-s_fpclassify.o)
 .debug_frame   0x00001ef8       0x70 c:/program files (x86)/cypress/psoc creator/4.0/psoc creator/import/gnu/arm/4.9.3/bin/../lib/gcc/arm-none-eabi/4.9.3/../../../../arm-none-eabi/lib/armv7-m\libg_nano.a(lib_a-sprintf.o)
 .debug_frame   0x00001f68       0x20 c:/program files (x86)/cypress/psoc creator/4.0/psoc creator/import/gnu/arm/4.9.3/bin/../lib/gcc/arm-none-eabi/4.9.3/../../../../arm-none-eabi/lib/armv7-m\libg_nano.a(lib_a-strlen.o)
 .debug_frame   0x00001f88       0x6c c:/program files (x86)/cypress/psoc creator/4.0/psoc creator/import/gnu/arm/4.9.3/bin/../lib/gcc/arm-none-eabi/4.9.3/../../../../arm-none-eabi/lib/armv7-m\libg_nano.a(lib_a-dtoa.o)
 .debug_frame   0x00001ff4       0x98 c:/program files (x86)/cypress/psoc creator/4.0/psoc creator/import/gnu/arm/4.9.3/bin/../lib/gcc/arm-none-eabi/4.9.3/../../../../arm-none-eabi/lib/armv7-m\libg_nano.a(lib_a-locale.o)
 .debug_frame   0x0000208c       0x30 c:/program files (x86)/cypress/psoc creator/4.0/psoc creator/import/gnu/arm/4.9.3/bin/../lib/gcc/arm-none-eabi/4.9.3/../../../../arm-none-eabi/lib/armv7-m\libg_nano.a(lib_a-malloc.o)
 .debug_frame   0x000020bc       0x28 c:/program files (x86)/cypress/psoc creator/4.0/psoc creator/import/gnu/arm/4.9.3/bin/../lib/gcc/arm-none-eabi/4.9.3/../../../../arm-none-eabi/lib/armv7-m\libg_nano.a(lib_a-memchr.o)
 .debug_frame   0x000020e4      0x230 c:/program files (x86)/cypress/psoc creator/4.0/psoc creator/import/gnu/arm/4.9.3/bin/../lib/gcc/arm-none-eabi/4.9.3/../../../../arm-none-eabi/lib/armv7-m\libg_nano.a(lib_a-mprec.o)
 .debug_frame   0x00002314       0x2c c:/program files (x86)/cypress/psoc creator/4.0/psoc creator/import/gnu/arm/4.9.3/bin/../lib/gcc/arm-none-eabi/4.9.3/../../../../arm-none-eabi/lib/armv7-m\libg_nano.a(lib_a-nano-callocr.o)
 .debug_frame   0x00002340       0x2c c:/program files (x86)/cypress/psoc creator/4.0/psoc creator/import/gnu/arm/4.9.3/bin/../lib/gcc/arm-none-eabi/4.9.3/../../../../arm-none-eabi/lib/armv7-m\libg_nano.a(lib_a-nano-freer.o)
 .debug_frame   0x0000236c       0x2c c:/program files (x86)/cypress/psoc creator/4.0/psoc creator/import/gnu/arm/4.9.3/bin/../lib/gcc/arm-none-eabi/4.9.3/../../../../arm-none-eabi/lib/armv7-m\libg_nano.a(lib_a-nano-mallocr.o)
 .debug_frame   0x00002398       0x8c c:/program files (x86)/cypress/psoc creator/4.0/psoc creator/import/gnu/arm/4.9.3/bin/../lib/gcc/arm-none-eabi/4.9.3/../../../../arm-none-eabi/lib/armv7-m\libg_nano.a(lib_a-nano-svfprintf.o)
 .debug_frame   0x00002424       0x2c c:/program files (x86)/cypress/psoc creator/4.0/psoc creator/import/gnu/arm/4.9.3/bin/../lib/gcc/arm-none-eabi/4.9.3/../../../../arm-none-eabi/lib/armv7-m\libg_nano.a(lib_a-sbrkr.o)
 .debug_frame   0x00002450       0x28 c:/program files (x86)/cypress/psoc creator/4.0/psoc creator/import/gnu/arm/4.9.3/bin/../lib/gcc/arm-none-eabi/4.9.3/../../../../arm-none-eabi/lib/armv7-m\libg_nano.a(lib_a-memmove.o)
 .debug_frame   0x00002478       0x3c c:/program files (x86)/cypress/psoc creator/4.0/psoc creator/import/gnu/arm/4.9.3/bin/../lib/gcc/arm-none-eabi/4.9.3/../../../../arm-none-eabi/lib/armv7-m\libg_nano.a(lib_a-nano-reallocr.o)
 .debug_frame   0x000024b4       0x5c c:/program files (x86)/cypress/psoc creator/4.0/psoc creator/import/gnu/arm/4.9.3/bin/../lib/gcc/arm-none-eabi/4.9.3/../../../../arm-none-eabi/lib/armv7-m\libg_nano.a(lib_a-reent.o)
 .debug_frame   0x00002510       0x20 c:/program files (x86)/cypress/psoc creator/4.0/psoc creator/import/gnu/arm/4.9.3/bin/../lib/gcc/arm-none-eabi/4.9.3/../../../../arm-none-eabi/lib/armv7-m\libg_nano.a(lib_a-nano-msizer.o)

.debug_str      0x00000000     0x2500
 *(.debug_str)
 .debug_str     0x00000000      0x2f0 .\CortexM3\ARM_GCC_493\Debug\main.o
                                0x342 (size before relaxing)
 .debug_str     0x000002f0       0xb3 .\CortexM3\ARM_GCC_493\Debug\cymetadata.o
                                0x1e6 (size before relaxing)
 .debug_str     0x000003a3      0x15d .\CortexM3\ARM_GCC_493\Debug\Cm3Start.o
                                0x2fa (size before relaxing)
 .debug_str     0x00000500      0x1a0 .\CortexM3\ARM_GCC_493\Debug\Design01.a(cyfitter_cfg.o)
                                0x34b (size before relaxing)
 .debug_str     0x000006a0      0x19f .\CortexM3\ARM_GCC_493\Debug\Design01.a(Timer.o)
                                0x333 (size before relaxing)
 .debug_str     0x0000083f      0x34c .\CortexM3\ARM_GCC_493\Debug\Design01.a(ADC.o)
                                0x5c6 (size before relaxing)
 .debug_str     0x00000b8b       0x45 .\CortexM3\ARM_GCC_493\Debug\Design01.a(ADC_INT.o)
                                0x1b0 (size before relaxing)
 .debug_str     0x00000bd0       0xfd .\CortexM3\ARM_GCC_493\Debug\Design01.a(isr_10.o)
                                0x2a4 (size before relaxing)
 .debug_str     0x00000ccd       0x5f .\CortexM3\ARM_GCC_493\Debug\Design01.a(ADC_AMux.o)
                                0x1fb (size before relaxing)
 .debug_str     0x00000d2c      0x173 .\CortexM3\ARM_GCC_493\Debug\Design01.a(ADC_Ext_CP_Clk.o)
                                0x33e (size before relaxing)
 .debug_str     0x00000e9f      0x14f .\CortexM3\ARM_GCC_493\Debug\Design01.a(ADC_theACLK.o)
                                0x35d (size before relaxing)
 .debug_str     0x00000fee      0x7d0 .\CortexM3\ARM_GCC_493\Debug\Design01.a(CyLib.o)
                                0xa37 (size before relaxing)
 .debug_str     0x000017be      0x359 .\CortexM3\ARM_GCC_493\Debug\Design01.a(cyPm.o)
                                0x717 (size before relaxing)
 .debug_str     0x00001b17       0x2e .\CortexM3\ARM_GCC_493\Debug\Design01.a(cyutils.o)
                                0x1ae (size before relaxing)
 .debug_str     0x00001b45      0x12a .\CortexM3\ARM_GCC_493\Debug\Design01.a(LCD.o)
                                0x31b (size before relaxing)
 .debug_str     0x00001c6f      0x25f .\CortexM3\ARM_GCC_493\Debug\Design01.a(UART.o)
                                0x465 (size before relaxing)
 .debug_str     0x00001ece      0x138 .\CortexM3\ARM_GCC_493\Debug\Design01.a(UART_IntClock.o)
                                0x332 (size before relaxing)
 .debug_str     0x00002006      0x12d .\CortexM3\ARM_GCC_493\Debug\Design01.a(Timer2.o)
                                0x2f5 (size before relaxing)
 .debug_str     0x00002133       0x36 .\CortexM3\ARM_GCC_493\Debug\Design01.a(Trigger_out.o)
                                0x1bd (size before relaxing)
 .debug_str     0x00002169       0x57 .\CortexM3\ARM_GCC_493\Debug\Design01.a(echo.o)
                                0x1d9 (size before relaxing)
 .debug_str     0x000021c0       0xf8 .\CortexM3\ARM_GCC_493\Debug\Design01.a(T1.o)
                                0x2b2 (size before relaxing)
 .debug_str     0x000022b8      0x19c .\CortexM3\ARM_GCC_493\Debug\Design01.a(CyFlash.o)
                                0x391 (size before relaxing)
 .debug_str     0x00002454       0xac .\CortexM3\ARM_GCC_493\Debug\Design01.a(CySpc.o)
                                0x31a (size before relaxing)

.debug_loc      0x00000000     0x2ad0
 *(.debug_loc)
 .debug_loc     0x00000000      0x144 .\CortexM3\ARM_GCC_493\Debug\Cm3Start.o
 .debug_loc     0x00000144      0x232 .\CortexM3\ARM_GCC_493\Debug\Design01.a(cyfitter_cfg.o)
 .debug_loc     0x00000376       0x6b .\CortexM3\ARM_GCC_493\Debug\Design01.a(Timer.o)
 .debug_loc     0x000003e1      0x6b6 .\CortexM3\ARM_GCC_493\Debug\Design01.a(ADC.o)
 .debug_loc     0x00000a97       0x56 .\CortexM3\ARM_GCC_493\Debug\Design01.a(isr_10.o)
 .debug_loc     0x00000aed       0x6c .\CortexM3\ARM_GCC_493\Debug\Design01.a(ADC_AMux.o)
 .debug_loc     0x00000b59      0x12c .\CortexM3\ARM_GCC_493\Debug\Design01.a(ADC_Ext_CP_Clk.o)
 .debug_loc     0x00000c85      0x14d .\CortexM3\ARM_GCC_493\Debug\Design01.a(ADC_theACLK.o)
 .debug_loc     0x00000dd2      0xa11 .\CortexM3\ARM_GCC_493\Debug\Design01.a(CyLib.o)
 .debug_loc     0x000017e3      0x1e4 .\CortexM3\ARM_GCC_493\Debug\Design01.a(cyPm.o)
 .debug_loc     0x000019c7       0x21 .\CortexM3\ARM_GCC_493\Debug\Design01.a(cyutils.o)
 .debug_loc     0x000019e8      0x3c6 .\CortexM3\ARM_GCC_493\Debug\Design01.a(LCD.o)
 .debug_loc     0x00001dae      0x258 .\CortexM3\ARM_GCC_493\Debug\Design01.a(UART.o)
 .debug_loc     0x00002006      0x128 .\CortexM3\ARM_GCC_493\Debug\Design01.a(UART_IntClock.o)
 .debug_loc     0x0000212e       0x55 .\CortexM3\ARM_GCC_493\Debug\Design01.a(echo.o)
 .debug_loc     0x00002183      0x300 .\CortexM3\ARM_GCC_493\Debug\Design01.a(CyFlash.o)
 .debug_loc     0x00002483      0x64d .\CortexM3\ARM_GCC_493\Debug\Design01.a(CySpc.o)

.debug_macinfo
 *(.debug_macinfo)

.debug_ranges   0x00000000      0xa80
 *(.debug_ranges)
 .debug_ranges  0x00000000       0x18 .\CortexM3\ARM_GCC_493\Debug\main.o
 .debug_ranges  0x00000018       0x38 .\CortexM3\ARM_GCC_493\Debug\Cm3Start.o
 .debug_ranges  0x00000050       0x58 .\CortexM3\ARM_GCC_493\Debug\Design01.a(cyfitter_cfg.o)
 .debug_ranges  0x000000a8       0x80 .\CortexM3\ARM_GCC_493\Debug\Design01.a(Timer.o)
 .debug_ranges  0x00000128       0xd8 .\CortexM3\ARM_GCC_493\Debug\Design01.a(ADC.o)
 .debug_ranges  0x00000200       0x28 .\CortexM3\ARM_GCC_493\Debug\Design01.a(ADC_INT.o)
 .debug_ranges  0x00000228       0x70 .\CortexM3\ARM_GCC_493\Debug\Design01.a(isr_10.o)
 .debug_ranges  0x00000298       0x20 .\CortexM3\ARM_GCC_493\Debug\Design01.a(ADC_AMux.o)
 .debug_ranges  0x000002b8       0x60 .\CortexM3\ARM_GCC_493\Debug\Design01.a(ADC_Ext_CP_Clk.o)
 .debug_ranges  0x00000318       0x70 .\CortexM3\ARM_GCC_493\Debug\Design01.a(ADC_theACLK.o)
 .debug_ranges  0x00000388      0x290 .\CortexM3\ARM_GCC_493\Debug\Design01.a(CyLib.o)
 .debug_ranges  0x00000618       0x88 .\CortexM3\ARM_GCC_493\Debug\Design01.a(cyPm.o)
 .debug_ranges  0x000006a0       0x10 .\CortexM3\ARM_GCC_493\Debug\Design01.a(cyutils.o)
 .debug_ranges  0x000006b0       0x88 .\CortexM3\ARM_GCC_493\Debug\Design01.a(LCD.o)
 .debug_ranges  0x00000738       0xe0 .\CortexM3\ARM_GCC_493\Debug\Design01.a(UART.o)
 .debug_ranges  0x00000818       0x60 .\CortexM3\ARM_GCC_493\Debug\Design01.a(UART_IntClock.o)
 .debug_ranges  0x00000878       0x78 .\CortexM3\ARM_GCC_493\Debug\Design01.a(Timer2.o)
 .debug_ranges  0x000008f0       0x18 .\CortexM3\ARM_GCC_493\Debug\Design01.a(Trigger_out.o)
 .debug_ranges  0x00000908       0x28 .\CortexM3\ARM_GCC_493\Debug\Design01.a(echo.o)
 .debug_ranges  0x00000930       0x78 .\CortexM3\ARM_GCC_493\Debug\Design01.a(T1.o)
 .debug_ranges  0x000009a8       0x70 .\CortexM3\ARM_GCC_493\Debug\Design01.a(CyFlash.o)
 .debug_ranges  0x00000a18       0x68 .\CortexM3\ARM_GCC_493\Debug\Design01.a(CySpc.o)

.comment        0x00000000       0x70
 .comment       0x00000000       0x70 .\CortexM3\ARM_GCC_493\Debug\main.o
                                 0x71 (size before relaxing)
 .comment       0x00000000       0x71 .\CortexM3\ARM_GCC_493\Debug\cymetadata.o
 .comment       0x00000000       0x71 .\CortexM3\ARM_GCC_493\Debug\Cm3Start.o
 .comment       0x00000000       0x71 .\CortexM3\ARM_GCC_493\Debug\Design01.a(cyfitter_cfg.o)
 .comment       0x00000000       0x71 .\CortexM3\ARM_GCC_493\Debug\Design01.a(Timer.o)
 .comment       0x00000000       0x71 .\CortexM3\ARM_GCC_493\Debug\Design01.a(ADC.o)
 .comment       0x00000000       0x71 .\CortexM3\ARM_GCC_493\Debug\Design01.a(ADC_INT.o)
 .comment       0x00000000       0x71 .\CortexM3\ARM_GCC_493\Debug\Design01.a(isr_10.o)
 .comment       0x00000000       0x71 .\CortexM3\ARM_GCC_493\Debug\Design01.a(ADC_AMux.o)
 .comment       0x00000000       0x71 .\CortexM3\ARM_GCC_493\Debug\Design01.a(ADC_Ext_CP_Clk.o)
 .comment       0x00000000       0x71 .\CortexM3\ARM_GCC_493\Debug\Design01.a(ADC_theACLK.o)
 .comment       0x00000000       0x71 .\CortexM3\ARM_GCC_493\Debug\Design01.a(CyLib.o)
 .comment       0x00000000       0x71 .\CortexM3\ARM_GCC_493\Debug\Design01.a(cyPm.o)
 .comment       0x00000000       0x71 .\CortexM3\ARM_GCC_493\Debug\Design01.a(cyutils.o)
 .comment       0x00000000       0x71 .\CortexM3\ARM_GCC_493\Debug\Design01.a(LCD.o)
 .comment       0x00000000       0x71 .\CortexM3\ARM_GCC_493\Debug\Design01.a(UART.o)
 .comment       0x00000000       0x71 .\CortexM3\ARM_GCC_493\Debug\Design01.a(UART_IntClock.o)
 .comment       0x00000000       0x71 .\CortexM3\ARM_GCC_493\Debug\Design01.a(Timer2.o)
 .comment       0x00000000       0x71 .\CortexM3\ARM_GCC_493\Debug\Design01.a(Trigger_out.o)
 .comment       0x00000000       0x71 .\CortexM3\ARM_GCC_493\Debug\Design01.a(echo.o)
 .comment       0x00000000       0x71 .\CortexM3\ARM_GCC_493\Debug\Design01.a(T1.o)
 .comment       0x00000000       0x71 .\CortexM3\ARM_GCC_493\Debug\Design01.a(CyFlash.o)
 .comment       0x00000000       0x71 .\CortexM3\ARM_GCC_493\Debug\Design01.a(CySpc.o)

.debug_weaknames
 *(.debug_weaknames)

.debug_funcnames
 *(.debug_funcnames)

.debug_typenames
 *(.debug_typenames)

.debug_varnames
 *(.debug_varnames)

.note.gnu.arm.ident
 *(.note.gnu.arm.ident)

.ARM.attributes
                0x00000000       0x29
 *(.ARM.attributes)
 .ARM.attributes
                0x00000000       0x1d c:/program files (x86)/cypress/psoc creator/4.0/psoc creator/import/gnu/arm/4.9.3/bin/../lib/gcc/arm-none-eabi/4.9.3/armv7-m/crti.o
 .ARM.attributes
                0x0000001d       0x2d c:/program files (x86)/cypress/psoc creator/4.0/psoc creator/import/gnu/arm/4.9.3/bin/../lib/gcc/arm-none-eabi/4.9.3/armv7-m/crtbegin.o
 .ARM.attributes
                0x0000004a       0x1b c:/program files (x86)/cypress/psoc creator/4.0/psoc creator/import/gnu/arm/4.9.3/bin/../lib/gcc/arm-none-eabi/4.9.3/../../../../arm-none-eabi/lib/armv7-m/crt0.o
 .ARM.attributes
                0x00000065       0x33 .\CortexM3\ARM_GCC_493\Debug\main.o
 .ARM.attributes
                0x00000098       0x33 .\CortexM3\ARM_GCC_493\Debug\cymetadata.o
 .ARM.attributes
                0x000000cb       0x33 .\CortexM3\ARM_GCC_493\Debug\Cm3Start.o
 .ARM.attributes
                0x000000fe       0x33 .\CortexM3\ARM_GCC_493\Debug\Design01.a(cyfitter_cfg.o)
 .ARM.attributes
                0x00000131       0x33 .\CortexM3\ARM_GCC_493\Debug\Design01.a(Timer.o)
 .ARM.attributes
                0x00000164       0x33 .\CortexM3\ARM_GCC_493\Debug\Design01.a(ADC.o)
 .ARM.attributes
                0x00000197       0x33 .\CortexM3\ARM_GCC_493\Debug\Design01.a(ADC_INT.o)
 .ARM.attributes
                0x000001ca       0x33 .\CortexM3\ARM_GCC_493\Debug\Design01.a(isr_10.o)
 .ARM.attributes
                0x000001fd       0x33 .\CortexM3\ARM_GCC_493\Debug\Design01.a(ADC_AMux.o)
 .ARM.attributes
                0x00000230       0x33 .\CortexM3\ARM_GCC_493\Debug\Design01.a(ADC_Ext_CP_Clk.o)
 .ARM.attributes
                0x00000263       0x33 .\CortexM3\ARM_GCC_493\Debug\Design01.a(ADC_theACLK.o)
 .ARM.attributes
                0x00000296       0x33 .\CortexM3\ARM_GCC_493\Debug\Design01.a(CyLib.o)
 .ARM.attributes
                0x000002c9       0x33 .\CortexM3\ARM_GCC_493\Debug\Design01.a(cyPm.o)
 .ARM.attributes
                0x000002fc       0x33 .\CortexM3\ARM_GCC_493\Debug\Design01.a(cyutils.o)
 .ARM.attributes
                0x0000032f       0x33 .\CortexM3\ARM_GCC_493\Debug\Design01.a(LCD.o)
 .ARM.attributes
                0x00000362       0x33 .\CortexM3\ARM_GCC_493\Debug\Design01.a(UART.o)
 .ARM.attributes
                0x00000395       0x33 .\CortexM3\ARM_GCC_493\Debug\Design01.a(UART_IntClock.o)
 .ARM.attributes
                0x000003c8       0x33 .\CortexM3\ARM_GCC_493\Debug\Design01.a(Timer2.o)
 .ARM.attributes
                0x000003fb       0x33 .\CortexM3\ARM_GCC_493\Debug\Design01.a(Trigger_out.o)
 .ARM.attributes
                0x0000042e       0x33 .\CortexM3\ARM_GCC_493\Debug\Design01.a(echo.o)
 .ARM.attributes
                0x00000461       0x33 .\CortexM3\ARM_GCC_493\Debug\Design01.a(T1.o)
 .ARM.attributes
                0x00000494       0x21 .\CortexM3\ARM_GCC_493\Debug\Design01.a(CyBootAsmGnu.o)
 .ARM.attributes
                0x000004b5       0x33 .\CortexM3\ARM_GCC_493\Debug\Design01.a(CyFlash.o)
 .ARM.attributes
                0x000004e8       0x33 .\CortexM3\ARM_GCC_493\Debug\Design01.a(CySpc.o)
 .ARM.attributes
                0x0000051b       0x1d c:/program files (x86)/cypress/psoc creator/4.0/psoc creator/import/gnu/arm/4.9.3/bin/../lib/gcc/arm-none-eabi/4.9.3/armv7-m\libgcc.a(_arm_addsubdf3.o)
 .ARM.attributes
                0x00000538       0x1d c:/program files (x86)/cypress/psoc creator/4.0/psoc creator/import/gnu/arm/4.9.3/bin/../lib/gcc/arm-none-eabi/4.9.3/armv7-m\libgcc.a(_arm_muldivdf3.o)
 .ARM.attributes
                0x00000555       0x1d c:/program files (x86)/cypress/psoc creator/4.0/psoc creator/import/gnu/arm/4.9.3/bin/../lib/gcc/arm-none-eabi/4.9.3/armv7-m\libgcc.a(_arm_cmpdf2.o)
 .ARM.attributes
                0x00000572       0x1d c:/program files (x86)/cypress/psoc creator/4.0/psoc creator/import/gnu/arm/4.9.3/bin/../lib/gcc/arm-none-eabi/4.9.3/armv7-m\libgcc.a(_arm_truncdfsf2.o)
 .ARM.attributes
                0x0000058f       0x1d c:/program files (x86)/cypress/psoc creator/4.0/psoc creator/import/gnu/arm/4.9.3/bin/../lib/gcc/arm-none-eabi/4.9.3/armv7-m\libgcc.a(_arm_addsubsf3.o)
 .ARM.attributes
                0x000005ac       0x1d c:/program files (x86)/cypress/psoc creator/4.0/psoc creator/import/gnu/arm/4.9.3/bin/../lib/gcc/arm-none-eabi/4.9.3/armv7-m\libgcc.a(_arm_muldivsf3.o)
 .ARM.attributes
                0x000005c9       0x1d c:/program files (x86)/cypress/psoc creator/4.0/psoc creator/import/gnu/arm/4.9.3/bin/../lib/gcc/arm-none-eabi/4.9.3/armv7-m\libgcc.a(_arm_fixunssfsi.o)
 .ARM.attributes
                0x000005e6       0x2d c:/program files (x86)/cypress/psoc creator/4.0/psoc creator/import/gnu/arm/4.9.3/bin/../lib/gcc/arm-none-eabi/4.9.3/../../../../arm-none-eabi/lib/armv7-m\libg_nano.a(lib_a-errno.o)
 .ARM.attributes
                0x00000613       0x2d c:/program files (x86)/cypress/psoc creator/4.0/psoc creator/import/gnu/arm/4.9.3/bin/../lib/gcc/arm-none-eabi/4.9.3/../../../../arm-none-eabi/lib/armv7-m\libg_nano.a(lib_a-exit.o)
 .ARM.attributes
                0x00000640       0x2d c:/program files (x86)/cypress/psoc creator/4.0/psoc creator/import/gnu/arm/4.9.3/bin/../lib/gcc/arm-none-eabi/4.9.3/../../../../arm-none-eabi/lib/armv7-m\libg_nano.a(lib_a-impure.o)
 .ARM.attributes
                0x0000066d       0x2d c:/program files (x86)/cypress/psoc creator/4.0/psoc creator/import/gnu/arm/4.9.3/bin/../lib/gcc/arm-none-eabi/4.9.3/../../../../arm-none-eabi/lib/armv7-m\libg_nano.a(lib_a-init.o)
 .ARM.attributes
                0x0000069a       0x2d c:/program files (x86)/cypress/psoc creator/4.0/psoc creator/import/gnu/arm/4.9.3/bin/../lib/gcc/arm-none-eabi/4.9.3/../../../../arm-none-eabi/lib/armv7-m\libg_nano.a(lib_a-memcpy.o)
 .ARM.attributes
                0x000006c7       0x2d c:/program files (x86)/cypress/psoc creator/4.0/psoc creator/import/gnu/arm/4.9.3/bin/../lib/gcc/arm-none-eabi/4.9.3/../../../../arm-none-eabi/lib/armv7-m\libg_nano.a(lib_a-memset.o)
 .ARM.attributes
                0x000006f4       0x2d c:/program files (x86)/cypress/psoc creator/4.0/psoc creator/import/gnu/arm/4.9.3/bin/../lib/gcc/arm-none-eabi/4.9.3/../../../../arm-none-eabi/lib/armv7-m\libg_nano.a(lib_a-nano-vfprintf_float.o)
 .ARM.attributes
                0x00000721       0x2d c:/program files (x86)/cypress/psoc creator/4.0/psoc creator/import/gnu/arm/4.9.3/bin/../lib/gcc/arm-none-eabi/4.9.3/../../../../arm-none-eabi/lib/armv7-m\libg_nano.a(lib_a-nano-vfprintf_i.o)
 .ARM.attributes
                0x0000074e       0x2d c:/program files (x86)/cypress/psoc creator/4.0/psoc creator/import/gnu/arm/4.9.3/bin/../lib/gcc/arm-none-eabi/4.9.3/../../../../arm-none-eabi/lib/armv7-m\libg_nano.a(lib_a-s_fpclassify.o)
 .ARM.attributes
                0x0000077b       0x2d c:/program files (x86)/cypress/psoc creator/4.0/psoc creator/import/gnu/arm/4.9.3/bin/../lib/gcc/arm-none-eabi/4.9.3/../../../../arm-none-eabi/lib/armv7-m\libg_nano.a(lib_a-sprintf.o)
 .ARM.attributes
                0x000007a8       0x2d c:/program files (x86)/cypress/psoc creator/4.0/psoc creator/import/gnu/arm/4.9.3/bin/../lib/gcc/arm-none-eabi/4.9.3/../../../../arm-none-eabi/lib/armv7-m\libg_nano.a(lib_a-strlen.o)
 .ARM.attributes
                0x000007d5       0x2d c:/program files (x86)/cypress/psoc creator/4.0/psoc creator/import/gnu/arm/4.9.3/bin/../lib/gcc/arm-none-eabi/4.9.3/../../../../arm-none-eabi/lib/armv7-m\libg_nano.a(lib_a-dtoa.o)
 .ARM.attributes
                0x00000802       0x2d c:/program files (x86)/cypress/psoc creator/4.0/psoc creator/import/gnu/arm/4.9.3/bin/../lib/gcc/arm-none-eabi/4.9.3/../../../../arm-none-eabi/lib/armv7-m\libg_nano.a(lib_a-locale.o)
 .ARM.attributes
                0x0000082f       0x2d c:/program files (x86)/cypress/psoc creator/4.0/psoc creator/import/gnu/arm/4.9.3/bin/../lib/gcc/arm-none-eabi/4.9.3/../../../../arm-none-eabi/lib/armv7-m\libg_nano.a(lib_a-malloc.o)
 .ARM.attributes
                0x0000085c       0x2d c:/program files (x86)/cypress/psoc creator/4.0/psoc creator/import/gnu/arm/4.9.3/bin/../lib/gcc/arm-none-eabi/4.9.3/../../../../arm-none-eabi/lib/armv7-m\libg_nano.a(lib_a-memchr.o)
 .ARM.attributes
                0x00000889       0x2d c:/program files (x86)/cypress/psoc creator/4.0/psoc creator/import/gnu/arm/4.9.3/bin/../lib/gcc/arm-none-eabi/4.9.3/../../../../arm-none-eabi/lib/armv7-m\libg_nano.a(lib_a-mprec.o)
 .ARM.attributes
                0x000008b6       0x2d c:/program files (x86)/cypress/psoc creator/4.0/psoc creator/import/gnu/arm/4.9.3/bin/../lib/gcc/arm-none-eabi/4.9.3/../../../../arm-none-eabi/lib/armv7-m\libg_nano.a(lib_a-nano-callocr.o)
 .ARM.attributes
                0x000008e3       0x2d c:/program files (x86)/cypress/psoc creator/4.0/psoc creator/import/gnu/arm/4.9.3/bin/../lib/gcc/arm-none-eabi/4.9.3/../../../../arm-none-eabi/lib/armv7-m\libg_nano.a(lib_a-nano-freer.o)
 .ARM.attributes
                0x00000910       0x2d c:/program files (x86)/cypress/psoc creator/4.0/psoc creator/import/gnu/arm/4.9.3/bin/../lib/gcc/arm-none-eabi/4.9.3/../../../../arm-none-eabi/lib/armv7-m\libg_nano.a(lib_a-nano-mallocr.o)
 .ARM.attributes
                0x0000093d       0x2d c:/program files (x86)/cypress/psoc creator/4.0/psoc creator/import/gnu/arm/4.9.3/bin/../lib/gcc/arm-none-eabi/4.9.3/../../../../arm-none-eabi/lib/armv7-m\libg_nano.a(lib_a-nano-svfprintf.o)
 .ARM.attributes
                0x0000096a       0x2d c:/program files (x86)/cypress/psoc creator/4.0/psoc creator/import/gnu/arm/4.9.3/bin/../lib/gcc/arm-none-eabi/4.9.3/../../../../arm-none-eabi/lib/armv7-m\libg_nano.a(lib_a-sbrkr.o)
 .ARM.attributes
                0x00000997       0x1b c:/program files (x86)/cypress/psoc creator/4.0/psoc creator/import/gnu/arm/4.9.3/bin/../lib/gcc/arm-none-eabi/4.9.3/../../../../arm-none-eabi/lib/armv7-m\libg_nano.a(lib_a-strcmp.o)
 .ARM.attributes
                0x000009b2       0x2d c:/program files (x86)/cypress/psoc creator/4.0/psoc creator/import/gnu/arm/4.9.3/bin/../lib/gcc/arm-none-eabi/4.9.3/../../../../arm-none-eabi/lib/armv7-m\libg_nano.a(lib_a-memmove.o)
 .ARM.attributes
                0x000009df       0x2d c:/program files (x86)/cypress/psoc creator/4.0/psoc creator/import/gnu/arm/4.9.3/bin/../lib/gcc/arm-none-eabi/4.9.3/../../../../arm-none-eabi/lib/armv7-m\libg_nano.a(lib_a-nano-reallocr.o)
 .ARM.attributes
                0x00000a0c       0x2d c:/program files (x86)/cypress/psoc creator/4.0/psoc creator/import/gnu/arm/4.9.3/bin/../lib/gcc/arm-none-eabi/4.9.3/../../../../arm-none-eabi/lib/armv7-m\libg_nano.a(lib_a-reent.o)
 .ARM.attributes
                0x00000a39       0x2d c:/program files (x86)/cypress/psoc creator/4.0/psoc creator/import/gnu/arm/4.9.3/bin/../lib/gcc/arm-none-eabi/4.9.3/../../../../arm-none-eabi/lib/armv7-m\libg_nano.a(lib_a-nano-msizer.o)
 .ARM.attributes
                0x00000a66       0x1d c:/program files (x86)/cypress/psoc creator/4.0/psoc creator/import/gnu/arm/4.9.3/bin/../lib/gcc/arm-none-eabi/4.9.3/armv7-m\libgcc.a(_arm_fixdfsi.o)
 .ARM.attributes
                0x00000a83       0x2d c:/program files (x86)/cypress/psoc creator/4.0/psoc creator/import/gnu/arm/4.9.3/bin/../lib/gcc/arm-none-eabi/4.9.3/armv7-m/crtend.o
 .ARM.attributes
                0x00000ab0       0x1d c:/program files (x86)/cypress/psoc creator/4.0/psoc creator/import/gnu/arm/4.9.3/bin/../lib/gcc/arm-none-eabi/4.9.3/armv7-m/crtn.o

/DISCARD/
 *(.note.GNU-stack)
OUTPUT(.\CortexM3\ARM_GCC_493\Debug\Design01.elf elf32-littlearm)
