Archive member included because of file (symbol)

.\CortexM3\ARM_GCC_493\Debug\Design01.a(cyfitter_cfg.o)
                              .\CortexM3\ARM_GCC_493\Debug\Cm3Start.o (cyfitter_cfg)
.\CortexM3\ARM_GCC_493\Debug\Design01.a(Timer.o)
                              .\CortexM3\ARM_GCC_493\Debug\main.o (Timer_Start)
.\CortexM3\ARM_GCC_493\Debug\Design01.a(ADC.o)
                              .\CortexM3\ARM_GCC_493\Debug\main.o (ADC_Start)
.\CortexM3\ARM_GCC_493\Debug\Design01.a(ADC_INT.o)
                              .\CortexM3\ARM_GCC_493\Debug\Design01.a(ADC.o) (ADC_ISR1)
.\CortexM3\ARM_GCC_493\Debug\Design01.a(isr_10.o)
                              .\CortexM3\ARM_GCC_493\Debug\main.o (isr_10_StartEx)
.\CortexM3\ARM_GCC_493\Debug\Design01.a(ADC_AMux.o)
                              .\CortexM3\ARM_GCC_493\Debug\Design01.a(ADC.o) (ADC_AMux_Select)
.\CortexM3\ARM_GCC_493\Debug\Design01.a(ADC_Ext_CP_Clk.o)
                              .\CortexM3\ARM_GCC_493\Debug\Design01.a(ADC.o) (ADC_Ext_CP_Clk_SetModeRegister)
.\CortexM3\ARM_GCC_493\Debug\Design01.a(ADC_theACLK.o)
                              .\CortexM3\ARM_GCC_493\Debug\Design01.a(ADC.o) (ADC_theACLK_SetModeRegister)
.\CortexM3\ARM_GCC_493\Debug\Design01.a(CyLib.o)
                              .\CortexM3\ARM_GCC_493\Debug\Cm3Start.o (CyHalt)
.\CortexM3\ARM_GCC_493\Debug\Design01.a(cyPm.o)
                              .\CortexM3\ARM_GCC_493\Debug\Design01.a(CyLib.o) (CyPmReadStatus)
.\CortexM3\ARM_GCC_493\Debug\Design01.a(cyutils.o)
                              .\CortexM3\ARM_GCC_493\Debug\Design01.a(Timer.o) (CySetReg24)
.\CortexM3\ARM_GCC_493\Debug\Design01.a(LCD.o)
                              .\CortexM3\ARM_GCC_493\Debug\main.o (LCD_PrintString)
.\CortexM3\ARM_GCC_493\Debug\Design01.a(UART.o)
                              .\CortexM3\ARM_GCC_493\Debug\main.o (UART_Start)
.\CortexM3\ARM_GCC_493\Debug\Design01.a(UART_IntClock.o)
                              .\CortexM3\ARM_GCC_493\Debug\Design01.a(UART.o) (UART_IntClock_Start)
.\CortexM3\ARM_GCC_493\Debug\Design01.a(Timer2.o)
                              .\CortexM3\ARM_GCC_493\Debug\main.o (Timer2_Start)
.\CortexM3\ARM_GCC_493\Debug\Design01.a(Trigger_out.o)
                              .\CortexM3\ARM_GCC_493\Debug\main.o (Trigger_out_Write)
.\CortexM3\ARM_GCC_493\Debug\Design01.a(echo.o)
                              .\CortexM3\ARM_GCC_493\Debug\main.o (echo_Read)
.\CortexM3\ARM_GCC_493\Debug\Design01.a(CyBootAsmGnu.o)
                              .\CortexM3\ARM_GCC_493\Debug\Design01.a(cyfitter_cfg.o) (CyDelayCycles)
.\CortexM3\ARM_GCC_493\Debug\Design01.a(CyFlash.o)
                              .\CortexM3\ARM_GCC_493\Debug\Design01.a(cyPm.o) (CyFlash_SetWaitCycles)
.\CortexM3\ARM_GCC_493\Debug\Design01.a(CySpc.o)
                              .\CortexM3\ARM_GCC_493\Debug\Design01.a(CyFlash.o) (CySpcStart)
c:/program files (x86)/cypress/psoc creator/4.0/psoc creator/import/gnu/arm/4.9.3/bin/../lib/gcc/arm-none-eabi/4.9.3/armv7-m\libgcc.a(_arm_addsubdf3.o)
                              .\CortexM3\ARM_GCC_493\Debug\main.o (__aeabi_dsub)
c:/program files (x86)/cypress/psoc creator/4.0/psoc creator/import/gnu/arm/4.9.3/bin/../lib/gcc/arm-none-eabi/4.9.3/armv7-m\libgcc.a(_arm_muldivdf3.o)
                              .\CortexM3\ARM_GCC_493\Debug\main.o (__aeabi_dmul)
c:/program files (x86)/cypress/psoc creator/4.0/psoc creator/import/gnu/arm/4.9.3/bin/../lib/gcc/arm-none-eabi/4.9.3/armv7-m\libgcc.a(_arm_cmpdf2.o)
                              .\CortexM3\ARM_GCC_493\Debug\Design01.a(ADC.o) (__aeabi_dcmpgt)
c:/program files (x86)/cypress/psoc creator/4.0/psoc creator/import/gnu/arm/4.9.3/bin/../lib/gcc/arm-none-eabi/4.9.3/armv7-m\libgcc.a(_arm_truncdfsf2.o)
                              .\CortexM3\ARM_GCC_493\Debug\main.o (__aeabi_d2f)
c:/program files (x86)/cypress/psoc creator/4.0/psoc creator/import/gnu/arm/4.9.3/bin/../lib/gcc/arm-none-eabi/4.9.3/armv7-m\libgcc.a(_arm_addsubsf3.o)
                              .\CortexM3\ARM_GCC_493\Debug\Design01.a(ADC.o) (__aeabi_ui2f)
c:/program files (x86)/cypress/psoc creator/4.0/psoc creator/import/gnu/arm/4.9.3/bin/../lib/gcc/arm-none-eabi/4.9.3/armv7-m\libgcc.a(_arm_muldivsf3.o)
                              .\CortexM3\ARM_GCC_493\Debug\Design01.a(ADC.o) (__aeabi_fmul)
c:/program files (x86)/cypress/psoc creator/4.0/psoc creator/import/gnu/arm/4.9.3/bin/../lib/gcc/arm-none-eabi/4.9.3/armv7-m\libgcc.a(_arm_fixunssfsi.o)
                              .\CortexM3\ARM_GCC_493\Debug\Design01.a(ADC.o) (__aeabi_f2uiz)
c:/program files (x86)/cypress/psoc creator/4.0/psoc creator/import/gnu/arm/4.9.3/bin/../lib/gcc/arm-none-eabi/4.9.3/../../../../arm-none-eabi/lib/armv7-m\libg_nano.a(lib_a-errno.o)
                              .\CortexM3\ARM_GCC_493\Debug\Cm3Start.o (__errno)
c:/program files (x86)/cypress/psoc creator/4.0/psoc creator/import/gnu/arm/4.9.3/bin/../lib/gcc/arm-none-eabi/4.9.3/../../../../arm-none-eabi/lib/armv7-m\libg_nano.a(lib_a-exit.o)
[...]
Memory Configuration

Name             Origin             Length             Attributes
rom              0x00000000         0x00040000         xr
ram              0x1fff8000         0x00010000         xrw
*default*        0x00000000         0xffffffff

Linker script and memory map

LOAD c:/program files (x86)/cypress/psoc creator/4.0/psoc creator/import/gnu/arm/4.9.3/bin/../lib/gcc/arm-none-eabi/4.9.3/armv7-m/crti.o
LOAD c:/program files (x86)/cypress/psoc creator/4.0/psoc creator/import/gnu/arm/4.9.3/bin/../lib/gcc/arm-none-eabi/4.9.3/armv7-m/crtbegin.o
LOAD c:/program files (x86)/cypress/psoc creator/4.0/psoc creator/import/gnu/arm/4.9.3/bin/../lib/gcc/arm-none-eabi/4.9.3/../../../../arm-none-eabi/lib/armv7-m/crt0.o
START GROUP
LOAD .\CortexM3\ARM_GCC_493\Debug\main.o
LOAD .\CortexM3\ARM_GCC_493\Debug\cymetadata.o
LOAD .\CortexM3\ARM_GCC_493\Debug\Cm3Start.o
LOAD .\CortexM3\ARM_GCC_493\Debug\Design01.a
LOAD C:\Program Files (x86)\Cypress\PSoC Creator\4.0\PSoC Creator\psoc\content\cycomponentlibrary\CyComponentLibrary.cylib\CortexM3\ARM_GCC_493\Debug\CyComponentLibrary.a
END GROUP
START GROUP
LOAD c:/program files (x86)/cypress/psoc creator/4.0/psoc creator/import/gnu/arm/4.9.3/bin/../lib/gcc/arm-none-eabi/4.9.3/armv7-m\libgcc.a
LOAD c:/program files (x86)/cypress/psoc creator/4.0/psoc creator/import/gnu/arm/4.9.3/bin/../lib/gcc/arm-none-eabi/4.9.3/../../../../arm-none-eabi/lib/armv7-m\libg_nano.a
LOAD c:/program files (x86)/cypress/psoc creator/4.0/psoc creator/import/gnu/arm/4.9.3/bin/../lib/gcc/arm-none-eabi/4.9.3/../../../../arm-none-eabi/lib/armv7-m\libc_nano.a
END GROUP
START GROUP
LOAD c:/program files (x86)/cypress/psoc creator/4.0/psoc creator/import/gnu/arm/4.9.3/bin/../lib/gcc/arm-none-eabi/4.9.3/armv7-m\libgcc.a
LOAD c:/program files (x86)/cypress/psoc creator/4.0/psoc creator/import/gnu/arm/4.9.3/bin/../lib/gcc/arm-none-eabi/4.9.3/../../../../arm-none-eabi/lib/armv7-m\libc_nano.a
END GROUP
LOAD c:/program files (x86)/cypress/psoc creator/4.0/psoc creator/import/gnu/arm/4.9.3/bin/../lib/gcc/arm-none-eabi/4.9.3/armv7-m/crtend.o
LOAD c:/program files (x86)/cypress/psoc creator/4.0/psoc creator/import/gnu/arm/4.9.3/bin/../lib/gcc/arm-none-eabi/4.9.3/armv7-m/crtn.o
START GROUP
LOAD c:/program files (x86)/cypress/psoc creator/4.0/psoc creator/import/gnu/arm/4.9.3/bin/../lib/gcc/arm-none-eabi/4.9.3/armv7-m\libgcc.a
LOAD c:/program files (x86)/cypress/psoc creator/4.0/psoc creator/import/gnu/arm/4.9.3/bin/../lib/gcc/arm-none-eabi/4.9.3/../../../../arm-none-eabi/lib/armv7-m\libc.a
LOAD c:/program files (x86)/cypress/psoc creator/4.0/psoc creator/import/gnu/arm/4.9.3/bin/../lib/gcc/arm-none-eabi/4.9.3/../../../../arm-none-eabi/lib/armv7-m\libnosys.a
END GROUP
                0x00000000                CY_APPL_ORIGIN = 0x0
                0x00000100                CY_FLASH_ROW_SIZE = 0x100
                0x00000020                CY_ECC_ROW_SIZE = 0x20
                0x00000000                CY_EE_IN_BTLDR = 0x0
                0x00000000                CY_APPL_LOADABLE = 0x0
                0x00000800                CY_EE_SIZE = 0x800
                0x00000001                CY_APPL_NUM = 0x1
                0x00000001                CY_APPL_MAX = 0x1
                0x00000040                CY_METADATA_SIZE = 0x40
                0x00000000                CY_APPL_LOADABLE = 0x0
                0x00000000                CY_CHECKSUM_EXCLUDE_SIZE = ALIGN (0x0, CY_FLASH_ROW_SIZE)
                0x1fff8248                PROVIDE (__cy_heap_start, _end)
                0x00000001                PROVIDE (__cy_region_num, ((__cy_regions_end - __cy_regions) / 0x10))
                0x20008000                PROVIDE (__cy_stack, (ORIGIN (ram) + 0x10000))
                0x20007800                PROVIDE (__cy_heap_end, (__cy_stack - 0x800))

.cybootloader   0x00000000        0x0
 *(.cybootloader)
                0x00000000                appl1_start = CY_APPL_ORIGIN?CY_APPL_ORIGIN:ALIGN (CY_FLASH_ROW_SIZE)
                0x0001ff00                appl2_start = (appl1_start + ALIGN ((((0x40000 - appl1_start) - (0x2 * CY_FLASH_ROW_SIZE)) / 0x2), CY_FLASH_ROW_SIZE))
                0x00000000                appl_start = (CY_APPL_NUM == 0x1)?appl1_start:appl2_start
                0x00000000                ecc_offset = ((appl_start / CY_FLASH_ROW_SIZE) * CY_ECC_ROW_SIZE)
                0x00000000                ee_offset = (CY_APPL_LOADABLE && ! (CY_EE_IN_BTLDR))?((CY_EE_SIZE / CY_APPL_MAX) * (CY_APPL_NUM - 0x1)):0x0
                0x00000800                ee_size = (CY_APPL_LOADABLE && ! (CY_EE_IN_BTLDR))?(CY_EE_SIZE / CY_APPL_MAX):CY_EE_SIZE
                0x00000000                PROVIDE (CY_ECC_OFFSET, ecc_offset)

.text           0x00000000     0x42b8
 CREATE_OBJECT_SYMBOLS
                0x00000000                PROVIDE (__cy_interrupt_vector, RomVectors)
 *(.romvectors)
 .romvectors    0x00000000       0x10 .\CortexM3\ARM_GCC_493\Debug\Cm3Start.o
                0x00000000                RomVectors
                0x00000001                ASSERT ((. != __cy_interrupt_vector), No interrupt vector)
                0x00000001                ASSERT (CY_APPL_ORIGIN?(SIZEOF (.cybootloader) <= CY_APPL_ORIGIN):0x1, Wrong image location)
                0x00000010                PROVIDE (__cy_reset, Reset)
 *(.text.Reset)
 .text.Reset    0x00000010       0x18 .\CortexM3\ARM_GCC_493\Debug\Cm3Start.o
                0x00000010                Reset
                0x00000001                ASSERT ((. != __cy_reset), No reset code)
 *(.dma_init)
                0x00000001                ASSERT ((((appl_start + .) <= 0x10000) || 0x1), DMA Init must be within the first 64k of flash)
 *(.text .text.* .gnu.linkonce.t.*)
 .text          0x00000028       0x5c c:/program files (x86)/cypress/psoc creator/4.0/psoc creator/import/gnu/arm/4.9.3/bin/../lib/gcc/arm-none-eabi/4.9.3/armv7-m/crtbegin.o
 *fill*         0x00000084        0x4 
 .text.isr_10_Handler
                0x00000088       0xc8 .\CortexM3\ARM_GCC_493\Debug\main.o
                0x00000088                isr_10_Handler
 .text.main     0x00000150       0xcc .\CortexM3\ARM_GCC_493\Debug\main.o
                0x00000150                main
 .text.IntDefaultHandler
                0x0000021c       0x10 .\CortexM3\ARM_GCC_493\Debug\Cm3Start.o
                0x0000021c                IntDefaultHandler
 .text._sbrk    0x0000022c       0x30 .\CortexM3\ARM_GCC_493\Debug\Cm3Start.o
                0x0000022c                _sbrk
 .text.Start_c  0x0000025c       0x4c .\CortexM3\ARM_GCC_493\Debug\Cm3Start.o
                0x0000025c                Start_c
 .text.initialize_psoc
                0x000002a8       0x74 .\CortexM3\ARM_GCC_493\Debug\Cm3Start.o
                0x000002a8                initialize_psoc
 .text.CyClockStartupError
                0x0000031c        0x4 .\CortexM3\ARM_GCC_493\Debug\Design01.a(cyfitter_cfg.o)
 .text.cfg_write_bytes32
                0x00000320       0x34 .\CortexM3\ARM_GCC_493\Debug\Design01.a(cyfitter_cfg.o)
 .text.AnalogSetDefault
                0x00000354       0x38 .\CortexM3\ARM_GCC_493\Debug\Design01.a(cyfitter_cfg.o)
 .text.CYMEMZERO
                0x0000038c        0xc .\CortexM3\ARM_GCC_493\Debug\Design01.a(cyfitter_cfg.o)
 .text.CYCONFIGCPY
                0x00000398        0x8 .\CortexM3\ARM_GCC_493\Debug\Design01.a(cyfitter_cfg.o)
 .text.ClockSetup
                0x000003a0      0x140 .\CortexM3\ARM_GCC_493\Debug\Design01.a(cyfitter_cfg.o)
 .text.ADC_AMux_Set
                0x000004e0       0x1c .\CortexM3\ARM_GCC_493\Debug\Design01.a(cyfitter_cfg.o)
                0x000004e0                ADC_AMux_Set
 .text.ADC_AMux_Unset
                0x000004fc       0x1c .\CortexM3\ARM_GCC_493\Debug\Design01.a(cyfitter_cfg.o)
                0x000004fc                ADC_AMux_Unset
 .text.cyfitter_cfg
                0x00000518      0x130 .\CortexM3\ARM_GCC_493\Debug\Design01.a(cyfitter_cfg.o)
                0x00000518                cyfitter_cfg
 .text.Timer_Enable
                0x00000648       0x10 .\CortexM3\ARM_GCC_493\Debug\Design01.a(Timer.o)
                0x00000648                Timer_Enable
 .text.Timer_SetInterruptMode
                0x00000658        0xc .\CortexM3\ARM_GCC_493\Debug\Design01.a(Timer.o)
                0x00000658                Timer_SetInterruptMode
 .text.Timer_ReadStatusRegister
                0x00000664        0xc .\CortexM3\ARM_GCC_493\Debug\Design01.a(Timer.o)
                0x00000664                Timer_ReadStatusRegister
 .text.Timer_WritePeriod
                0x00000670       0x10 .\CortexM3\ARM_GCC_493\Debug\Design01.a(Timer.o)
                0x00000670                Timer_WritePeriod
 .text.Timer_ReadCapture
                0x00000680       0x10 .\CortexM3\ARM_GCC_493\Debug\Design01.a(Timer.o)
                0x00000680                Timer_ReadCapture
 .text.Timer_WriteCounter
                0x00000690       0x10 .\CortexM3\ARM_GCC_493\Debug\Design01.a(Timer.o)
                0x00000690                Timer_WriteCounter
 .text.Timer_ClearFIFO
                0x000006a0       0x14 .\CortexM3\ARM_GCC_493\Debug\Design01.a(Timer.o)
                0x000006a0                Timer_ClearFIFO
 .text.Timer_Init
                0x000006b4       0x34 .\CortexM3\ARM_GCC_493\Debug\Design01.a(Timer.o)
                0x000006b4                Timer_Init
 .text.Timer_Start
                0x000006e8       0x1c .\CortexM3\ARM_GCC_493\Debug\Design01.a(Timer.o)
                0x000006e8                Timer_Start
 .text.ADC_GainCompensation
                0x00000704       0xcc .\CortexM3\ARM_GCC_493\Debug\Design01.a(ADC.o)
 .text.ADC_SetDSMRef0Reg
                0x000007d0       0x4c .\CortexM3\ARM_GCC_493\Debug\Design01.a(ADC.o)
 .text.ADC_InitConfig
                0x0000081c       0xdc .\CortexM3\ARM_GCC_493\Debug\Design01.a(ADC.o)
 .text.ADC_Init
                0x000008f8       0xc4 .\CortexM3\ARM_GCC_493\Debug\Design01.a(ADC.o)
                0x000008f8                ADC_Init
 .text.ADC_Enable
                0x000009bc       0xd8 .\CortexM3\ARM_GCC_493\Debug\Design01.a(ADC.o)
                0x000009bc                ADC_Enable
 .text.ADC_Start
                0x00000a94       0x28 .\CortexM3\ARM_GCC_493\Debug\Design01.a(ADC.o)
                0x00000a94                ADC_Start
 .text.ADC_StartConvert
                0x00000abc       0x10 .\CortexM3\ARM_GCC_493\Debug\Design01.a(ADC.o)
                0x00000abc                ADC_StartConvert
 .text.ADC_IsEndConversion
                0x00000acc       0x30 .\CortexM3\ARM_GCC_493\Debug\Design01.a(ADC.o)
                0x00000acc                ADC_IsEndConversion
 .text.ADC_GetResult16
                0x00000afc       0x50 .\CortexM3\ARM_GCC_493\Debug\Design01.a(ADC.o)
                0x00000afc                ADC_GetResult16
 .text.ADC_CountsTo_Volts
                0x00000b4c       0x28 .\CortexM3\ARM_GCC_493\Debug\Design01.a(ADC.o)
                0x00000b4c                ADC_CountsTo_Volts
 .text.ADC_ISR1
                0x00000b74        0x4 .\CortexM3\ARM_GCC_493\Debug\Design01.a(ADC_INT.o)
                0x00000b74                ADC_ISR1
 .text.isr_10_SetVector
                0x00000b78        0xc .\CortexM3\ARM_GCC_493\Debug\Design01.a(isr_10.o)
                0x00000b78                isr_10_SetVector
 .text.isr_10_SetPriority
                0x00000b84       0x10 .\CortexM3\ARM_GCC_493\Debug\Design01.a(isr_10.o)
                0x00000b84                isr_10_SetPriority
 .text.isr_10_Enable
                0x00000b94        0xc .\CortexM3\ARM_GCC_493\Debug\Design01.a(isr_10.o)
                0x00000b94                isr_10_Enable
 .text.isr_10_Disable
                0x00000ba0        0xc .\CortexM3\ARM_GCC_493\Debug\Design01.a(isr_10.o)
                0x00000ba0                isr_10_Disable
 .text.isr_10_StartEx
                0x00000bac       0x1c .\CortexM3\ARM_GCC_493\Debug\Design01.a(isr_10.o)
                0x00000bac                isr_10_StartEx
 .text.ADC_AMux_Start
                0x00000bc8       0x20 .\CortexM3\ARM_GCC_493\Debug\Design01.a(ADC_AMux.o)
                0x00000bc8                ADC_AMux_Start
 .text.ADC_AMux_Select
                0x00000be8       0x18 .\CortexM3\ARM_GCC_493\Debug\Design01.a(ADC_AMux.o)
                0x00000be8                ADC_AMux_Select
 .text.ADC_Ext_CP_Clk_GetDividerRegister
                0x00000c00        0xc .\CortexM3\ARM_GCC_493\Debug\Design01.a(ADC_Ext_CP_Clk.o)
                0x00000c00                ADC_Ext_CP_Clk_GetDividerRegister
 .text.ADC_Ext_CP_Clk_SetModeRegister
                0x00000c0c       0x14 .\CortexM3\ARM_GCC_493\Debug\Design01.a(ADC_Ext_CP_Clk.o)
                0x00000c0c                ADC_Ext_CP_Clk_SetModeRegister
 .text.ADC_Ext_CP_Clk_GetSourceRegister
                0x00000c20       0x10 .\CortexM3\ARM_GCC_493\Debug\Design01.a(ADC_Ext_CP_Clk.o)
                0x00000c20                ADC_Ext_CP_Clk_GetSourceRegister
 .text.ADC_Ext_CP_Clk_SetDividerRegister
                0x00000c30       0xd8 .\CortexM3\ARM_GCC_493\Debug\Design01.a(ADC_Ext_CP_Clk.o)
                0x00000c30                ADC_Ext_CP_Clk_SetDividerRegister
 .text.ADC_theACLK_GetDividerRegister
                0x00000d08        0xc .\CortexM3\ARM_GCC_493\Debug\Design01.a(ADC_theACLK.o)
                0x00000d08                ADC_theACLK_GetDividerRegister
 .text.ADC_theACLK_SetModeRegister
                0x00000d14       0x14 .\CortexM3\ARM_GCC_493\Debug\Design01.a(ADC_theACLK.o)
                0x00000d14                ADC_theACLK_SetModeRegister
 .text.ADC_theACLK_GetSourceRegister
                0x00000d28       0x10 .\CortexM3\ARM_GCC_493\Debug\Design01.a(ADC_theACLK.o)
                0x00000d28                ADC_theACLK_GetSourceRegister
 .text.ADC_theACLK_SetDividerRegister
                0x00000d38       0xd8 .\CortexM3\ARM_GCC_493\Debug\Design01.a(ADC_theACLK.o)
                0x00000d38                ADC_theACLK_SetDividerRegister
 .text.CyHalt   0x00000e10        0x4 .\CortexM3\ARM_GCC_493\Debug\Design01.a(CyLib.o)
                0x00000e10                CyHalt
 .text.CyDelay  0x00000e14       0x2c .\CortexM3\ARM_GCC_493\Debug\Design01.a(CyLib.o)
                0x00000e14                CyDelay
 .text.CyDelayUs
                0x00000e40       0x14 .\CortexM3\ARM_GCC_493\Debug\Design01.a(CyLib.o)
                0x00000e40                CyDelayUs
 .text.CyIntSetVector
                0x00000e54       0x28 .\CortexM3\ARM_GCC_493\Debug\Design01.a(CyLib.o)
                0x00000e54                CyIntSetVector
 .text.CyIntSetPriority
                0x00000e7c       0x30 .\CortexM3\ARM_GCC_493\Debug\Design01.a(CyLib.o)
                0x00000e7c                CyIntSetPriority
 .text.CySetReg24
                0x00000eac       0x14 .\CortexM3\ARM_GCC_493\Debug\Design01.a(cyutils.o)
                0x00000eac                CySetReg24
 .text.LCD_WrCntrlNib
                0x00000ec0       0x34 .\CortexM3\ARM_GCC_493\Debug\Design01.a(LCD.o)
 .text.LCD_WrDatNib
                0x00000ef4       0x44 .\CortexM3\ARM_GCC_493\Debug\Design01.a(LCD.o)
 .text.LCD_IsReady
                0x00000f38       0xe4 .\CortexM3\ARM_GCC_493\Debug\Design01.a(LCD.o)
                0x00000f38                LCD_IsReady
 .text.LCD_WriteData
                0x0000101c       0x18 .\CortexM3\ARM_GCC_493\Debug\Design01.a(LCD.o)
                0x0000101c                LCD_WriteData
 .text.LCD_PrintString
                0x00001034       0x1c .\CortexM3\ARM_GCC_493\Debug\Design01.a(LCD.o)
                0x00001034                LCD_PrintString
 .text.LCD_WriteControl
                0x00001050       0x18 .\CortexM3\ARM_GCC_493\Debug\Design01.a(LCD.o)
                0x00001050                LCD_WriteControl
 .text.LCD_Init
                0x00001068       0x6c .\CortexM3\ARM_GCC_493\Debug\Design01.a(LCD.o)
                0x00001068                LCD_Init
 .text.LCD_Enable
                0x000010d4       0x14 .\CortexM3\ARM_GCC_493\Debug\Design01.a(LCD.o)
                0x000010d4                LCD_Enable
 .text.LCD_Start
                0x000010e8       0x1c .\CortexM3\ARM_GCC_493\Debug\Design01.a(LCD.o)
                0x000010e8                LCD_Start
 .text.LCD_Position
                0x00001104       0x3c .\CortexM3\ARM_GCC_493\Debug\Design01.a(LCD.o)
                0x00001104                LCD_Position
 .text.UART_Init
                0x00001140       0x24 .\CortexM3\ARM_GCC_493\Debug\Design01.a(UART.o)
                0x00001140                UART_Init
 .text.UART_Enable
                0x00001164       0x38 .\CortexM3\ARM_GCC_493\Debug\Design01.a(UART.o)
                0x00001164                UART_Enable
 .text.UART_Start
                0x0000119c       0x1c .\CortexM3\ARM_GCC_493\Debug\Design01.a(UART.o)
                0x0000119c                UART_Start
 .text.UART_PutChar
                0x000011b8       0x18 .\CortexM3\ARM_GCC_493\Debug\Design01.a(UART.o)
                0x000011b8                UART_PutChar
 .text.UART_PutString
                0x000011d0       0x24 .\CortexM3\ARM_GCC_493\Debug\Design01.a(UART.o)
                0x000011d0                UART_PutString
 .text.UART_IntClock_Start
                0x000011f4       0x1c .\CortexM3\ARM_GCC_493\Debug\Design01.a(UART_IntClock.o)
                0x000011f4                UART_IntClock_Start
 .text.Timer2_Enable
                0x00001210       0x28 .\CortexM3\ARM_GCC_493\Debug\Design01.a(Timer2.o)
                0x00001210                Timer2_Enable
 .text.Timer2_SetInterruptMode
                0x00001238        0xc .\CortexM3\ARM_GCC_493\Debug\Design01.a(Timer2.o)
                0x00001238                Timer2_SetInterruptMode
 .text.Timer2_WritePeriod
                0x00001244        0xc .\CortexM3\ARM_GCC_493\Debug\Design01.a(Timer2.o)
                0x00001244                Timer2_WritePeriod
 .text.Timer2_WriteCounter
                0x00001250        0xc .\CortexM3\ARM_GCC_493\Debug\Design01.a(Timer2.o)
                0x00001250                Timer2_WriteCounter
 .text.Timer2_Init
                0x0000125c       0x8c .\CortexM3\ARM_GCC_493\Debug\Design01.a(Timer2.o)
                0x0000125c                Timer2_Init
 .text.Timer2_Start
                0x000012e8       0x1c .\CortexM3\ARM_GCC_493\Debug\Design01.a(Timer2.o)
                0x000012e8                Timer2_Start
 .text.Timer2_ReadCounter
                0x00001304       0x14 .\CortexM3\ARM_GCC_493\Debug\Design01.a(Timer2.o)
                0x00001304                Timer2_ReadCounter
 .text.Trigger_out_Write
                0x00001318        0xc .\CortexM3\ARM_GCC_493\Debug\Design01.a(Trigger_out.o)
                0x00001318                Trigger_out_Write
 .text.echo_Read
                0x00001324        0xc .\CortexM3\ARM_GCC_493\Debug\Design01.a(echo.o)
                0x00001324                echo_Read
 .text          0x00001330       0x20 .\CortexM3\ARM_GCC_493\Debug\Design01.a(CyBootAsmGnu.o)
                0x00001330                CyDelayCycles
                0x00001340                CyEnterCriticalSection
                0x00001348                CyExitCriticalSection
 .text          0x00001350      0x370 c:/program files (x86)/cypress/psoc creator/4.0/psoc creator/import/gnu/arm/4.9.3/bin/../lib/gcc/arm-none-eabi/4.9.3/armv7-m\libgcc.a(_arm_addsubdf3.o)
                0x00001350                __aeabi_drsub
                0x00001358                __aeabi_dsub
                0x00001358                __subdf3
                0x0000135c                __aeabi_dadd
                0x0000135c                __adddf3
                0x000015d4                __floatunsidf
                0x000015d4                __aeabi_ui2d
                0x000015f4                __floatsidf
                0x000015f4                __aeabi_i2d
                0x00001618                __aeabi_f2d
                0x00001618                __extendsfdf2
                0x00001654                __floatundidf
                0x00001654                __aeabi_ul2d
                0x00001664                __floatdidf
                0x00001664                __aeabi_l2d
 .text          0x000016c0      0x424 c:/program files (x86)/cypress/psoc creator/4.0/psoc creator/import/gnu/arm/4.9.3/bin/../lib/gcc/arm-none-eabi/4.9.3/armv7-m\libgcc.a(_arm_muldivdf3.o)
                0x000016c0                __aeabi_dmul
                0x000016c0                __muldf3
                0x00001914                __divdf3
                0x00001914                __aeabi_ddiv
 .text          0x00001ae4      0x110 c:/program files (x86)/cypress/psoc creator/4.0/psoc creator/import/gnu/arm/4.9.3/bin/../lib/gcc/arm-none-eabi/4.9.3/armv7-m\libgcc.a(_arm_cmpdf2.o)
                0x00001ae4                __gtdf2
                0x00001ae4                __gedf2
                0x00001aec                __ltdf2
                0x00001aec                __ledf2
                0x00001af4                __nedf2
                0x00001af4                __eqdf2
                0x00001af4                __cmpdf2
                0x00001b70                __aeabi_cdrcmple
                0x00001b80                __aeabi_cdcmpeq
                0x00001b80                __aeabi_cdcmple
                0x00001b90                __aeabi_dcmpeq
                0x00001ba4                __aeabi_dcmplt
                0x00001bb8                __aeabi_dcmple
                0x00001bcc                __aeabi_dcmpge
                0x00001be0                __aeabi_dcmpgt
 .text          0x00001bf4       0xa0 c:/program files (x86)/cypress/psoc creator/4.0/psoc creator/import/gnu/arm/4.9.3/bin/../lib/gcc/arm-none-eabi/4.9.3/armv7-m\libgcc.a(_arm_truncdfsf2.o)
                0x00001bf4                __truncdfsf2
                0x00001bf4                __aeabi_d2f
 .text          0x00001c94      0x21c c:/program files (x86)/cypress/psoc creator/4.0/psoc creator/import/gnu/arm/4.9.3/bin/../lib/gcc/arm-none-eabi/4.9.3/armv7-m\libgcc.a(_arm_addsubsf3.o)
                0x00001c94                __aeabi_frsub
                0x00001c9c                __subsf3
                0x00001c9c                __aeabi_fsub
                0x00001ca0                __aeabi_fadd
                0x00001ca0                __addsf3
                0x00001e00                __aeabi_ui2f
                0x00001e00                __floatunsisf
                0x00001e08                __aeabi_i2f
                0x00001e08                __floatsisf
                0x00001e24                __aeabi_ul2f
                0x00001e24                __floatundisf
                0x00001e34                __aeabi_l2f
                0x00001e34                __floatdisf
 .text          0x00001eb0      0x2a0 c:/program files (x86)/cypress/psoc creator/4.0/psoc creator/import/gnu/arm/4.9.3/bin/../lib/gcc/arm-none-eabi/4.9.3/armv7-m\libgcc.a(_arm_muldivsf3.o)
                0x00001eb0                __mulsf3
                0x00001eb0                __aeabi_fmul
                0x00002018                __aeabi_fdiv
                0x00002018                __divsf3
 .text.__errno  0x00002150        0xc c:/program files (x86)/cypress/psoc creator/4.0/psoc creator/import/gnu/arm/4.9.3/bin/../lib/gcc/arm-none-eabi/4.9.3/../../../../arm-none-eabi/lib/armv7-m\libg_nano.a(lib_a-errno.o)
                0x00002150                __errno
 .text.__libc_init_array
                0x0000215c       0x4c c:/program files (x86)/cypress/psoc creator/4.0/psoc creator/import/gnu/arm/4.9.3/bin/../lib/gcc/arm-none-eabi/4.9.3/../../../../arm-none-eabi/lib/armv7-m\libg_nano.a(lib_a-init.o)
                0x0000215c                __libc_init_array
 .text.memcpy   0x000021a8       0x16 c:/program files (x86)/cypress/psoc creator/4.0/psoc creator/import/gnu/arm/4.9.3/bin/../lib/gcc/arm-none-eabi/4.9.3/../../../../arm-none-eabi/lib/armv7-m\libg_nano.a(lib_a-memcpy.o)
                0x000021a8                memcpy
 .text.memset   0x000021be       0x10 c:/program files (x86)/cypress/psoc creator/4.0/psoc creator/import/gnu/arm/4.9.3/bin/../lib/gcc/arm-none-eabi/4.9.3/../../../../arm-none-eabi/lib/armv7-m\libg_nano.a(lib_a-memset.o)
                0x000021be                memset
 .text.__cvt    0x000021ce       0xbc c:/program files (x86)/cypress/psoc creator/4.0/psoc creator/import/gnu/arm/4.9.3/bin/../lib/gcc/arm-none-eabi/4.9.3/../../../../arm-none-eabi/lib/armv7-m\libg_nano.a(lib_a-nano-vfprintf_float.o)
                0x000021ce                __cvt
 .text.__exponent
                0x0000228a       0x62 c:/program files (x86)/cypress/psoc creator/4.0/psoc creator/import/gnu/arm/4.9.3/bin/../lib/gcc/arm-none-eabi/4.9.3/../../../../arm-none-eabi/lib/armv7-m\libg_nano.a(lib_a-nano-vfprintf_float.o)
                0x0000228a                __exponent
 .text._printf_float
                0x000022ec      0x48c c:/program files (x86)/cypress/psoc creator/4.0/psoc creator/import/gnu/arm/4.9.3/bin/../lib/gcc/arm-none-eabi/4.9.3/../../../../arm-none-eabi/lib/armv7-m\libg_nano.a(lib_a-nano-vfprintf_float.o)
                0x000022ec                _printf_float
 .text._printf_common
                0x00002778       0xea c:/program files (x86)/cypress/psoc creator/4.0/psoc creator/import/gnu/arm/4.9.3/bin/../lib/gcc/arm-none-eabi/4.9.3/../../../../arm-none-eabi/lib/armv7-m\libg_nano.a(lib_a-nano-vfprintf_i.o)
                0x00002778                _printf_common
 *fill*         0x00002862        0x2 
 .text._printf_i
                0x00002864      0x240 c:/program files (x86)/cypress/psoc creator/4.0/psoc creator/import/gnu/arm/4.9.3/bin/../lib/gcc/arm-none-eabi/4.9.3/../../../../arm-none-eabi/lib/armv7-m\libg_nano.a(lib_a-nano-vfprintf_i.o)
                0x00002864                _printf_i
 .text.__fpclassifyd
                0x00002aa4       0x50 c:/program files (x86)/cypress/psoc creator/4.0/psoc creator/import/gnu/arm/4.9.3/bin/../lib/gcc/arm-none-eabi/4.9.3/../../../../arm-none-eabi/lib/armv7-m\libg_nano.a(lib_a-s_fpclassify.o)
                0x00002aa4                __fpclassifyd
 .text.sprintf  0x00002af4       0x48 c:/program files (x86)/cypress/psoc creator/4.0/psoc creator/import/gnu/arm/4.9.3/bin/../lib/gcc/arm-none-eabi/4.9.3/../../../../arm-none-eabi/lib/armv7-m\libg_nano.a(lib_a-sprintf.o)
                0x00002af4                siprintf
                0x00002af4                sprintf
 .text.strlen   0x00002b3c       0x10 c:/program files (x86)/cypress/psoc creator/4.0/psoc creator/import/gnu/arm/4.9.3/bin/../lib/gcc/arm-none-eabi/4.9.3/../../../../arm-none-eabi/lib/armv7-m\libg_nano.a(lib_a-strlen.o)
                0x00002b3c                strlen
 .text.quorem   0x00002b4c      0x114 c:/program files (x86)/cypress/psoc creator/4.0/psoc creator/import/gnu/arm/4.9.3/bin/../lib/gcc/arm-none-eabi/4.9.3/../../../../arm-none-eabi/lib/armv7-m\libg_nano.a(lib_a-dtoa.o)
 .text._dtoa_r  0x00002c60      0xb78 c:/program files (x86)/cypress/psoc creator/4.0/psoc creator/import/gnu/arm/4.9.3/bin/../lib/gcc/arm-none-eabi/4.9.3/../../../../arm-none-eabi/lib/armv7-m\libg_nano.a(lib_a-dtoa.o)
                0x00002c60                _dtoa_r
 .text._localeconv_r
                0x000037d8        0x8 c:/program files (x86)/cypress/psoc creator/4.0/psoc creator/import/gnu/arm/4.9.3/bin/../lib/gcc/arm-none-eabi/4.9.3/../../../../arm-none-eabi/lib/armv7-m\libg_nano.a(lib_a-locale.o)
                0x000037d8                _localeconv_r
 .text.malloc   0x000037e0       0x10 c:/program files (x86)/cypress/psoc creator/4.0/psoc creator/import/gnu/arm/4.9.3/bin/../lib/gcc/arm-none-eabi/4.9.3/../../../../arm-none-eabi/lib/armv7-m\libg_nano.a(lib_a-malloc.o)
                0x000037e0                malloc
 .text.memchr   0x000037f0       0x1c c:/program files (x86)/cypress/psoc creator/4.0/psoc creator/import/gnu/arm/4.9.3/bin/../lib/gcc/arm-none-eabi/4.9.3/../../../../arm-none-eabi/lib/armv7-m\libg_nano.a(lib_a-memchr.o)
                0x000037f0                memchr
 .text._Balloc  0x0000380c       0x6a c:/program files (x86)/cypress/psoc creator/4.0/psoc creator/import/gnu/arm/4.9.3/bin/../lib/gcc/arm-none-eabi/4.9.3/../../../../arm-none-eabi/lib/armv7-m\libg_nano.a(lib_a-mprec.o)
                0x0000380c                _Balloc
 .text._Bfree   0x00003876       0x2e c:/program files (x86)/cypress/psoc creator/4.0/psoc creator/import/gnu/arm/4.9.3/bin/../lib/gcc/arm-none-eabi/4.9.3/../../../../arm-none-eabi/lib/armv7-m\libg_nano.a(lib_a-mprec.o)
                0x00003876                _Bfree
 .text.__multadd
                0x000038a4       0x7c c:/program files (x86)/cypress/psoc creator/4.0/psoc creator/import/gnu/arm/4.9.3/bin/../lib/gcc/arm-none-eabi/4.9.3/../../../../arm-none-eabi/lib/armv7-m\libg_nano.a(lib_a-mprec.o)
                0x000038a4                __multadd
 .text.__hi0bits
                0x00003920       0x40 c:/program files (x86)/cypress/psoc creator/4.0/psoc creator/import/gnu/arm/4.9.3/bin/../lib/gcc/arm-none-eabi/4.9.3/../../../../arm-none-eabi/lib/armv7-m\libg_nano.a(lib_a-mprec.o)
                0x00003920                __hi0bits
 .text.__lo0bits
                0x00003960       0x5a c:/program files (x86)/cypress/psoc creator/4.0/psoc creator/import/gnu/arm/4.9.3/bin/../lib/gcc/arm-none-eabi/4.9.3/../../../../arm-none-eabi/lib/armv7-m\libg_nano.a(lib_a-mprec.o)
                0x00003960                __lo0bits
 .text.__i2b    0x000039ba       0x12 c:/program files (x86)/cypress/psoc creator/4.0/psoc creator/import/gnu/arm/4.9.3/bin/../lib/gcc/arm-none-eabi/4.9.3/../../../../arm-none-eabi/lib/armv7-m\libg_nano.a(lib_a-mprec.o)
                0x000039ba                __i2b
 .text.__multiply
                0x000039cc      0x120 c:/program files (x86)/cypress/psoc creator/4.0/psoc creator/import/gnu/arm/4.9.3/bin/../lib/gcc/arm-none-eabi/4.9.3/../../../../arm-none-eabi/lib/armv7-m\libg_nano.a(lib_a-mprec.o)
                0x000039cc                __multiply
 .text.__pow5mult
                0x00003aec       0x9c c:/program files (x86)/cypress/psoc creator/4.0/psoc creator/import/gnu/arm/4.9.3/bin/../lib/gcc/arm-none-eabi/4.9.3/../../../../arm-none-eabi/lib/armv7-m\libg_nano.a(lib_a-mprec.o)
                0x00003aec                __pow5mult
 .text.__lshift
                0x00003b88       0xa6 c:/program files (x86)/cypress/psoc creator/4.0/psoc creator/import/gnu/arm/4.9.3/bin/../lib/gcc/arm-none-eabi/4.9.3/../../../../arm-none-eabi/lib/armv7-m\libg_nano.a(lib_a-mprec.o)
                0x00003b88                __lshift
 .text.__mcmp   0x00003c2e       0x38 c:/program files (x86)/cypress/psoc creator/4.0/psoc creator/import/gnu/arm/4.9.3/bin/../lib/gcc/arm-none-eabi/4.9.3/../../../../arm-none-eabi/lib/armv7-m\libg_nano.a(lib_a-mprec.o)
                0x00003c2e                __mcmp
 .text.__mdiff  0x00003c66       0xbe c:/program files (x86)/cypress/psoc creator/4.0/psoc creator/import/gnu/arm/4.9.3/bin/../lib/gcc/arm-none-eabi/4.9.3/../../../../arm-none-eabi/lib/armv7-m\libg_nano.a(lib_a-mprec.o)
                0x00003c66                __mdiff
 .text.__d2b    0x00003d24       0xa4 c:/program files (x86)/cypress/psoc creator/4.0/psoc creator/import/gnu/arm/4.9.3/bin/../lib/gcc/arm-none-eabi/4.9.3/../../../../arm-none-eabi/lib/armv7-m\libg_nano.a(lib_a-mprec.o)
                0x00003d24                __d2b
 .text._calloc_r
                0x00003dc8       0x1c c:/program files (x86)/cypress/psoc creator/4.0/psoc creator/import/gnu/arm/4.9.3/bin/../lib/gcc/arm-none-eabi/4.9.3/../../../../arm-none-eabi/lib/armv7-m\libg_nano.a(lib_a-nano-callocr.o)
                0x00003dc8                _calloc_r
 .text._free_r  0x00003de4       0x88 c:/program files (x86)/cypress/psoc creator/4.0/psoc creator/import/gnu/arm/4.9.3/bin/../lib/gcc/arm-none-eabi/4.9.3/../../../../arm-none-eabi/lib/armv7-m\libg_nano.a(lib_a-nano-freer.o)
                0x00003de4                _free_r
 .text._malloc_r
                0x00003e6c       0xac c:/program files (x86)/cypress/psoc creator/4.0/psoc creator/import/gnu/arm/4.9.3/bin/../lib/gcc/arm-none-eabi/4.9.3/../../../../arm-none-eabi/lib/armv7-m\libg_nano.a(lib_a-nano-mallocr.o)
                0x00003e6c                _malloc_r
 .text.__ssputs_r
                0x00003f18       0xb2 c:/program files (x86)/cypress/psoc creator/4.0/psoc creator/import/gnu/arm/4.9.3/bin/../lib/gcc/arm-none-eabi/4.9.3/../../../../arm-none-eabi/lib/armv7-m\libg_nano.a(lib_a-nano-svfprintf.o)
                0x00003f18                __ssputs_r
 *fill*         0x00003fca        0x2 
 .text._svfprintf_r
                0x00003fcc      0x1e4 c:/program files (x86)/cypress/psoc creator/4.0/psoc creator/import/gnu/arm/4.9.3/bin/../lib/gcc/arm-none-eabi/4.9.3/../../../../arm-none-eabi/lib/armv7-m\libg_nano.a(lib_a-nano-svfprintf.o)
                0x00003fcc                _svfiprintf_r
                0x00003fcc                _svfprintf_r
 .text._sbrk_r  0x000041b0       0x20 c:/program files (x86)/cypress/psoc creator/4.0/psoc creator/import/gnu/arm/4.9.3/bin/../lib/gcc/arm-none-eabi/4.9.3/../../../../arm-none-eabi/lib/armv7-m\libg_nano.a(lib_a-sbrkr.o)
                0x000041b0                _sbrk_r
 .text.memmove  0x000041d0       0x36 c:/program files (x86)/cypress/psoc creator/4.0/psoc creator/import/gnu/arm/4.9.3/bin/../lib/gcc/arm-none-eabi/4.9.3/../../../../arm-none-eabi/lib/armv7-m\libg_nano.a(lib_a-memmove.o)
                0x000041d0                memmove
 .text._realloc_r
                0x00004206       0x4c c:/program files (x86)/cypress/psoc creator/4.0/psoc creator/import/gnu/arm/4.9.3/bin/../lib/gcc/arm-none-eabi/4.9.3/../../../../arm-none-eabi/lib/armv7-m\libg_nano.a(lib_a-nano-reallocr.o)
                0x00004206                _realloc_r
 .text._malloc_usable_size_r
                0x00004252       0x14 c:/program files (x86)/cypress/psoc creator/4.0/psoc creator/import/gnu/arm/4.9.3/bin/../lib/gcc/arm-none-eabi/4.9.3/../../../../arm-none-eabi/lib/armv7-m\libg_nano.a(lib_a-nano-msizer.o)
                0x00004252                _malloc_usable_size_r
 *fill*         0x00004266        0x2 
 .text          0x00004268       0x50 c:/program files (x86)/cypress/psoc creator/4.0/psoc creator/import/gnu/arm/4.9.3/bin/../lib/gcc/arm-none-eabi/4.9.3/armv7-m\libgcc.a(_arm_fixdfsi.o)
                0x00004268                __aeabi_d2iz
                0x00004268                __fixdfsi
 *(.plt)
 *(.gnu.warning)
 *(.glue_7t)
 .glue_7t       0x00000000        0x0 linker stubs
 *(.glue_7)
 .glue_7        0x00000000        0x0 linker stubs
 *(.vfp11_veneer)
 .vfp11_veneer  0x00000000        0x0 linker stubs
 *(.bootloader)
 *(.ARM.extab* .gnu.linkonce.armextab.*)
 *(.gcc_except_table)

.v4_bx          0x000042b8        0x0
 .v4_bx         0x00000000        0x0 linker stubs

.iplt           0x000042b8        0x0
 .iplt          0x00000000        0x0 c:/program files (x86)/cypress/psoc creator/4.0/psoc creator/import/gnu/arm/4.9.3/bin/../lib/gcc/arm-none-eabi/4.9.3/armv7-m/crtbegin.o

.eh_frame_hdr
 *(.eh_frame_hdr)

.eh_frame       0x000042b8        0x4
 *(.eh_frame)
 .eh_frame      0x000042b8        0x0 c:/program files (x86)/cypress/psoc creator/4.0/psoc creator/import/gnu/arm/4.9.3/bin/../lib/gcc/arm-none-eabi/4.9.3/armv7-m/crtbegin.o
 .eh_frame      0x000042b8        0x0 c:/program files (x86)/cypress/psoc creator/4.0/psoc creator/import/gnu/arm/4.9.3/bin/../lib/gcc/arm-none-eabi/4.9.3/../../../../arm-none-eabi/lib/armv7-m\libg_nano.a(lib_a-strcmp.o)
                                 0x28 (size before relaxing)
 .eh_frame      0x000042b8        0x4 c:/program files (x86)/cypress/psoc creator/4.0/psoc creator/import/gnu/arm/4.9.3/bin/../lib/gcc/arm-none-eabi/4.9.3/armv7-m/crtend.o
                0x000042bc                PROVIDE (__exidx_start, .)

.ARM.exidx
 *(.ARM.exidx* .gnu.linkonce.armexidx.*)
                0x000042bc                __exidx_end = .

.rodata         0x000042c0      0x220
 *(.rodata .rodata.* .gnu.linkonce.r.*)
 .rodata.str1.4
                0x000042c0       0x34 .\CortexM3\ARM_GCC_493\Debug\main.o
 .rodata        0x000042f4       0x54 .\CortexM3\ARM_GCC_493\Debug\Design01.a(cyfitter_cfg.o)
                0x000042f4                ADC_AMux__addrTable
                0x000042fc                ADC_AMux__maskTable
 .rodata.str1.1
                0x00004348        0x2 c:/program files (x86)/cypress/psoc creator/4.0/psoc creator/import/gnu/arm/4.9.3/bin/../lib/gcc/arm-none-eabi/4.9.3/../../../../arm-none-eabi/lib/armv7-m\libg_nano.a(lib_a-impure.o)
 .rodata.str1.1
                0x0000434a       0x12 c:/program files (x86)/cypress/psoc creator/4.0/psoc creator/import/gnu/arm/4.9.3/bin/../lib/gcc/arm-none-eabi/4.9.3/../../../../arm-none-eabi/lib/armv7-m\libg_nano.a(lib_a-nano-vfprintf_float.o)
 .rodata.str1.1
                0x0000435c       0x22 c:/program files (x86)/cypress/psoc creator/4.0/psoc creator/import/gnu/arm/4.9.3/bin/../lib/gcc/arm-none-eabi/4.9.3/../../../../arm-none-eabi/lib/armv7-m\libg_nano.a(lib_a-nano-vfprintf_i.o)
 .rodata.str1.1
                0x0000437e        0xd c:/program files (x86)/cypress/psoc creator/4.0/psoc creator/import/gnu/arm/4.9.3/bin/../lib/gcc/arm-none-eabi/4.9.3/../../../../arm-none-eabi/lib/armv7-m\libg_nano.a(lib_a-dtoa.o)
                                  0xf (size before relaxing)
 .rodata.str1.1
                0x0000438b        0x8 c:/program files (x86)/cypress/psoc creator/4.0/psoc creator/import/gnu/arm/4.9.3/bin/../lib/gcc/arm-none-eabi/4.9.3/../../../../arm-none-eabi/lib/armv7-m\libg_nano.a(lib_a-locale.o)
                                  0xb (size before relaxing)
 *fill*         0x00004393        0x5 
 .rodata.__mprec_tens
                0x00004398       0xc8 c:/program files (x86)/cypress/psoc creator/4.0/psoc creator/import/gnu/arm/4.9.3/bin/../lib/gcc/arm-none-eabi/4.9.3/../../../../arm-none-eabi/lib/armv7-m\libg_nano.a(lib_a-mprec.o)
                0x00004398                __mprec_tens
 .rodata.__mprec_bigtens
                0x00004460       0x28 c:/program files (x86)/cypress/psoc creator/4.0/psoc creator/import/gnu/arm/4.9.3/bin/../lib/gcc/arm-none-eabi/4.9.3/../../../../arm-none-eabi/lib/armv7-m\libg_nano.a(lib_a-mprec.o)
                0x00004460                __mprec_bigtens
 .rodata.p05.5308
                0x00004488        0xc c:/program files (x86)/cypress/psoc creator/4.0/psoc creator/import/gnu/arm/4.9.3/bin/../lib/gcc/arm-none-eabi/4.9.3/../../../../arm-none-eabi/lib/armv7-m\libg_nano.a(lib_a-mprec.o)
 .rodata.str1.1
                0x00004494       0x11 c:/program files (x86)/cypress/psoc creator/4.0/psoc creator/import/gnu/arm/4.9.3/bin/../lib/gcc/arm-none-eabi/4.9.3/../../../../arm-none-eabi/lib/armv7-m\libg_nano.a(lib_a-nano-svfprintf.o)
                0x000044a8                . = ALIGN (0x4)
 *fill*         0x000044a5        0x3 
 *(.init)
 .init          0x000044a8        0x4 c:/program files (x86)/cypress/psoc creator/4.0/psoc creator/import/gnu/arm/4.9.3/bin/../lib/gcc/arm-none-eabi/4.9.3/armv7-m/crti.o
                0x000044a8                _init
 .init          0x000044ac        0x8 c:/program files (x86)/cypress/psoc creator/4.0/psoc creator/import/gnu/arm/4.9.3/bin/../lib/gcc/arm-none-eabi/4.9.3/armv7-m/crtn.o
                0x000044b4                . = ALIGN (0x4)
                0x000044b4                __preinit_array_start = .
 *(.preinit_array)
                0x000044b4                __preinit_array_end = .
                0x000044b4                . = ALIGN (0x4)
                0x000044b4                __init_array_start = .
 *(SORT(.init_array.*))
 *(.init_array)
 .init_array    0x000044b4        0x4 c:/program files (x86)/cypress/psoc creator/4.0/psoc creator/import/gnu/arm/4.9.3/bin/../lib/gcc/arm-none-eabi/4.9.3/armv7-m/crtbegin.o
 .init_array    0x000044b8        0x4 .\CortexM3\ARM_GCC_493\Debug\Cm3Start.o
                0x000044bc                __init_array_end = .
                0x000044bc                . = ALIGN (0x4)
 *(.fini)
 .fini          0x000044bc        0x4 c:/program files (x86)/cypress/psoc creator/4.0/psoc creator/import/gnu/arm/4.9.3/bin/../lib/gcc/arm-none-eabi/4.9.3/armv7-m/crti.o
                0x000044bc                _fini
 .fini          0x000044c0        0x8 c:/program files (x86)/cypress/psoc creator/4.0/psoc creator/import/gnu/arm/4.9.3/bin/../lib/gcc/arm-none-eabi/4.9.3/armv7-m/crtn.o
                0x000044c8                . = ALIGN (0x4)
                0x000044c8                __fini_array_start = .
 *(.fini_array)
 .fini_array    0x000044c8        0x4 c:/program files (x86)/cypress/psoc creator/4.0/psoc creator/import/gnu/arm/4.9.3/bin/../lib/gcc/arm-none-eabi/4.9.3/armv7-m/crtbegin.o
 *(SORT(.fini_array.*))
                0x000044cc                __fini_array_end = .
                0x000044cc                . = ALIGN (0x4)
 *crtbegin.o(.ctors)
 *(EXCLUDE_FILE(*crtend.o) .ctors)
 *(SORT(.ctors.*))
 *crtend.o(.ctors)
                0x000044cc                . = ALIGN (0x4)
 *crtbegin.o(.dtors)
 *(EXCLUDE_FILE(*crtend.o) .dtors)
 *(SORT(.dtors.*))
 *crtend.o(.dtors)
                0x000044cc                . = ALIGN (0x4)
                0x000044cc                __cy_regions = .
                0x000044cc        0x4 LONG 0x44e0 __cy_region_init_ram
                0x000044d0        0x4 LONG 0x1fff8108 __cy_region_start_data
                0x000044d4        0x4 LONG 0xb8 __cy_region_init_size_ram
                0x000044d8        0x4 LONG 0x88 __cy_region_zero_size_ram
                0x000044dc                __cy_regions_end = .
                0x000044e0                . = ALIGN (0x8)
 *fill*         0x000044dc        0x4 
                0x000044e0                _etext = .

.cy_checksum_exclude
                0x000044e0        0x0
 *(.cy_checksum_exclude)

.ramvectors     0x1fff8000      0x100
                0x1fff8000                __cy_region_start_ram = .
 *(.ramvectors)
 .ramvectors    0x1fff8000      0x100 .\CortexM3\ARM_GCC_493\Debug\Cm3Start.o
                0x1fff8000                CyRamVectors

.noinit         0x1fff8100        0x5
 *(.noinit)
 .noinit        0x1fff8100        0x4 .\CortexM3\ARM_GCC_493\Debug\Cm3Start.o
 .noinit        0x1fff8104        0x1 .\CortexM3\ARM_GCC_493\Debug\Design01.a(CyLib.o)
                0x1fff8104                CyResetStatus

.data           0x1fff8108       0xb8 load address 0x000044e0
                0x1fff8108                __cy_region_start_data = .
 *(.jcr)
 .jcr           0x1fff8108        0x0 c:/program files (x86)/cypress/psoc creator/4.0/psoc creator/import/gnu/arm/4.9.3/bin/../lib/gcc/arm-none-eabi/4.9.3/armv7-m/crtbegin.o
 .jcr           0x1fff8108        0x4 c:/program files (x86)/cypress/psoc creator/4.0/psoc creator/import/gnu/arm/4.9.3/bin/../lib/gcc/arm-none-eabi/4.9.3/armv7-m/crtend.o
 *(.got.plt)
 *(.got)
 *(.shdata)
 *(.data .data.* .gnu.linkonce.d.*)
 .data          0x1fff810c        0x4 .\CortexM3\ARM_GCC_493\Debug\Cm3Start.o
 .data          0x1fff8110        0x1 .\CortexM3\ARM_GCC_493\Debug\Design01.a(ADC.o)
                0x1fff8110                ADC_Config
 .data          0x1fff8111        0x1 .\CortexM3\ARM_GCC_493\Debug\Design01.a(ADC_AMux.o)
 *fill*         0x1fff8112        0x2 
 .data          0x1fff8114       0x10 .\CortexM3\ARM_GCC_493\Debug\Design01.a(CyLib.o)
                0x1fff8114                cydelay_32k_ms
                0x1fff8118                cydelay_freq_khz
                0x1fff811c                cydelay_freq_mhz
                0x1fff8120                cydelay_freq_hz
 .data.impure_data
                0x1fff8124       0x60 c:/program files (x86)/cypress/psoc creator/4.0/psoc creator/import/gnu/arm/4.9.3/bin/../lib/gcc/arm-none-eabi/4.9.3/../../../../arm-none-eabi/lib/armv7-m\libg_nano.a(lib_a-impure.o)
 .data._impure_ptr
                0x1fff8184        0x4 c:/program files (x86)/cypress/psoc creator/4.0/psoc creator/import/gnu/arm/4.9.3/bin/../lib/gcc/arm-none-eabi/4.9.3/../../../../arm-none-eabi/lib/armv7-m\libg_nano.a(lib_a-impure.o)
                0x1fff8184                _impure_ptr
 .data.lconv    0x1fff8188       0x38 c:/program files (x86)/cypress/psoc creator/4.0/psoc creator/import/gnu/arm/4.9.3/bin/../lib/gcc/arm-none-eabi/4.9.3/../../../../arm-none-eabi/lib/armv7-m\libg_nano.a(lib_a-locale.o)
                0x1fff81c0                . = ALIGN (0x8)
 *(.ram)
                0x1fff81c0                _edata = .

.igot.plt       0x1fff81c0        0x0 load address 0x00004598
 .igot.plt      0x00000000        0x0 c:/program files (x86)/cypress/psoc creator/4.0/psoc creator/import/gnu/arm/4.9.3/bin/../lib/gcc/arm-none-eabi/4.9.3/armv7-m/crtbegin.o

.bss            0x1fff81c0       0x88 load address 0x00004598
                0x1fff81c0                PROVIDE (__bss_start__, .)
 *(.shbss)
 *(.bss .bss.* .gnu.linkonce.b.*)
 .bss           0x1fff81c0       0x1c c:/program files (x86)/cypress/psoc creator/4.0/psoc creator/import/gnu/arm/4.9.3/bin/../lib/gcc/arm-none-eabi/4.9.3/armv7-m/crtbegin.o
 .bss           0x1fff81dc       0x40 .\CortexM3\ARM_GCC_493\Debug\main.o
                0x1fff81dc                data
                0x1fff81e0                volts
                0x1fff81e4                angulo
                0x1fff81e8                ContInt
                0x1fff81ec                value_counter
                0x1fff81f0                distancia
                0x1fff81f4                displayStrLCD
                0x1fff8204                displayStrUART
                0x1fff8214                tiempoInterrupcion
                0x1fff8218                tiempo
 .bss           0x1fff821c        0x1 .\CortexM3\ARM_GCC_493\Debug\Design01.a(Timer.o)
                0x1fff821c                Timer_initVar
 *fill*         0x1fff821d        0x3 
 .bss           0x1fff8220        0x8 .\CortexM3\ARM_GCC_493\Debug\Design01.a(ADC.o)
                0x1fff8224                ADC_stopConversion
                0x1fff8225                ADC_convDone
                0x1fff8226                ADC_initVar
                0x1fff8227                ADC_started
 .bss           0x1fff8228        0x2 .\CortexM3\ARM_GCC_493\Debug\Design01.a(LCD.o)
                0x1fff8228                LCD_enableState
                0x1fff8229                LCD_initVar
 .bss           0x1fff822a        0x2 .\CortexM3\ARM_GCC_493\Debug\Design01.a(UART.o)
                0x1fff822a                UART_initVar
 .bss           0x1fff822c        0x1 .\CortexM3\ARM_GCC_493\Debug\Design01.a(Timer2.o)
                0x1fff822c                Timer2_initVar
 *fill*         0x1fff822d        0x3 
 .bss.__malloc_sbrk_start
                0x1fff8230        0x4 c:/program files (x86)/cypress/psoc creator/4.0/psoc creator/import/gnu/arm/4.9.3/bin/../lib/gcc/arm-none-eabi/4.9.3/../../../../arm-none-eabi/lib/armv7-m\libg_nano.a(lib_a-nano-mallocr.o)
                0x1fff8230                __malloc_sbrk_start
 .bss.__malloc_free_list
                0x1fff8234        0x4 c:/program files (x86)/cypress/psoc creator/4.0/psoc creator/import/gnu/arm/4.9.3/bin/../lib/gcc/arm-none-eabi/4.9.3/../../../../arm-none-eabi/lib/armv7-m\libg_nano.a(lib_a-nano-mallocr.o)
                0x1fff8234                __malloc_free_list
 *(COMMON)
 COMMON         0x1fff8238        0x8 .\CortexM3\ARM_GCC_493\Debug\Design01.a(ADC.o)
                0x1fff8238                ADC_Offset
                0x1fff823c                ADC_CountsPerVolt
 COMMON         0x1fff8240        0x4 c:/program files (x86)/cypress/psoc creator/4.0/psoc creator/import/gnu/arm/4.9.3/bin/../lib/gcc/arm-none-eabi/4.9.3/../../../../arm-none-eabi/lib/armv7-m\libg_nano.a(lib_a-reent.o)
                0x1fff8240                errno
                0x1fff8248                . = ALIGN (0x8)
 *fill*         0x1fff8244        0x4 
 *(.ram.b)
                0x1fff8248                _end = .
                0x1fff8248                __end = .
                0x1fff8248                PROVIDE (end, .)
                0x1fff8248                PROVIDE (__bss_end__, .)
                0x000044e0                __cy_region_init_ram = LOADADDR (.data)
                0x000000b8                __cy_region_init_size_ram = (_edata - ADDR (.data))
                0x00000088                __cy_region_zero_size_ram = (_end - _edata)

.heap           0x1fff8248      0x200 load address 0x00004598
                0x1fff8248                . = _end
                0x1fff8448                . = (. + 0x200)
 *fill*         0x1fff8248      0x200 
                0x1fff8448                __cy_heap_limit = .

.stack          0x20007800      0x800
                0x20007800                __cy_stack_limit = .
                0x20008000                . = (. + 0x800)
 *fill*         0x20007800      0x800 
                0x00000001                ASSERT ((__cy_stack_limit >= __cy_heap_limit), region RAM overflowed with stack)
                0x00000000                cy_checksum_exclude_size = (CY_APPL_LOADABLE == 0x1)?SIZEOF (.cy_checksum_exclude):0x0
                0x00000001                ASSERT ((cy_checksum_exclude_size <= CY_CHECKSUM_EXCLUDE_SIZE), CY_BOOT: Section .cy_checksum_exclude size exceedes specified limit.)

.cyloadermeta
 *(.cyloadermeta)

.cyloadablemeta
 *(.cyloadablemeta)

.cyconfigecc    0x80000000      0x56c
 *(.cyconfigecc)
 .cyconfigecc   0x80000000      0x56c .\CortexM3\ARM_GCC_493\Debug\cymetadata.o
                0x80000000                cy_meta_configecc

.cycustnvl      0x90000000        0x4
 *(.cycustnvl)
 .cycustnvl     0x90000000        0x4 .\CortexM3\ARM_GCC_493\Debug\cymetadata.o
                0x90000000                cy_meta_custnvl

.cywolatch      0x90100000        0x4
 *(.cywolatch)
 .cywolatch     0x90100000        0x4 .\CortexM3\ARM_GCC_493\Debug\cymetadata.o
                0x90100000                cy_meta_wonvl

.cyeeprom       0x90200000        0x0
 *(.cyeeprom)
                0x00000001                ASSERT ((. <= ((0x90200000 + ee_offset) + ee_size)), .cyeeprom data will not fit in EEPROM)

.cyflashprotect
                0x90400000      0x100
 *(.cyflashprotect)
 .cyflashprotect
                0x90400000      0x100 .\CortexM3\ARM_GCC_493\Debug\cymetadata.o
                0x90400000                cy_meta_flashprotect

.cymeta         0x90500000        0xc
 *(.cymeta)
 .cymeta        0x90500000        0xc .\CortexM3\ARM_GCC_493\Debug\cymetadata.o
                0x90500000                cy_metadata

.rel.dyn        0x00004598        0x0 load address 0x9050000c
 .rel.iplt      0x00000000        0x0 c:/program files (x86)/cypress/psoc creator/4.0/psoc creator/import/gnu/arm/4.9.3/bin/../lib/gcc/arm-none-eabi/4.9.3/armv7-m/crtbegin.o

.stab
 *(.stab)

.stabstr
 *(.stabstr)

.debug
 *(.debug)

.line
 *(.line)

.debug_srcinfo
 *(.debug_srcinfo)

.debug_sfnames
 *(.debug_sfnames)

.debug_aranges  0x00000000      0xb90
 *(.debug_aranges)
 .debug_aranges
                0x00000000       0x28 .\CortexM3\ARM_GCC_493\Debug\main.o
 .debug_aranges
                0x00000028       0x18 .\CortexM3\ARM_GCC_493\Debug\cymetadata.o
 .debug_aranges
                0x00000040       0x48 .\CortexM3\ARM_GCC_493\Debug\Cm3Start.o
 .debug_aranges
                0x00000088       0x68 .\CortexM3\ARM_GCC_493\Debug\Design01.a(cyfitter_cfg.o)
 .debug_aranges
                0x000000f0       0x90 .\CortexM3\ARM_GCC_493\Debug\Design01.a(Timer.o)
 .debug_aranges
                0x00000180       0xe8 .\CortexM3\ARM_GCC_493\Debug\Design01.a(ADC.o)
 .debug_aranges
                0x00000268       0x38 .\CortexM3\ARM_GCC_493\Debug\Design01.a(ADC_INT.o)
 .debug_aranges
                0x000002a0       0x80 .\CortexM3\ARM_GCC_493\Debug\Design01.a(isr_10.o)
 .debug_aranges
                0x00000320       0x30 .\CortexM3\ARM_GCC_493\Debug\Design01.a(ADC_AMux.o)
 .debug_aranges
                0x00000350       0x70 .\CortexM3\ARM_GCC_493\Debug\Design01.a(ADC_Ext_CP_Clk.o)
 .debug_aranges
                0x000003c0       0x80 .\CortexM3\ARM_GCC_493\Debug\Design01.a(ADC_theACLK.o)
 .debug_aranges
                0x00000440      0x2a0 .\CortexM3\ARM_GCC_493\Debug\Design01.a(CyLib.o)
 .debug_aranges
                0x000006e0       0x98 .\CortexM3\ARM_GCC_493\Debug\Design01.a(cyPm.o)
 .debug_aranges
                0x00000778       0x20 .\CortexM3\ARM_GCC_493\Debug\Design01.a(cyutils.o)
 .debug_aranges
                0x00000798       0x98 .\CortexM3\ARM_GCC_493\Debug\Design01.a(LCD.o)
 .debug_aranges
                0x00000830       0xf0 .\CortexM3\ARM_GCC_493\Debug\Design01.a(UART.o)
 .debug_aranges
                0x00000920       0x70 .\CortexM3\ARM_GCC_493\Debug\Design01.a(UART_IntClock.o)
 .debug_aranges
                0x00000990       0x88 .\CortexM3\ARM_GCC_493\Debug\Design01.a(Timer2.o)
 .debug_aranges
                0x00000a18       0x28 .\CortexM3\ARM_GCC_493\Debug\Design01.a(Trigger_out.o)
 .debug_aranges
                0x00000a40       0x38 .\CortexM3\ARM_GCC_493\Debug\Design01.a(echo.o)
 .debug_aranges
                0x00000a78       0x20 .\CortexM3\ARM_GCC_493\Debug\Design01.a(CyBootAsmGnu.o)
 .debug_aranges
                0x00000a98       0x80 .\CortexM3\ARM_GCC_493\Debug\Design01.a(CyFlash.o)
 .debug_aranges
                0x00000b18       0x78 .\CortexM3\ARM_GCC_493\Debug\Design01.a(CySpc.o)

.debug_pubnames
 *(.debug_pubnames)

.debug_info     0x00000000     0x6737
 *(.debug_info .gnu.linkonce.wi.*)
 .debug_info    0x00000000      0x505 .\CortexM3\ARM_GCC_493\Debug\main.o
 .debug_info    0x00000505      0x13c .\CortexM3\ARM_GCC_493\Debug\cymetadata.o
 .debug_info    0x00000641      0x3b3 .\CortexM3\ARM_GCC_493\Debug\Cm3Start.o
 .debug_info    0x000009f4      0x6da .\CortexM3\ARM_GCC_493\Debug\Design01.a(cyfitter_cfg.o)
 .debug_info    0x000010ce      0x340 .\CortexM3\ARM_GCC_493\Debug\Design01.a(Timer.o)
 .debug_info    0x0000140e      0xa7a .\CortexM3\ARM_GCC_493\Debug\Design01.a(ADC.o)
 .debug_info    0x00001e88       0xcc .\CortexM3\ARM_GCC_493\Debug\Design01.a(ADC_INT.o)
 .debug_info    0x00001f54      0x2cb .\CortexM3\ARM_GCC_493\Debug\Design01.a(isr_10.o)
 .debug_info    0x0000221f      0x16d .\CortexM3\ARM_GCC_493\Debug\Design01.a(ADC_AMux.o)
 .debug_info    0x0000238c      0x283 .\CortexM3\ARM_GCC_493\Debug\Design01.a(ADC_Ext_CP_Clk.o)
 .debug_info    0x0000260f      0x2c4 .\CortexM3\ARM_GCC_493\Debug\Design01.a(ADC_theACLK.o)
 .debug_info    0x000028d3     0x1385 .\CortexM3\ARM_GCC_493\Debug\Design01.a(CyLib.o)
 .debug_info    0x00003c58      0xa57 .\CortexM3\ARM_GCC_493\Debug\Design01.a(cyPm.o)
 .debug_info    0x000046af       0xee .\CortexM3\ARM_GCC_493\Debug\Design01.a(cyutils.o)
 .debug_info    0x0000479d      0x716 .\CortexM3\ARM_GCC_493\Debug\Design01.a(LCD.o)
 .debug_info    0x00004eb3      0x603 .\CortexM3\ARM_GCC_493\Debug\Design01.a(UART.o)
 .debug_info    0x000054b6      0x283 .\CortexM3\ARM_GCC_493\Debug\Design01.a(UART_IntClock.o)
 .debug_info    0x00005739      0x28c .\CortexM3\ARM_GCC_493\Debug\Design01.a(Timer2.o)
 .debug_info    0x000059c5       0xd6 .\CortexM3\ARM_GCC_493\Debug\Design01.a(Trigger_out.o)
 .debug_info    0x00005a9b      0x121 .\CortexM3\ARM_GCC_493\Debug\Design01.a(echo.o)
 .debug_info    0x00005bbc       0x89 .\CortexM3\ARM_GCC_493\Debug\Design01.a(CyBootAsmGnu.o)
 .debug_info    0x00005c45      0x608 .\CortexM3\ARM_GCC_493\Debug\Design01.a(CyFlash.o)
 .debug_info    0x0000624d      0x4ea .\CortexM3\ARM_GCC_493\Debug\Design01.a(CySpc.o)

.debug_abbrev   0x00000000     0x1db5
 *(.debug_abbrev)
 .debug_abbrev  0x00000000      0x175 .\CortexM3\ARM_GCC_493\Debug\main.o
 .debug_abbrev  0x00000175       0x77 .\CortexM3\ARM_GCC_493\Debug\cymetadata.o
 .debug_abbrev  0x000001ec      0x1f7 .\CortexM3\ARM_GCC_493\Debug\Cm3Start.o
 .debug_abbrev  0x000003e3      0x21f .\CortexM3\ARM_GCC_493\Debug\Design01.a(cyfitter_cfg.o)
 .debug_abbrev  0x00000602      0x170 .\CortexM3\ARM_GCC_493\Debug\Design01.a(Timer.o)
 .debug_abbrev  0x00000772      0x21f .\CortexM3\ARM_GCC_493\Debug\Design01.a(ADC.o)
 .debug_abbrev  0x00000991       0x42 .\CortexM3\ARM_GCC_493\Debug\Design01.a(ADC_INT.o)
 .debug_abbrev  0x000009d3      0x173 .\CortexM3\ARM_GCC_493\Debug\Design01.a(isr_10.o)
 .debug_abbrev  0x00000b46       0xcb .\CortexM3\ARM_GCC_493\Debug\Design01.a(ADC_AMux.o)
 .debug_abbrev  0x00000c11      0x139 .\CortexM3\ARM_GCC_493\Debug\Design01.a(ADC_Ext_CP_Clk.o)
 .debug_abbrev  0x00000d4a      0x121 .\CortexM3\ARM_GCC_493\Debug\Design01.a(ADC_theACLK.o)
 .debug_abbrev  0x00000e6b      0x296 .\CortexM3\ARM_GCC_493\Debug\Design01.a(CyLib.o)
 .debug_abbrev  0x00001101      0x1ed .\CortexM3\ARM_GCC_493\Debug\Design01.a(cyPm.o)
 .debug_abbrev  0x000012ee       0x8e .\CortexM3\ARM_GCC_493\Debug\Design01.a(cyutils.o)
 .debug_abbrev  0x0000137c      0x171 .\CortexM3\ARM_GCC_493\Debug\Design01.a(LCD.o)
 .debug_abbrev  0x000014ed      0x1a2 .\CortexM3\ARM_GCC_493\Debug\Design01.a(UART.o)
 .debug_abbrev  0x0000168f      0x139 .\CortexM3\ARM_GCC_493\Debug\Design01.a(UART_IntClock.o)
 .debug_abbrev  0x000017c8      0x11a .\CortexM3\ARM_GCC_493\Debug\Design01.a(Timer2.o)
 .debug_abbrev  0x000018e2       0x81 .\CortexM3\ARM_GCC_493\Debug\Design01.a(Trigger_out.o)
 .debug_abbrev  0x00001963       0x90 .\CortexM3\ARM_GCC_493\Debug\Design01.a(echo.o)
 .debug_abbrev  0x000019f3       0x14 .\CortexM3\ARM_GCC_493\Debug\Design01.a(CyBootAsmGnu.o)
 .debug_abbrev  0x00001a07      0x1ed .\CortexM3\ARM_GCC_493\Debug\Design01.a(CyFlash.o)
 .debug_abbrev  0x00001bf4      0x1c1 .\CortexM3\ARM_GCC_493\Debug\Design01.a(CySpc.o)

.debug_line     0x00000000     0x2a25
 *(.debug_line)
 .debug_line    0x00000000      0x21b .\CortexM3\ARM_GCC_493\Debug\main.o
 .debug_line    0x0000021b       0x51 .\CortexM3\ARM_GCC_493\Debug\cymetadata.o
 .debug_line    0x0000026c      0x24f .\CortexM3\ARM_GCC_493\Debug\Cm3Start.o
 .debug_line    0x000004bb      0x247 .\CortexM3\ARM_GCC_493\Debug\Design01.a(cyfitter_cfg.o)
 .debug_line    0x00000702      0x170 .\CortexM3\ARM_GCC_493\Debug\Design01.a(Timer.o)
 .debug_line    0x00000872      0x363 .\CortexM3\ARM_GCC_493\Debug\Design01.a(ADC.o)
 .debug_line    0x00000bd5       0x80 .\CortexM3\ARM_GCC_493\Debug\Design01.a(ADC_INT.o)
 .debug_line    0x00000c55      0x133 .\CortexM3\ARM_GCC_493\Debug\Design01.a(isr_10.o)
 .debug_line    0x00000d88       0xac .\CortexM3\ARM_GCC_493\Debug\Design01.a(ADC_AMux.o)
 .debug_line    0x00000e34      0x17d .\CortexM3\ARM_GCC_493\Debug\Design01.a(ADC_Ext_CP_Clk.o)
 .debug_line    0x00000fb1      0x19d .\CortexM3\ARM_GCC_493\Debug\Design01.a(ADC_theACLK.o)
 .debug_line    0x0000114e      0x816 .\CortexM3\ARM_GCC_493\Debug\Design01.a(CyLib.o)
 .debug_line    0x00001964      0x364 .\CortexM3\ARM_GCC_493\Debug\Design01.a(cyPm.o)
 .debug_line    0x00001cc8       0x60 .\CortexM3\ARM_GCC_493\Debug\Design01.a(cyutils.o)
 .debug_line    0x00001d28      0x1dc .\CortexM3\ARM_GCC_493\Debug\Design01.a(LCD.o)
 .debug_line    0x00001f04      0x2bc .\CortexM3\ARM_GCC_493\Debug\Design01.a(UART.o)
 .debug_line    0x000021c0      0x17c .\CortexM3\ARM_GCC_493\Debug\Design01.a(UART_IntClock.o)
 .debug_line    0x0000233c      0x159 .\CortexM3\ARM_GCC_493\Debug\Design01.a(Timer2.o)
 .debug_line    0x00002495       0x73 .\CortexM3\ARM_GCC_493\Debug\Design01.a(Trigger_out.o)
 .debug_line    0x00002508       0x91 .\CortexM3\ARM_GCC_493\Debug\Design01.a(echo.o)
 .debug_line    0x00002599       0x66 .\CortexM3\ARM_GCC_493\Debug\Design01.a(CyBootAsmGnu.o)
 .debug_line    0x000025ff      0x1ea .\CortexM3\ARM_GCC_493\Debug\Design01.a(CyFlash.o)
 .debug_line    0x000027e9      0x23c .\CortexM3\ARM_GCC_493\Debug\Design01.a(CySpc.o)

.debug_frame    0x00000000     0x2428
 *(.debug_frame)
 .debug_frame   0x00000000       0x48 .\CortexM3\ARM_GCC_493\Debug\main.o
 .debug_frame   0x00000048       0xb8 .\CortexM3\ARM_GCC_493\Debug\Cm3Start.o
 .debug_frame   0x00000100      0x104 .\CortexM3\ARM_GCC_493\Debug\Design01.a(cyfitter_cfg.o)
 .debug_frame   0x00000204      0x13c .\CortexM3\ARM_GCC_493\Debug\Design01.a(Timer.o)
 .debug_frame   0x00000340      0x290 .\CortexM3\ARM_GCC_493\Debug\Design01.a(ADC.o)
 .debug_frame   0x000005d0       0x50 .\CortexM3\ARM_GCC_493\Debug\Design01.a(ADC_INT.o)
 .debug_frame   0x00000620      0x104 .\CortexM3\ARM_GCC_493\Debug\Design01.a(isr_10.o)
 .debug_frame   0x00000724       0x64 .\CortexM3\ARM_GCC_493\Debug\Design01.a(ADC_AMux.o)
 .debug_frame   0x00000788       0xe0 .\CortexM3\ARM_GCC_493\Debug\Design01.a(ADC_Ext_CP_Clk.o)
 .debug_frame   0x00000868      0x100 .\CortexM3\ARM_GCC_493\Debug\Design01.a(ADC_theACLK.o)
 .debug_frame   0x00000968      0x738 .\CortexM3\ARM_GCC_493\Debug\Design01.a(CyLib.o)
 .debug_frame   0x000010a0      0x1f8 .\CortexM3\ARM_GCC_493\Debug\Design01.a(cyPm.o)
 .debug_frame   0x00001298       0x20 .\CortexM3\ARM_GCC_493\Debug\Design01.a(cyutils.o)
 .debug_frame   0x000012b8      0x1e4 .\CortexM3\ARM_GCC_493\Debug\Design01.a(LCD.o)
 .debug_frame   0x0000149c      0x250 .\CortexM3\ARM_GCC_493\Debug\Design01.a(UART.o)
 .debug_frame   0x000016ec       0xe0 .\CortexM3\ARM_GCC_493\Debug\Design01.a(UART_IntClock.o)
 .debug_frame   0x000017cc      0x108 .\CortexM3\ARM_GCC_493\Debug\Design01.a(Timer2.o)
 .debug_frame   0x000018d4       0x30 .\CortexM3\ARM_GCC_493\Debug\Design01.a(Trigger_out.o)
 .debug_frame   0x00001904       0x50 .\CortexM3\ARM_GCC_493\Debug\Design01.a(echo.o)
 .debug_frame   0x00001954      0x174 .\CortexM3\ARM_GCC_493\Debug\Design01.a(CyFlash.o)
 .debug_frame   0x00001ac8      0x160 .\CortexM3\ARM_GCC_493\Debug\Design01.a(CySpc.o)
 .debug_frame   0x00001c28       0x20 c:/program files (x86)/cypress/psoc creator/4.0/psoc creator/import/gnu/arm/4.9.3/bin/../lib/gcc/arm-none-eabi/4.9.3/../../../../arm-none-eabi/lib/armv7-m\libg_nano.a(lib_a-errno.o)
 .debug_frame   0x00001c48       0x28 c:/program files (x86)/cypress/psoc creator/4.0/psoc creator/import/gnu/arm/4.9.3/bin/../lib/gcc/arm-none-eabi/4.9.3/../../../../arm-none-eabi/lib/armv7-m\libg_nano.a(lib_a-exit.o)
 .debug_frame   0x00001c70       0x2c c:/program files (x86)/cypress/psoc creator/4.0/psoc creator/import/gnu/arm/4.9.3/bin/../lib/gcc/arm-none-eabi/4.9.3/../../../../arm-none-eabi/lib/armv7-m\libg_nano.a(lib_a-init.o)
 .debug_frame   0x00001c9c       0x28 c:/program files (x86)/cypress/psoc creator/4.0/psoc creator/import/gnu/arm/4.9.3/bin/../lib/gcc/arm-none-eabi/4.9.3/../../../../arm-none-eabi/lib/armv7-m\libg_nano.a(lib_a-memcpy.o)
 .debug_frame   0x00001cc4       0x20 c:/program files (x86)/cypress/psoc creator/4.0/psoc creator/import/gnu/arm/4.9.3/bin/../lib/gcc/arm-none-eabi/4.9.3/../../../../arm-none-eabi/lib/armv7-m\libg_nano.a(lib_a-memset.o)
 .debug_frame   0x00001ce4       0x8c c:/program files (x86)/cypress/psoc creator/4.0/psoc creator/import/gnu/arm/4.9.3/bin/../lib/gcc/arm-none-eabi/4.9.3/../../../../arm-none-eabi/lib/armv7-m\libg_nano.a(lib_a-nano-vfprintf_float.o)
 .debug_frame   0x00001d70       0x58 c:/program files (x86)/cypress/psoc creator/4.0/psoc creator/import/gnu/arm/4.9.3/bin/../lib/gcc/arm-none-eabi/4.9.3/../../../../arm-none-eabi/lib/armv7-m\libg_nano.a(lib_a-nano-vfprintf_i.o)
 .debug_frame   0x00001dc8       0x28 c:/program files (x86)/cypress/psoc creator/4.0/psoc creator/import/gnu/arm/4.9.3/bin/../lib/gcc/arm-none-eabi/4.9.3/../../../../arm-none-eabi/lib/armv7-m\libg_nano.a(lib_a-s_fpclassify.o)
 .debug_frame   0x00001df0       0x70 c:/program files (x86)/cypress/psoc creator/4.0/psoc creator/import/gnu/arm/4.9.3/bin/../lib/gcc/arm-none-eabi/4.9.3/../../../../arm-none-eabi/lib/armv7-m\libg_nano.a(lib_a-sprintf.o)
 .debug_frame   0x00001e60       0x20 c:/program files (x86)/cypress/psoc creator/4.0/psoc creator/import/gnu/arm/4.9.3/bin/../lib/gcc/arm-none-eabi/4.9.3/../../../../arm-none-eabi/lib/armv7-m\libg_nano.a(lib_a-strlen.o)
 .debug_frame   0x00001e80       0x6c c:/program files (x86)/cypress/psoc creator/4.0/psoc creator/import/gnu/arm/4.9.3/bin/../lib/gcc/arm-none-eabi/4.9.3/../../../../arm-none-eabi/lib/armv7-m\libg_nano.a(lib_a-dtoa.o)
 .debug_frame   0x00001eec       0x98 c:/program files (x86)/cypress/psoc creator/4.0/psoc creator/import/gnu/arm/4.9.3/bin/../lib/gcc/arm-none-eabi/4.9.3/../../../../arm-none-eabi/lib/armv7-m\libg_nano.a(lib_a-locale.o)
 .debug_frame   0x00001f84       0x30 c:/program files (x86)/cypress/psoc creator/4.0/psoc creator/import/gnu/arm/4.9.3/bin/../lib/gcc/arm-none-eabi/4.9.3/../../../../arm-none-eabi/lib/armv7-m\libg_nano.a(lib_a-malloc.o)
 .debug_frame   0x00001fb4       0x28 c:/program files (x86)/cypress/psoc creator/4.0/psoc creator/import/gnu/arm/4.9.3/bin/../lib/gcc/arm-none-eabi/4.9.3/../../../../arm-none-eabi/lib/armv7-m\libg_nano.a(lib_a-memchr.o)
 .debug_frame   0x00001fdc      0x230 c:/program files (x86)/cypress/psoc creator/4.0/psoc creator/import/gnu/arm/4.9.3/bin/../lib/gcc/arm-none-eabi/4.9.3/../../../../arm-none-eabi/lib/armv7-m\libg_nano.a(lib_a-mprec.o)
 .debug_frame   0x0000220c       0x2c c:/program files (x86)/cypress/psoc creator/4.0/psoc creator/import/gnu/arm/4.9.3/bin/../lib/gcc/arm-none-eabi/4.9.3/../../../../arm-none-eabi/lib/armv7-m\libg_nano.a(lib_a-nano-callocr.o)
 .debug_frame   0x00002238       0x2c c:/program files (x86)/cypress/psoc creator/4.0/psoc creator/import/gnu/arm/4.9.3/bin/../lib/gcc/arm-none-eabi/4.9.3/../../../../arm-none-eabi/lib/armv7-m\libg_nano.a(lib_a-nano-freer.o)
 .debug_frame   0x00002264       0x2c c:/program files (x86)/cypress/psoc creator/4.0/psoc creator/import/gnu/arm/4.9.3/bin/../lib/gcc/arm-none-eabi/4.9.3/../../../../arm-none-eabi/lib/armv7-m\libg_nano.a(lib_a-nano-mallocr.o)
 .debug_frame   0x00002290       0x8c c:/program files (x86)/cypress/psoc creator/4.0/psoc creator/import/gnu/arm/4.9.3/bin/../lib/gcc/arm-none-eabi/4.9.3/../../../../arm-none-eabi/lib/armv7-m\libg_nano.a(lib_a-nano-svfprintf.o)
 .debug_frame   0x0000231c       0x2c c:/program files (x86)/cypress/psoc creator/4.0/psoc creator/import/gnu/arm/4.9.3/bin/../lib/gcc/arm-none-eabi/4.9.3/../../../../arm-none-eabi/lib/armv7-m\libg_nano.a(lib_a-sbrkr.o)
 .debug_frame   0x00002348       0x28 c:/program files (x86)/cypress/psoc creator/4.0/psoc creator/import/gnu/arm/4.9.3/bin/../lib/gcc/arm-none-eabi/4.9.3/../../../../arm-none-eabi/lib/armv7-m\libg_nano.a(lib_a-memmove.o)
 .debug_frame   0x00002370       0x3c c:/program files (x86)/cypress/psoc creator/4.0/psoc creator/import/gnu/arm/4.9.3/bin/../lib/gcc/arm-none-eabi/4.9.3/../../../../arm-none-eabi/lib/armv7-m\libg_nano.a(lib_a-nano-reallocr.o)
 .debug_frame   0x000023ac       0x5c c:/program files (x86)/cypress/psoc creator/4.0/psoc creator/import/gnu/arm/4.9.3/bin/../lib/gcc/arm-none-eabi/4.9.3/../../../../arm-none-eabi/lib/armv7-m\libg_nano.a(lib_a-reent.o)
 .debug_frame   0x00002408       0x20 c:/program files (x86)/cypress/psoc creator/4.0/psoc creator/import/gnu/arm/4.9.3/bin/../lib/gcc/arm-none-eabi/4.9.3/../../../../arm-none-eabi/lib/armv7-m\libg_nano.a(lib_a-nano-msizer.o)

.debug_str      0x00000000     0x2409
 *(.debug_str)
 .debug_str     0x00000000      0x2fa .\CortexM3\ARM_GCC_493\Debug\main.o
                                0x34c (size before relaxing)
 .debug_str     0x000002fa       0x75 .\CortexM3\ARM_GCC_493\Debug\cymetadata.o
                                0x1e3 (size before relaxing)
 .debug_str     0x0000036f      0x15d .\CortexM3\ARM_GCC_493\Debug\Cm3Start.o
                                0x2f7 (size before relaxing)
 .debug_str     0x000004cc      0x1d5 .\CortexM3\ARM_GCC_493\Debug\Design01.a(cyfitter_cfg.o)
                                0x37d (size before relaxing)
 .debug_str     0x000006a1      0x19f .\CortexM3\ARM_GCC_493\Debug\Design01.a(Timer.o)
                                0x333 (size before relaxing)
 .debug_str     0x00000840      0x34c .\CortexM3\ARM_GCC_493\Debug\Design01.a(ADC.o)
                                0x5c3 (size before relaxing)
 .debug_str     0x00000b8c       0x45 .\CortexM3\ARM_GCC_493\Debug\Design01.a(ADC_INT.o)
                                0x1ad (size before relaxing)
 .debug_str     0x00000bd1       0xfd .\CortexM3\ARM_GCC_493\Debug\Design01.a(isr_10.o)
                                0x2a1 (size before relaxing)
 .debug_str     0x00000cce       0x5f .\CortexM3\ARM_GCC_493\Debug\Design01.a(ADC_AMux.o)
                                0x1f8 (size before relaxing)
 .debug_str     0x00000d2d      0x173 .\CortexM3\ARM_GCC_493\Debug\Design01.a(ADC_Ext_CP_Clk.o)
                                0x33b (size before relaxing)
 .debug_str     0x00000ea0      0x14f .\CortexM3\ARM_GCC_493\Debug\Design01.a(ADC_theACLK.o)
                                0x35a (size before relaxing)
 .debug_str     0x00000fef      0x7d0 .\CortexM3\ARM_GCC_493\Debug\Design01.a(CyLib.o)
                                0xa34 (size before relaxing)
 .debug_str     0x000017bf      0x359 .\CortexM3\ARM_GCC_493\Debug\Design01.a(cyPm.o)
                                0x714 (size before relaxing)
 .debug_str     0x00001b18       0x2e .\CortexM3\ARM_GCC_493\Debug\Design01.a(cyutils.o)
                                0x1ab (size before relaxing)
 .debug_str     0x00001b46      0x12a .\CortexM3\ARM_GCC_493\Debug\Design01.a(LCD.o)
                                0x318 (size before relaxing)
 .debug_str     0x00001c70      0x25f .\CortexM3\ARM_GCC_493\Debug\Design01.a(UART.o)
                                0x462 (size before relaxing)
 .debug_str     0x00001ecf      0x138 .\CortexM3\ARM_GCC_493\Debug\Design01.a(UART_IntClock.o)
                                0x32f (size before relaxing)
 .debug_str     0x00002007      0x12d .\CortexM3\ARM_GCC_493\Debug\Design01.a(Timer2.o)
                                0x2f2 (size before relaxing)
 .debug_str     0x00002134       0x36 .\CortexM3\ARM_GCC_493\Debug\Design01.a(Trigger_out.o)
                                0x1ba (size before relaxing)
 .debug_str     0x0000216a       0x57 .\CortexM3\ARM_GCC_493\Debug\Design01.a(echo.o)
                                0x1d6 (size before relaxing)
 .debug_str     0x000021c1      0x19c .\CortexM3\ARM_GCC_493\Debug\Design01.a(CyFlash.o)
                                0x38e (size before relaxing)
 .debug_str     0x0000235d       0xac .\CortexM3\ARM_GCC_493\Debug\Design01.a(CySpc.o)
                                0x317 (size before relaxing)

.debug_loc      0x00000000     0x2b53
 *(.debug_loc)
 .debug_loc     0x00000000      0x144 .\CortexM3\ARM_GCC_493\Debug\Cm3Start.o
 .debug_loc     0x00000144      0x2b5 .\CortexM3\ARM_GCC_493\Debug\Design01.a(cyfitter_cfg.o)
 .debug_loc     0x000003f9       0x6b .\CortexM3\ARM_GCC_493\Debug\Design01.a(Timer.o)
 .debug_loc     0x00000464      0x6b6 .\CortexM3\ARM_GCC_493\Debug\Design01.a(ADC.o)
 .debug_loc     0x00000b1a       0x56 .\CortexM3\ARM_GCC_493\Debug\Design01.a(isr_10.o)
 .debug_loc     0x00000b70       0x6c .\CortexM3\ARM_GCC_493\Debug\Design01.a(ADC_AMux.o)
 .debug_loc     0x00000bdc      0x12c .\CortexM3\ARM_GCC_493\Debug\Design01.a(ADC_Ext_CP_Clk.o)
 .debug_loc     0x00000d08      0x14d .\CortexM3\ARM_GCC_493\Debug\Design01.a(ADC_theACLK.o)
 .debug_loc     0x00000e55      0xa11 .\CortexM3\ARM_GCC_493\Debug\Design01.a(CyLib.o)
 .debug_loc     0x00001866      0x1e4 .\CortexM3\ARM_GCC_493\Debug\Design01.a(cyPm.o)
 .debug_loc     0x00001a4a       0x21 .\CortexM3\ARM_GCC_493\Debug\Design01.a(cyutils.o)
 .debug_loc     0x00001a6b      0x3c6 .\CortexM3\ARM_GCC_493\Debug\Design01.a(LCD.o)
 .debug_loc     0x00001e31      0x258 .\CortexM3\ARM_GCC_493\Debug\Design01.a(UART.o)
 .debug_loc     0x00002089      0x128 .\CortexM3\ARM_GCC_493\Debug\Design01.a(UART_IntClock.o)
 .debug_loc     0x000021b1       0x55 .\CortexM3\ARM_GCC_493\Debug\Design01.a(echo.o)
 .debug_loc     0x00002206      0x300 .\CortexM3\ARM_GCC_493\Debug\Design01.a(CyFlash.o)
 .debug_loc     0x00002506      0x64d .\CortexM3\ARM_GCC_493\Debug\Design01.a(CySpc.o)

.debug_macinfo
 *(.debug_macinfo)

.debug_ranges   0x00000000      0xa08
 *(.debug_ranges)
 .debug_ranges  0x00000000       0x18 .\CortexM3\ARM_GCC_493\Debug\main.o
 .debug_ranges  0x00000018       0x38 .\CortexM3\ARM_GCC_493\Debug\Cm3Start.o
 .debug_ranges  0x00000050       0x58 .\CortexM3\ARM_GCC_493\Debug\Design01.a(cyfitter_cfg.o)
 .debug_ranges  0x000000a8       0x80 .\CortexM3\ARM_GCC_493\Debug\Design01.a(Timer.o)
 .debug_ranges  0x00000128       0xd8 .\CortexM3\ARM_GCC_493\Debug\Design01.a(ADC.o)
 .debug_ranges  0x00000200       0x28 .\CortexM3\ARM_GCC_493\Debug\Design01.a(ADC_INT.o)
 .debug_ranges  0x00000228       0x70 .\CortexM3\ARM_GCC_493\Debug\Design01.a(isr_10.o)
 .debug_ranges  0x00000298       0x20 .\CortexM3\ARM_GCC_493\Debug\Design01.a(ADC_AMux.o)
 .debug_ranges  0x000002b8       0x60 .\CortexM3\ARM_GCC_493\Debug\Design01.a(ADC_Ext_CP_Clk.o)
 .debug_ranges  0x00000318       0x70 .\CortexM3\ARM_GCC_493\Debug\Design01.a(ADC_theACLK.o)
 .debug_ranges  0x00000388      0x290 .\CortexM3\ARM_GCC_493\Debug\Design01.a(CyLib.o)
 .debug_ranges  0x00000618       0x88 .\CortexM3\ARM_GCC_493\Debug\Design01.a(cyPm.o)
 .debug_ranges  0x000006a0       0x10 .\CortexM3\ARM_GCC_493\Debug\Design01.a(cyutils.o)
 .debug_ranges  0x000006b0       0x88 .\CortexM3\ARM_GCC_493\Debug\Design01.a(LCD.o)
 .debug_ranges  0x00000738       0xe0 .\CortexM3\ARM_GCC_493\Debug\Design01.a(UART.o)
 .debug_ranges  0x00000818       0x60 .\CortexM3\ARM_GCC_493\Debug\Design01.a(UART_IntClock.o)
 .debug_ranges  0x00000878       0x78 .\CortexM3\ARM_GCC_493\Debug\Design01.a(Timer2.o)
 .debug_ranges  0x000008f0       0x18 .\CortexM3\ARM_GCC_493\Debug\Design01.a(Trigger_out.o)
 .debug_ranges  0x00000908       0x28 .\CortexM3\ARM_GCC_493\Debug\Design01.a(echo.o)
 .debug_ranges  0x00000930       0x70 .\CortexM3\ARM_GCC_493\Debug\Design01.a(CyFlash.o)
 .debug_ranges  0x000009a0       0x68 .\CortexM3\ARM_GCC_493\Debug\Design01.a(CySpc.o)

.comment        0x00000000       0x70
 .comment       0x00000000       0x70 .\CortexM3\ARM_GCC_493\Debug\main.o
                                 0x71 (size before relaxing)
 .comment       0x00000000       0x71 .\CortexM3\ARM_GCC_493\Debug\cymetadata.o
 .comment       0x00000000       0x71 .\CortexM3\ARM_GCC_493\Debug\Cm3Start.o
 .comment       0x00000000       0x71 .\CortexM3\ARM_GCC_493\Debug\Design01.a(cyfitter_cfg.o)
 .comment       0x00000000       0x71 .\CortexM3\ARM_GCC_493\Debug\Design01.a(Timer.o)
 .comment       0x00000000       0x71 .\CortexM3\ARM_GCC_493\Debug\Design01.a(ADC.o)
 .comment       0x00000000       0x71 .\CortexM3\ARM_GCC_493\Debug\Design01.a(ADC_INT.o)
 .comment       0x00000000       0x71 .\CortexM3\ARM_GCC_493\Debug\Design01.a(isr_10.o)
 .comment       0x00000000       0x71 .\CortexM3\ARM_GCC_493\Debug\Design01.a(ADC_AMux.o)
 .comment       0x00000000       0x71 .\CortexM3\ARM_GCC_493\Debug\Design01.a(ADC_Ext_CP_Clk.o)
 .comment       0x00000000       0x71 .\CortexM3\ARM_GCC_493\Debug\Design01.a(ADC_theACLK.o)
 .comment       0x00000000       0x71 .\CortexM3\ARM_GCC_493\Debug\Design01.a(CyLib.o)
 .comment       0x00000000       0x71 .\CortexM3\ARM_GCC_493\Debug\Design01.a(cyPm.o)
 .comment       0x00000000       0x71 .\CortexM3\ARM_GCC_493\Debug\Design01.a(cyutils.o)
 .comment       0x00000000       0x71 .\CortexM3\ARM_GCC_493\Debug\Design01.a(LCD.o)
 .comment       0x00000000       0x71 .\CortexM3\ARM_GCC_493\Debug\Design01.a(UART.o)
 .comment       0x00000000       0x71 .\CortexM3\ARM_GCC_493\Debug\Design01.a(UART_IntClock.o)
 .comment       0x00000000       0x71 .\CortexM3\ARM_GCC_493\Debug\Design01.a(Timer2.o)
 .comment       0x00000000       0x71 .\CortexM3\ARM_GCC_493\Debug\Design01.a(Trigger_out.o)
 .comment       0x00000000       0x71 .\CortexM3\ARM_GCC_493\Debug\Design01.a(echo.o)
 .comment       0x00000000       0x71 .\CortexM3\ARM_GCC_493\Debug\Design01.a(CyFlash.o)
 .comment       0x00000000       0x71 .\CortexM3\ARM_GCC_493\Debug\Design01.a(CySpc.o)

.debug_weaknames
 *(.debug_weaknames)

.debug_funcnames
 *(.debug_funcnames)

.debug_typenames
 *(.debug_typenames)

.debug_varnames
 *(.debug_varnames)

.note.gnu.arm.ident
 *(.note.gnu.arm.ident)

.ARM.attributes
                0x00000000       0x29
 *(.ARM.attributes)
 .ARM.attributes
                0x00000000       0x1d c:/program files (x86)/cypress/psoc creator/4.0/psoc creator/import/gnu/arm/4.9.3/bin/../lib/gcc/arm-none-eabi/4.9.3/armv7-m/crti.o
 .ARM.attributes
                0x0000001d       0x2d c:/program files (x86)/cypress/psoc creator/4.0/psoc creator/import/gnu/arm/4.9.3/bin/../lib/gcc/arm-none-eabi/4.9.3/armv7-m/crtbegin.o
 .ARM.attributes
                0x0000004a       0x1b c:/program files (x86)/cypress/psoc creator/4.0/psoc creator/import/gnu/arm/4.9.3/bin/../lib/gcc/arm-none-eabi/4.9.3/../../../../arm-none-eabi/lib/armv7-m/crt0.o
 .ARM.attributes
                0x00000065       0x33 .\CortexM3\ARM_GCC_493\Debug\main.o
 .ARM.attributes
                0x00000098       0x33 .\CortexM3\ARM_GCC_493\Debug\cymetadata.o
 .ARM.attributes
                0x000000cb       0x33 .\CortexM3\ARM_GCC_493\Debug\Cm3Start.o
 .ARM.attributes
                0x000000fe       0x33 .\CortexM3\ARM_GCC_493\Debug\Design01.a(cyfitter_cfg.o)
 .ARM.attributes
                0x00000131       0x33 .\CortexM3\ARM_GCC_493\Debug\Design01.a(Timer.o)
 .ARM.attributes
                0x00000164       0x33 .\CortexM3\ARM_GCC_493\Debug\Design01.a(ADC.o)
 .ARM.attributes
                0x00000197       0x33 .\CortexM3\ARM_GCC_493\Debug\Design01.a(ADC_INT.o)
 .ARM.attributes
                0x000001ca       0x33 .\CortexM3\ARM_GCC_493\Debug\Design01.a(isr_10.o)
 .ARM.attributes
                0x000001fd       0x33 .\CortexM3\ARM_GCC_493\Debug\Design01.a(ADC_AMux.o)
 .ARM.attributes
                0x00000230       0x33 .\CortexM3\ARM_GCC_493\Debug\Design01.a(ADC_Ext_CP_Clk.o)
 .ARM.attributes
                0x00000263       0x33 .\CortexM3\ARM_GCC_493\Debug\Design01.a(ADC_theACLK.o)
 .ARM.attributes
                0x00000296       0x33 .\CortexM3\ARM_GCC_493\Debug\Design01.a(CyLib.o)
 .ARM.attributes
                0x000002c9       0x33 .\CortexM3\ARM_GCC_493\Debug\Design01.a(cyPm.o)
 .ARM.attributes
                0x000002fc       0x33 .\CortexM3\ARM_GCC_493\Debug\Design01.a(cyutils.o)
 .ARM.attributes
                0x0000032f       0x33 .\CortexM3\ARM_GCC_493\Debug\Design01.a(LCD.o)
 .ARM.attributes
                0x00000362       0x33 .\CortexM3\ARM_GCC_493\Debug\Design01.a(UART.o)
 .ARM.attributes
                0x00000395       0x33 .\CortexM3\ARM_GCC_493\Debug\Design01.a(UART_IntClock.o)
 .ARM.attributes
                0x000003c8       0x33 .\CortexM3\ARM_GCC_493\Debug\Design01.a(Timer2.o)
 .ARM.attributes
                0x000003fb       0x33 .\CortexM3\ARM_GCC_493\Debug\Design01.a(Trigger_out.o)
 .ARM.attributes
                0x0000042e       0x33 .\CortexM3\ARM_GCC_493\Debug\Design01.a(echo.o)
 .ARM.attributes
                0x00000461       0x21 .\CortexM3\ARM_GCC_493\Debug\Design01.a(CyBootAsmGnu.o)
 .ARM.attributes
                0x00000482       0x33 .\CortexM3\ARM_GCC_493\Debug\Design01.a(CyFlash.o)
 .ARM.attributes
                0x000004b5       0x33 .\CortexM3\ARM_GCC_493\Debug\Design01.a(CySpc.o)
 .ARM.attributes
                0x000004e8       0x1d c:/program files (x86)/cypress/psoc creator/4.0/psoc creator/import/gnu/arm/4.9.3/bin/../lib/gcc/arm-none-eabi/4.9.3/armv7-m\libgcc.a(_arm_addsubdf3.o)
 .ARM.attributes
                0x00000505       0x1d c:/program files (x86)/cypress/psoc creator/4.0/psoc creator/import/gnu/arm/4.9.3/bin/../lib/gcc/arm-none-eabi/4.9.3/armv7-m\libgcc.a(_arm_muldivdf3.o)
 .ARM.attributes
                0x00000522       0x1d c:/program files (x86)/cypress/psoc creator/4.0/psoc creator/import/gnu/arm/4.9.3/bin/../lib/gcc/arm-none-eabi/4.9.3/armv7-m\libgcc.a(_arm_cmpdf2.o)
 .ARM.attributes
                0x0000053f       0x1d c:/program files (x86)/cypress/psoc creator/4.0/psoc creator/import/gnu/arm/4.9.3/bin/../lib/gcc/arm-none-eabi/4.9.3/armv7-m\libgcc.a(_arm_truncdfsf2.o)
 .ARM.attributes
                0x0000055c       0x1d c:/program files (x86)/cypress/psoc creator/4.0/psoc creator/import/gnu/arm/4.9.3/bin/../lib/gcc/arm-none-eabi/4.9.3/armv7-m\libgcc.a(_arm_addsubsf3.o)
 .ARM.attributes
                0x00000579       0x1d c:/program files (x86)/cypress/psoc creator/4.0/psoc creator/import/gnu/arm/4.9.3/bin/../lib/gcc/arm-none-eabi/4.9.3/armv7-m\libgcc.a(_arm_muldivsf3.o)
 .ARM.attributes
                0x00000596       0x1d c:/program files (x86)/cypress/psoc creator/4.0/psoc creator/import/gnu/arm/4.9.3/bin/../lib/gcc/arm-none-eabi/4.9.3/armv7-m\libgcc.a(_arm_fixunssfsi.o)
 .ARM.attributes
                0x000005b3       0x2d c:/program files (x86)/cypress/psoc creator/4.0/psoc creator/import/gnu/arm/4.9.3/bin/../lib/gcc/arm-none-eabi/4.9.3/../../../../arm-none-eabi/lib/armv7-m\libg_nano.a(lib_a-errno.o)
 .ARM.attributes
                0x000005e0       0x2d c:/program files (x86)/cypress/psoc creator/4.0/psoc creator/import/gnu/arm/4.9.3/bin/../lib/gcc/arm-none-eabi/4.9.3/../../../../arm-none-eabi/lib/armv7-m\libg_nano.a(lib_a-exit.o)
 .ARM.attributes
                0x0000060d       0x2d c:/program files (x86)/cypress/psoc creator/4.0/psoc creator/import/gnu/arm/4.9.3/bin/../lib/gcc/arm-none-eabi/4.9.3/../../../../arm-none-eabi/lib/armv7-m\libg_nano.a(lib_a-impure.o)
 .ARM.attributes
                0x0000063a       0x2d c:/program files (x86)/cypress/psoc creator/4.0/psoc creator/import/gnu/arm/4.9.3/bin/../lib/gcc/arm-none-eabi/4.9.3/../../../../arm-none-eabi/lib/armv7-m\libg_nano.a(lib_a-init.o)
 .ARM.attributes
                0x00000667       0x2d c:/program files (x86)/cypress/psoc creator/4.0/psoc creator/import/gnu/arm/4.9.3/bin/../lib/gcc/arm-none-eabi/4.9.3/../../../../arm-none-eabi/lib/armv7-m\libg_nano.a(lib_a-memcpy.o)
 .ARM.attributes
                0x00000694       0x2d c:/program files (x86)/cypress/psoc creator/4.0/psoc creator/import/gnu/arm/4.9.3/bin/../lib/gcc/arm-none-eabi/4.9.3/../../../../arm-none-eabi/lib/armv7-m\libg_nano.a(lib_a-memset.o)
 .ARM.attributes
                0x000006c1       0x2d c:/program files (x86)/cypress/psoc creator/4.0/psoc creator/import/gnu/arm/4.9.3/bin/../lib/gcc/arm-none-eabi/4.9.3/../../../../arm-none-eabi/lib/armv7-m\libg_nano.a(lib_a-nano-vfprintf_float.o)
 .ARM.attributes
                0x000006ee       0x2d c:/program files (x86)/cypress/psoc creator/4.0/psoc creator/import/gnu/arm/4.9.3/bin/../lib/gcc/arm-none-eabi/4.9.3/../../../../arm-none-eabi/lib/armv7-m\libg_nano.a(lib_a-nano-vfprintf_i.o)
 .ARM.attributes
                0x0000071b       0x2d c:/program files (x86)/cypress/psoc creator/4.0/psoc creator/import/gnu/arm/4.9.3/bin/../lib/gcc/arm-none-eabi/4.9.3/../../../../arm-none-eabi/lib/armv7-m\libg_nano.a(lib_a-s_fpclassify.o)
 .ARM.attributes
                0x00000748       0x2d c:/program files (x86)/cypress/psoc creator/4.0/psoc creator/import/gnu/arm/4.9.3/bin/../lib/gcc/arm-none-eabi/4.9.3/../../../../arm-none-eabi/lib/armv7-m\libg_nano.a(lib_a-sprintf.o)
 .ARM.attributes
                0x00000775       0x2d c:/program files (x86)/cypress/psoc creator/4.0/psoc creator/import/gnu/arm/4.9.3/bin/../lib/gcc/arm-none-eabi/4.9.3/../../../../arm-none-eabi/lib/armv7-m\libg_nano.a(lib_a-strlen.o)
 .ARM.attributes
                0x000007a2       0x2d c:/program files (x86)/cypress/psoc creator/4.0/psoc creator/import/gnu/arm/4.9.3/bin/../lib/gcc/arm-none-eabi/4.9.3/../../../../arm-none-eabi/lib/armv7-m\libg_nano.a(lib_a-dtoa.o)
 .ARM.attributes
                0x000007cf       0x2d c:/program files (x86)/cypress/psoc creator/4.0/psoc creator/import/gnu/arm/4.9.3/bin/../lib/gcc/arm-none-eabi/4.9.3/../../../../arm-none-eabi/lib/armv7-m\libg_nano.a(lib_a-locale.o)
 .ARM.attributes
                0x000007fc       0x2d c:/program files (x86)/cypress/psoc creator/4.0/psoc creator/import/gnu/arm/4.9.3/bin/../lib/gcc/arm-none-eabi/4.9.3/../../../../arm-none-eabi/lib/armv7-m\libg_nano.a(lib_a-malloc.o)
 .ARM.attributes
                0x00000829       0x2d c:/program files (x86)/cypress/psoc creator/4.0/psoc creator/import/gnu/arm/4.9.3/bin/../lib/gcc/arm-none-eabi/4.9.3/../../../../arm-none-eabi/lib/armv7-m\libg_nano.a(lib_a-memchr.o)
 .ARM.attributes
                0x00000856       0x2d c:/program files (x86)/cypress/psoc creator/4.0/psoc creator/import/gnu/arm/4.9.3/bin/../lib/gcc/arm-none-eabi/4.9.3/../../../../arm-none-eabi/lib/armv7-m\libg_nano.a(lib_a-mprec.o)
 .ARM.attributes
                0x00000883       0x2d c:/program files (x86)/cypress/psoc creator/4.0/psoc creator/import/gnu/arm/4.9.3/bin/../lib/gcc/arm-none-eabi/4.9.3/../../../../arm-none-eabi/lib/armv7-m\libg_nano.a(lib_a-nano-callocr.o)
 .ARM.attributes
                0x000008b0       0x2d c:/program files (x86)/cypress/psoc creator/4.0/psoc creator/import/gnu/arm/4.9.3/bin/../lib/gcc/arm-none-eabi/4.9.3/../../../../arm-none-eabi/lib/armv7-m\libg_nano.a(lib_a-nano-freer.o)
 .ARM.attributes
                0x000008dd       0x2d c:/program files (x86)/cypress/psoc creator/4.0/psoc creator/import/gnu/arm/4.9.3/bin/../lib/gcc/arm-none-eabi/4.9.3/../../../../arm-none-eabi/lib/armv7-m\libg_nano.a(lib_a-nano-mallocr.o)
 .ARM.attributes
                0x0000090a       0x2d c:/program files (x86)/cypress/psoc creator/4.0/psoc creator/import/gnu/arm/4.9.3/bin/../lib/gcc/arm-none-eabi/4.9.3/../../../../arm-none-eabi/lib/armv7-m\libg_nano.a(lib_a-nano-svfprintf.o)
 .ARM.attributes
                0x00000937       0x2d c:/program files (x86)/cypress/psoc creator/4.0/psoc creator/import/gnu/arm/4.9.3/bin/../lib/gcc/arm-none-eabi/4.9.3/../../../../arm-none-eabi/lib/armv7-m\libg_nano.a(lib_a-sbrkr.o)
 .ARM.attributes
                0x00000964       0x1b c:/program files (x86)/cypress/psoc creator/4.0/psoc creator/import/gnu/arm/4.9.3/bin/../lib/gcc/arm-none-eabi/4.9.3/../../../../arm-none-eabi/lib/armv7-m\libg_nano.a(lib_a-strcmp.o)
 .ARM.attributes
                0x0000097f       0x2d c:/program files (x86)/cypress/psoc creator/4.0/psoc creator/import/gnu/arm/4.9.3/bin/../lib/gcc/arm-none-eabi/4.9.3/../../../../arm-none-eabi/lib/armv7-m\libg_nano.a(lib_a-memmove.o)
 .ARM.attributes
                0x000009ac       0x2d c:/program files (x86)/cypress/psoc creator/4.0/psoc creator/import/gnu/arm/4.9.3/bin/../lib/gcc/arm-none-eabi/4.9.3/../../../../arm-none-eabi/lib/armv7-m\libg_nano.a(lib_a-nano-reallocr.o)
 .ARM.attributes
                0x000009d9       0x2d c:/program files (x86)/cypress/psoc creator/4.0/psoc creator/import/gnu/arm/4.9.3/bin/../lib/gcc/arm-none-eabi/4.9.3/../../../../arm-none-eabi/lib/armv7-m\libg_nano.a(lib_a-reent.o)
 .ARM.attributes
                0x00000a06       0x2d c:/program files (x86)/cypress/psoc creator/4.0/psoc creator/import/gnu/arm/4.9.3/bin/../lib/gcc/arm-none-eabi/4.9.3/../../../../arm-none-eabi/lib/armv7-m\libg_nano.a(lib_a-nano-msizer.o)
 .ARM.attributes
                0x00000a33       0x1d c:/program files (x86)/cypress/psoc creator/4.0/psoc creator/import/gnu/arm/4.9.3/bin/../lib/gcc/arm-none-eabi/4.9.3/armv7-m\libgcc.a(_arm_fixdfsi.o)
 .ARM.attributes
                0x00000a50       0x2d c:/program files (x86)/cypress/psoc creator/4.0/psoc creator/import/gnu/arm/4.9.3/bin/../lib/gcc/arm-none-eabi/4.9.3/armv7-m/crtend.o
 .ARM.attributes
                0x00000a7d       0x1d c:/program files (x86)/cypress/psoc creator/4.0/psoc creator/import/gnu/arm/4.9.3/bin/../lib/gcc/arm-none-eabi/4.9.3/armv7-m/crtn.o

/DISCARD/
 *(.note.GNU-stack)
OUTPUT(.\CortexM3\ARM_GCC_493\Debug\Design01.elf elf32-littlearm)
