ARM GAS  C:\Users\DANIEL~1\AppData\Local\Temp\cc2t4Re0.s 			page 1


   1              		.syntax unified
   2              		.cpu cortex-m3
   3              		.fpu softvfp
   4              		.eabi_attribute 20, 1
   5              		.eabi_attribute 21, 1
   6              		.eabi_attribute 23, 3
   7              		.eabi_attribute 24, 1
   8              		.eabi_attribute 25, 1
   9              		.eabi_attribute 26, 1
  10              		.eabi_attribute 30, 1
  11              		.eabi_attribute 34, 1
  12              		.eabi_attribute 18, 4
  13              		.thumb
  14              		.file	"PWM_PM.c"
  15              		.text
  16              	.Ltext0:
  17              		.cfi_sections	.debug_frame
  18              		.section	.text.PWM_SaveConfig,"ax",%progbits
  19              		.align	2
  20              		.global	PWM_SaveConfig
  21              		.thumb
  22              		.thumb_func
  23              		.type	PWM_SaveConfig, %function
  24              	PWM_SaveConfig:
  25              	.LFB0:
  26              		.file 1 "Generated_Source\\PSoC5\\PWM_PM.c"
   1:Generated_Source\PSoC5/PWM_PM.c **** /*******************************************************************************
   2:Generated_Source\PSoC5/PWM_PM.c **** * File Name: PWM_PM.c
   3:Generated_Source\PSoC5/PWM_PM.c **** * Version 3.30
   4:Generated_Source\PSoC5/PWM_PM.c **** *
   5:Generated_Source\PSoC5/PWM_PM.c **** * Description:
   6:Generated_Source\PSoC5/PWM_PM.c **** *  This file provides the power management source code to API for the
   7:Generated_Source\PSoC5/PWM_PM.c **** *  PWM.
   8:Generated_Source\PSoC5/PWM_PM.c **** *
   9:Generated_Source\PSoC5/PWM_PM.c **** * Note:
  10:Generated_Source\PSoC5/PWM_PM.c **** *
  11:Generated_Source\PSoC5/PWM_PM.c **** ********************************************************************************
  12:Generated_Source\PSoC5/PWM_PM.c **** * Copyright 2008-2014, Cypress Semiconductor Corporation.  All rights reserved.
  13:Generated_Source\PSoC5/PWM_PM.c **** * You may use this file only in accordance with the license, terms, conditions,
  14:Generated_Source\PSoC5/PWM_PM.c **** * disclaimers, and limitations in the end user license agreement accompanying
  15:Generated_Source\PSoC5/PWM_PM.c **** * the software package with which this file was provided.
  16:Generated_Source\PSoC5/PWM_PM.c **** *******************************************************************************/
  17:Generated_Source\PSoC5/PWM_PM.c **** 
  18:Generated_Source\PSoC5/PWM_PM.c **** #include "PWM.h"
  19:Generated_Source\PSoC5/PWM_PM.c **** 
  20:Generated_Source\PSoC5/PWM_PM.c **** static PWM_backupStruct PWM_backup;
  21:Generated_Source\PSoC5/PWM_PM.c **** 
  22:Generated_Source\PSoC5/PWM_PM.c **** 
  23:Generated_Source\PSoC5/PWM_PM.c **** /*******************************************************************************
  24:Generated_Source\PSoC5/PWM_PM.c **** * Function Name: PWM_SaveConfig
  25:Generated_Source\PSoC5/PWM_PM.c **** ********************************************************************************
  26:Generated_Source\PSoC5/PWM_PM.c **** *
  27:Generated_Source\PSoC5/PWM_PM.c **** * Summary:
  28:Generated_Source\PSoC5/PWM_PM.c **** *  Saves the current user configuration of the component.
  29:Generated_Source\PSoC5/PWM_PM.c **** *
  30:Generated_Source\PSoC5/PWM_PM.c **** * Parameters:
  31:Generated_Source\PSoC5/PWM_PM.c **** *  None
ARM GAS  C:\Users\DANIEL~1\AppData\Local\Temp\cc2t4Re0.s 			page 2


  32:Generated_Source\PSoC5/PWM_PM.c **** *
  33:Generated_Source\PSoC5/PWM_PM.c **** * Return:
  34:Generated_Source\PSoC5/PWM_PM.c **** *  None
  35:Generated_Source\PSoC5/PWM_PM.c **** *
  36:Generated_Source\PSoC5/PWM_PM.c **** * Global variables:
  37:Generated_Source\PSoC5/PWM_PM.c **** *  PWM_backup:  Variables of this global structure are modified to
  38:Generated_Source\PSoC5/PWM_PM.c **** *  store the values of non retention configuration registers when Sleep() API is
  39:Generated_Source\PSoC5/PWM_PM.c **** *  called.
  40:Generated_Source\PSoC5/PWM_PM.c **** *
  41:Generated_Source\PSoC5/PWM_PM.c **** *******************************************************************************/
  42:Generated_Source\PSoC5/PWM_PM.c **** void PWM_SaveConfig(void) 
  43:Generated_Source\PSoC5/PWM_PM.c **** {
  27              		.loc 1 43 0
  28              		.cfi_startproc
  29              		@ args = 0, pretend = 0, frame = 0
  30              		@ frame_needed = 0, uses_anonymous_args = 0
  31 0000 10B5     		push	{r4, lr}
  32              		.cfi_def_cfa_offset 8
  33              		.cfi_offset 4, -8
  34              		.cfi_offset 14, -4
  44:Generated_Source\PSoC5/PWM_PM.c **** 
  45:Generated_Source\PSoC5/PWM_PM.c ****     #if(!PWM_UsingFixedFunction)
  46:Generated_Source\PSoC5/PWM_PM.c ****         #if(!PWM_PWMModeIsCenterAligned)
  47:Generated_Source\PSoC5/PWM_PM.c ****             PWM_backup.PWMPeriod = PWM_ReadPeriod();
  35              		.loc 1 47 0
  36 0002 FFF7FEFF 		bl	PWM_ReadPeriod
  37              	.LVL0:
  38 0006 064C     		ldr	r4, .L3
  39 0008 A080     		strh	r0, [r4, #4]	@ movhi
  48:Generated_Source\PSoC5/PWM_PM.c ****         #endif /* (!PWM_PWMModeIsCenterAligned) */
  49:Generated_Source\PSoC5/PWM_PM.c ****         PWM_backup.PWMUdb = PWM_ReadCounter();
  40              		.loc 1 49 0
  41 000a FFF7FEFF 		bl	PWM_ReadCounter
  42              	.LVL1:
  43 000e 6080     		strh	r0, [r4, #2]	@ movhi
  50:Generated_Source\PSoC5/PWM_PM.c ****         #if (PWM_UseStatus)
  51:Generated_Source\PSoC5/PWM_PM.c ****             PWM_backup.InterruptMaskValue = PWM_STATUS_MASK;
  44              		.loc 1 51 0
  45 0010 044B     		ldr	r3, .L3+4
  46 0012 1B78     		ldrb	r3, [r3]	@ zero_extendqisi2
  47 0014 A371     		strb	r3, [r4, #6]
  52:Generated_Source\PSoC5/PWM_PM.c ****         #endif /* (PWM_UseStatus) */
  53:Generated_Source\PSoC5/PWM_PM.c **** 
  54:Generated_Source\PSoC5/PWM_PM.c ****         #if(PWM_DeadBandMode == PWM__B_PWM__DBM_256_CLOCKS || \
  55:Generated_Source\PSoC5/PWM_PM.c ****             PWM_DeadBandMode == PWM__B_PWM__DBM_2_4_CLOCKS)
  56:Generated_Source\PSoC5/PWM_PM.c ****             PWM_backup.PWMdeadBandValue = PWM_ReadDeadTime();
  57:Generated_Source\PSoC5/PWM_PM.c ****         #endif /*  deadband count is either 2-4 clocks or 256 clocks */
  58:Generated_Source\PSoC5/PWM_PM.c **** 
  59:Generated_Source\PSoC5/PWM_PM.c ****         #if(PWM_KillModeMinTime)
  60:Generated_Source\PSoC5/PWM_PM.c ****              PWM_backup.PWMKillCounterPeriod = PWM_ReadKillTime();
  61:Generated_Source\PSoC5/PWM_PM.c ****         #endif /* (PWM_KillModeMinTime) */
  62:Generated_Source\PSoC5/PWM_PM.c **** 
  63:Generated_Source\PSoC5/PWM_PM.c ****         #if(PWM_UseControl)
  64:Generated_Source\PSoC5/PWM_PM.c ****             PWM_backup.PWMControlRegister = PWM_ReadControlRegister();
  48              		.loc 1 64 0
  49 0016 FFF7FEFF 		bl	PWM_ReadControlRegister
  50              	.LVL2:
ARM GAS  C:\Users\DANIEL~1\AppData\Local\Temp\cc2t4Re0.s 			page 3


  51 001a E071     		strb	r0, [r4, #7]
  52 001c 10BD     		pop	{r4, pc}
  53              	.L4:
  54 001e 00BF     		.align	2
  55              	.L3:
  56 0020 00000000 		.word	.LANCHOR0
  57 0024 87650040 		.word	1073767815
  58              		.cfi_endproc
  59              	.LFE0:
  60              		.size	PWM_SaveConfig, .-PWM_SaveConfig
  61              		.section	.text.PWM_RestoreConfig,"ax",%progbits
  62              		.align	2
  63              		.global	PWM_RestoreConfig
  64              		.thumb
  65              		.thumb_func
  66              		.type	PWM_RestoreConfig, %function
  67              	PWM_RestoreConfig:
  68              	.LFB1:
  65:Generated_Source\PSoC5/PWM_PM.c ****         #endif /* (PWM_UseControl) */
  66:Generated_Source\PSoC5/PWM_PM.c ****     #endif  /* (!PWM_UsingFixedFunction) */
  67:Generated_Source\PSoC5/PWM_PM.c **** }
  68:Generated_Source\PSoC5/PWM_PM.c **** 
  69:Generated_Source\PSoC5/PWM_PM.c **** 
  70:Generated_Source\PSoC5/PWM_PM.c **** /*******************************************************************************
  71:Generated_Source\PSoC5/PWM_PM.c **** * Function Name: PWM_RestoreConfig
  72:Generated_Source\PSoC5/PWM_PM.c **** ********************************************************************************
  73:Generated_Source\PSoC5/PWM_PM.c **** *
  74:Generated_Source\PSoC5/PWM_PM.c **** * Summary:
  75:Generated_Source\PSoC5/PWM_PM.c **** *  Restores the current user configuration of the component.
  76:Generated_Source\PSoC5/PWM_PM.c **** *
  77:Generated_Source\PSoC5/PWM_PM.c **** * Parameters:
  78:Generated_Source\PSoC5/PWM_PM.c **** *  None
  79:Generated_Source\PSoC5/PWM_PM.c **** *
  80:Generated_Source\PSoC5/PWM_PM.c **** * Return:
  81:Generated_Source\PSoC5/PWM_PM.c **** *  None
  82:Generated_Source\PSoC5/PWM_PM.c **** *
  83:Generated_Source\PSoC5/PWM_PM.c **** * Global variables:
  84:Generated_Source\PSoC5/PWM_PM.c **** *  PWM_backup:  Variables of this global structure are used to
  85:Generated_Source\PSoC5/PWM_PM.c **** *  restore the values of non retention registers on wakeup from sleep mode.
  86:Generated_Source\PSoC5/PWM_PM.c **** *
  87:Generated_Source\PSoC5/PWM_PM.c **** *******************************************************************************/
  88:Generated_Source\PSoC5/PWM_PM.c **** void PWM_RestoreConfig(void) 
  89:Generated_Source\PSoC5/PWM_PM.c **** {
  69              		.loc 1 89 0
  70              		.cfi_startproc
  71              		@ args = 0, pretend = 0, frame = 0
  72              		@ frame_needed = 0, uses_anonymous_args = 0
  73 0000 10B5     		push	{r4, lr}
  74              		.cfi_def_cfa_offset 8
  75              		.cfi_offset 4, -8
  76              		.cfi_offset 14, -4
  90:Generated_Source\PSoC5/PWM_PM.c ****         #if(!PWM_UsingFixedFunction)
  91:Generated_Source\PSoC5/PWM_PM.c ****             #if(!PWM_PWMModeIsCenterAligned)
  92:Generated_Source\PSoC5/PWM_PM.c ****                 PWM_WritePeriod(PWM_backup.PWMPeriod);
  77              		.loc 1 92 0
  78 0002 074C     		ldr	r4, .L7
  79 0004 A088     		ldrh	r0, [r4, #4]
ARM GAS  C:\Users\DANIEL~1\AppData\Local\Temp\cc2t4Re0.s 			page 4


  80 0006 FFF7FEFF 		bl	PWM_WritePeriod
  81              	.LVL3:
  93:Generated_Source\PSoC5/PWM_PM.c ****             #endif /* (!PWM_PWMModeIsCenterAligned) */
  94:Generated_Source\PSoC5/PWM_PM.c **** 
  95:Generated_Source\PSoC5/PWM_PM.c ****             PWM_WriteCounter(PWM_backup.PWMUdb);
  82              		.loc 1 95 0
  83 000a 6088     		ldrh	r0, [r4, #2]
  84 000c FFF7FEFF 		bl	PWM_WriteCounter
  85              	.LVL4:
  96:Generated_Source\PSoC5/PWM_PM.c **** 
  97:Generated_Source\PSoC5/PWM_PM.c ****             #if (PWM_UseStatus)
  98:Generated_Source\PSoC5/PWM_PM.c ****                 PWM_STATUS_MASK = PWM_backup.InterruptMaskValue;
  86              		.loc 1 98 0
  87 0010 A279     		ldrb	r2, [r4, #6]	@ zero_extendqisi2
  88 0012 044B     		ldr	r3, .L7+4
  89 0014 1A70     		strb	r2, [r3]
  99:Generated_Source\PSoC5/PWM_PM.c ****             #endif /* (PWM_UseStatus) */
 100:Generated_Source\PSoC5/PWM_PM.c **** 
 101:Generated_Source\PSoC5/PWM_PM.c ****             #if(PWM_DeadBandMode == PWM__B_PWM__DBM_256_CLOCKS || \
 102:Generated_Source\PSoC5/PWM_PM.c ****                 PWM_DeadBandMode == PWM__B_PWM__DBM_2_4_CLOCKS)
 103:Generated_Source\PSoC5/PWM_PM.c ****                 PWM_WriteDeadTime(PWM_backup.PWMdeadBandValue);
 104:Generated_Source\PSoC5/PWM_PM.c ****             #endif /* deadband count is either 2-4 clocks or 256 clocks */
 105:Generated_Source\PSoC5/PWM_PM.c **** 
 106:Generated_Source\PSoC5/PWM_PM.c ****             #if(PWM_KillModeMinTime)
 107:Generated_Source\PSoC5/PWM_PM.c ****                 PWM_WriteKillTime(PWM_backup.PWMKillCounterPeriod);
 108:Generated_Source\PSoC5/PWM_PM.c ****             #endif /* (PWM_KillModeMinTime) */
 109:Generated_Source\PSoC5/PWM_PM.c **** 
 110:Generated_Source\PSoC5/PWM_PM.c ****             #if(PWM_UseControl)
 111:Generated_Source\PSoC5/PWM_PM.c ****                 PWM_WriteControlRegister(PWM_backup.PWMControlRegister);
  90              		.loc 1 111 0
  91 0016 E079     		ldrb	r0, [r4, #7]	@ zero_extendqisi2
  92 0018 FFF7FEFF 		bl	PWM_WriteControlRegister
  93              	.LVL5:
  94 001c 10BD     		pop	{r4, pc}
  95              	.L8:
  96 001e 00BF     		.align	2
  97              	.L7:
  98 0020 00000000 		.word	.LANCHOR0
  99 0024 87650040 		.word	1073767815
 100              		.cfi_endproc
 101              	.LFE1:
 102              		.size	PWM_RestoreConfig, .-PWM_RestoreConfig
 103              		.section	.text.PWM_Sleep,"ax",%progbits
 104              		.align	2
 105              		.global	PWM_Sleep
 106              		.thumb
 107              		.thumb_func
 108              		.type	PWM_Sleep, %function
 109              	PWM_Sleep:
 110              	.LFB2:
 112:Generated_Source\PSoC5/PWM_PM.c ****             #endif /* (PWM_UseControl) */
 113:Generated_Source\PSoC5/PWM_PM.c ****         #endif  /* (!PWM_UsingFixedFunction) */
 114:Generated_Source\PSoC5/PWM_PM.c ****     }
 115:Generated_Source\PSoC5/PWM_PM.c **** 
 116:Generated_Source\PSoC5/PWM_PM.c **** 
 117:Generated_Source\PSoC5/PWM_PM.c **** /*******************************************************************************
 118:Generated_Source\PSoC5/PWM_PM.c **** * Function Name: PWM_Sleep
ARM GAS  C:\Users\DANIEL~1\AppData\Local\Temp\cc2t4Re0.s 			page 5


 119:Generated_Source\PSoC5/PWM_PM.c **** ********************************************************************************
 120:Generated_Source\PSoC5/PWM_PM.c **** *
 121:Generated_Source\PSoC5/PWM_PM.c **** * Summary:
 122:Generated_Source\PSoC5/PWM_PM.c **** *  Disables block's operation and saves the user configuration. Should be called
 123:Generated_Source\PSoC5/PWM_PM.c **** *  just prior to entering sleep.
 124:Generated_Source\PSoC5/PWM_PM.c **** *
 125:Generated_Source\PSoC5/PWM_PM.c **** * Parameters:
 126:Generated_Source\PSoC5/PWM_PM.c **** *  None
 127:Generated_Source\PSoC5/PWM_PM.c **** *
 128:Generated_Source\PSoC5/PWM_PM.c **** * Return:
 129:Generated_Source\PSoC5/PWM_PM.c **** *  None
 130:Generated_Source\PSoC5/PWM_PM.c **** *
 131:Generated_Source\PSoC5/PWM_PM.c **** * Global variables:
 132:Generated_Source\PSoC5/PWM_PM.c **** *  PWM_backup.PWMEnableState:  Is modified depending on the enable
 133:Generated_Source\PSoC5/PWM_PM.c **** *  state of the block before entering sleep mode.
 134:Generated_Source\PSoC5/PWM_PM.c **** *
 135:Generated_Source\PSoC5/PWM_PM.c **** *******************************************************************************/
 136:Generated_Source\PSoC5/PWM_PM.c **** void PWM_Sleep(void) 
 137:Generated_Source\PSoC5/PWM_PM.c **** {
 111              		.loc 1 137 0
 112              		.cfi_startproc
 113              		@ args = 0, pretend = 0, frame = 0
 114              		@ frame_needed = 0, uses_anonymous_args = 0
 115 0000 08B5     		push	{r3, lr}
 116              		.cfi_def_cfa_offset 8
 117              		.cfi_offset 3, -8
 118              		.cfi_offset 14, -4
 138:Generated_Source\PSoC5/PWM_PM.c ****     #if(PWM_UseControl)
 139:Generated_Source\PSoC5/PWM_PM.c ****         if(PWM_CTRL_ENABLE == (PWM_CONTROL & PWM_CTRL_ENABLE))
 119              		.loc 1 139 0
 120 0002 084B     		ldr	r3, .L13
 121 0004 1B78     		ldrb	r3, [r3]	@ zero_extendqisi2
 122 0006 13F0800F 		tst	r3, #128
 123 000a 03D0     		beq	.L10
 140:Generated_Source\PSoC5/PWM_PM.c ****         {
 141:Generated_Source\PSoC5/PWM_PM.c ****             /*Component is enabled */
 142:Generated_Source\PSoC5/PWM_PM.c ****             PWM_backup.PWMEnableState = 1u;
 124              		.loc 1 142 0
 125 000c 0122     		movs	r2, #1
 126 000e 064B     		ldr	r3, .L13+4
 127 0010 1A70     		strb	r2, [r3]
 128 0012 02E0     		b	.L11
 129              	.L10:
 143:Generated_Source\PSoC5/PWM_PM.c ****         }
 144:Generated_Source\PSoC5/PWM_PM.c ****         else
 145:Generated_Source\PSoC5/PWM_PM.c ****         {
 146:Generated_Source\PSoC5/PWM_PM.c ****             /* Component is disabled */
 147:Generated_Source\PSoC5/PWM_PM.c ****             PWM_backup.PWMEnableState = 0u;
 130              		.loc 1 147 0
 131 0014 0022     		movs	r2, #0
 132 0016 044B     		ldr	r3, .L13+4
 133 0018 1A70     		strb	r2, [r3]
 134              	.L11:
 148:Generated_Source\PSoC5/PWM_PM.c ****         }
 149:Generated_Source\PSoC5/PWM_PM.c ****     #endif /* (PWM_UseControl) */
 150:Generated_Source\PSoC5/PWM_PM.c **** 
 151:Generated_Source\PSoC5/PWM_PM.c ****     /* Stop component */
ARM GAS  C:\Users\DANIEL~1\AppData\Local\Temp\cc2t4Re0.s 			page 6


 152:Generated_Source\PSoC5/PWM_PM.c ****     PWM_Stop();
 135              		.loc 1 152 0
 136 001a FFF7FEFF 		bl	PWM_Stop
 137              	.LVL6:
 153:Generated_Source\PSoC5/PWM_PM.c **** 
 154:Generated_Source\PSoC5/PWM_PM.c ****     /* Save registers configuration */
 155:Generated_Source\PSoC5/PWM_PM.c ****     PWM_SaveConfig();
 138              		.loc 1 155 0
 139 001e FFF7FEFF 		bl	PWM_SaveConfig
 140              	.LVL7:
 141 0022 08BD     		pop	{r3, pc}
 142              	.L14:
 143              		.align	2
 144              	.L13:
 145 0024 78650040 		.word	1073767800
 146 0028 00000000 		.word	.LANCHOR0
 147              		.cfi_endproc
 148              	.LFE2:
 149              		.size	PWM_Sleep, .-PWM_Sleep
 150              		.section	.text.PWM_Wakeup,"ax",%progbits
 151              		.align	2
 152              		.global	PWM_Wakeup
 153              		.thumb
 154              		.thumb_func
 155              		.type	PWM_Wakeup, %function
 156              	PWM_Wakeup:
 157              	.LFB3:
 156:Generated_Source\PSoC5/PWM_PM.c **** }
 157:Generated_Source\PSoC5/PWM_PM.c **** 
 158:Generated_Source\PSoC5/PWM_PM.c **** 
 159:Generated_Source\PSoC5/PWM_PM.c **** /*******************************************************************************
 160:Generated_Source\PSoC5/PWM_PM.c **** * Function Name: PWM_Wakeup
 161:Generated_Source\PSoC5/PWM_PM.c **** ********************************************************************************
 162:Generated_Source\PSoC5/PWM_PM.c **** *
 163:Generated_Source\PSoC5/PWM_PM.c **** * Summary:
 164:Generated_Source\PSoC5/PWM_PM.c **** *  Restores and enables the user configuration. Should be called just after
 165:Generated_Source\PSoC5/PWM_PM.c **** *  awaking from sleep.
 166:Generated_Source\PSoC5/PWM_PM.c **** *
 167:Generated_Source\PSoC5/PWM_PM.c **** * Parameters:
 168:Generated_Source\PSoC5/PWM_PM.c **** *  None
 169:Generated_Source\PSoC5/PWM_PM.c **** *
 170:Generated_Source\PSoC5/PWM_PM.c **** * Return:
 171:Generated_Source\PSoC5/PWM_PM.c **** *  None
 172:Generated_Source\PSoC5/PWM_PM.c **** *
 173:Generated_Source\PSoC5/PWM_PM.c **** * Global variables:
 174:Generated_Source\PSoC5/PWM_PM.c **** *  PWM_backup.pwmEnable:  Is used to restore the enable state of
 175:Generated_Source\PSoC5/PWM_PM.c **** *  block on wakeup from sleep mode.
 176:Generated_Source\PSoC5/PWM_PM.c **** *
 177:Generated_Source\PSoC5/PWM_PM.c **** *******************************************************************************/
 178:Generated_Source\PSoC5/PWM_PM.c **** void PWM_Wakeup(void) 
 179:Generated_Source\PSoC5/PWM_PM.c **** {
 158              		.loc 1 179 0
 159              		.cfi_startproc
 160              		@ args = 0, pretend = 0, frame = 0
 161              		@ frame_needed = 0, uses_anonymous_args = 0
 162 0000 08B5     		push	{r3, lr}
 163              		.cfi_def_cfa_offset 8
ARM GAS  C:\Users\DANIEL~1\AppData\Local\Temp\cc2t4Re0.s 			page 7


 164              		.cfi_offset 3, -8
 165              		.cfi_offset 14, -4
 180:Generated_Source\PSoC5/PWM_PM.c ****      /* Restore registers values */
 181:Generated_Source\PSoC5/PWM_PM.c ****     PWM_RestoreConfig();
 166              		.loc 1 181 0
 167 0002 FFF7FEFF 		bl	PWM_RestoreConfig
 168              	.LVL8:
 182:Generated_Source\PSoC5/PWM_PM.c **** 
 183:Generated_Source\PSoC5/PWM_PM.c ****     if(PWM_backup.PWMEnableState != 0u)
 169              		.loc 1 183 0
 170 0006 034B     		ldr	r3, .L18
 171 0008 1B78     		ldrb	r3, [r3]	@ zero_extendqisi2
 172 000a 0BB1     		cbz	r3, .L15
 184:Generated_Source\PSoC5/PWM_PM.c ****     {
 185:Generated_Source\PSoC5/PWM_PM.c ****         /* Enable component's operation */
 186:Generated_Source\PSoC5/PWM_PM.c ****         PWM_Enable();
 173              		.loc 1 186 0
 174 000c FFF7FEFF 		bl	PWM_Enable
 175              	.LVL9:
 176              	.L15:
 177 0010 08BD     		pop	{r3, pc}
 178              	.L19:
 179 0012 00BF     		.align	2
 180              	.L18:
 181 0014 00000000 		.word	.LANCHOR0
 182              		.cfi_endproc
 183              	.LFE3:
 184              		.size	PWM_Wakeup, .-PWM_Wakeup
 185              		.bss
 186              		.align	2
 187              		.set	.LANCHOR0,. + 0
 188              		.type	PWM_backup, %object
 189              		.size	PWM_backup, 8
 190              	PWM_backup:
 191 0000 00000000 		.space	8
 191      00000000 
 192              		.text
 193              	.Letext0:
 194              		.file 2 "Generated_Source\\PSoC5\\cytypes.h"
 195              		.file 3 "Generated_Source\\PSoC5\\PWM.h"
 196              		.section	.debug_info,"",%progbits
 197              	.Ldebug_info0:
 198 0000 22020000 		.4byte	0x222
 199 0004 0400     		.2byte	0x4
 200 0006 00000000 		.4byte	.Ldebug_abbrev0
 201 000a 04       		.byte	0x4
 202 000b 01       		.uleb128 0x1
 203 000c DD000000 		.4byte	.LASF34
 204 0010 01       		.byte	0x1
 205 0011 49020000 		.4byte	.LASF35
 206 0015 7C020000 		.4byte	.LASF36
 207 0019 00000000 		.4byte	.Ldebug_ranges0+0
 208 001d 00000000 		.4byte	0
 209 0021 00000000 		.4byte	.Ldebug_line0
 210 0025 02       		.uleb128 0x2
 211 0026 01       		.byte	0x1
 212 0027 06       		.byte	0x6
ARM GAS  C:\Users\DANIEL~1\AppData\Local\Temp\cc2t4Re0.s 			page 8


 213 0028 32020000 		.4byte	.LASF0
 214 002c 02       		.uleb128 0x2
 215 002d 01       		.byte	0x1
 216 002e 08       		.byte	0x8
 217 002f 5D000000 		.4byte	.LASF1
 218 0033 02       		.uleb128 0x2
 219 0034 02       		.byte	0x2
 220 0035 05       		.byte	0x5
 221 0036 ED010000 		.4byte	.LASF2
 222 003a 02       		.uleb128 0x2
 223 003b 02       		.byte	0x2
 224 003c 07       		.byte	0x7
 225 003d 16000000 		.4byte	.LASF3
 226 0041 02       		.uleb128 0x2
 227 0042 04       		.byte	0x4
 228 0043 05       		.byte	0x5
 229 0044 11020000 		.4byte	.LASF4
 230 0048 02       		.uleb128 0x2
 231 0049 04       		.byte	0x4
 232 004a 07       		.byte	0x7
 233 004b 7A000000 		.4byte	.LASF5
 234 004f 02       		.uleb128 0x2
 235 0050 08       		.byte	0x8
 236 0051 05       		.byte	0x5
 237 0052 B2010000 		.4byte	.LASF6
 238 0056 02       		.uleb128 0x2
 239 0057 08       		.byte	0x8
 240 0058 07       		.byte	0x7
 241 0059 78010000 		.4byte	.LASF7
 242 005d 03       		.uleb128 0x3
 243 005e 04       		.byte	0x4
 244 005f 05       		.byte	0x5
 245 0060 696E7400 		.ascii	"int\000"
 246 0064 02       		.uleb128 0x2
 247 0065 04       		.byte	0x4
 248 0066 07       		.byte	0x7
 249 0067 6B010000 		.4byte	.LASF8
 250 006b 04       		.uleb128 0x4
 251 006c 9C000000 		.4byte	.LASF9
 252 0070 02       		.byte	0x2
 253 0071 9201     		.2byte	0x192
 254 0073 2C000000 		.4byte	0x2c
 255 0077 04       		.uleb128 0x4
 256 0078 D6000000 		.4byte	.LASF10
 257 007c 02       		.byte	0x2
 258 007d 9301     		.2byte	0x193
 259 007f 3A000000 		.4byte	0x3a
 260 0083 02       		.uleb128 0x2
 261 0084 04       		.byte	0x4
 262 0085 04       		.byte	0x4
 263 0086 4C000000 		.4byte	.LASF11
 264 008a 02       		.uleb128 0x2
 265 008b 08       		.byte	0x8
 266 008c 04       		.byte	0x4
 267 008d C0000000 		.4byte	.LASF12
 268 0091 02       		.uleb128 0x2
 269 0092 01       		.byte	0x1
ARM GAS  C:\Users\DANIEL~1\AppData\Local\Temp\cc2t4Re0.s 			page 9


 270 0093 08       		.byte	0x8
 271 0094 C0010000 		.4byte	.LASF13
 272 0098 04       		.uleb128 0x4
 273 0099 07000000 		.4byte	.LASF14
 274 009d 02       		.byte	0x2
 275 009e 3C02     		.2byte	0x23c
 276 00a0 A4000000 		.4byte	0xa4
 277 00a4 05       		.uleb128 0x5
 278 00a5 6B000000 		.4byte	0x6b
 279 00a9 02       		.uleb128 0x2
 280 00aa 04       		.byte	0x4
 281 00ab 07       		.byte	0x7
 282 00ac A9010000 		.4byte	.LASF15
 283 00b0 06       		.uleb128 0x6
 284 00b1 08       		.byte	0x8
 285 00b2 03       		.byte	0x3
 286 00b3 6B       		.byte	0x6b
 287 00b4 F5000000 		.4byte	0xf5
 288 00b8 07       		.uleb128 0x7
 289 00b9 6B000000 		.4byte	.LASF16
 290 00bd 03       		.byte	0x3
 291 00be 6E       		.byte	0x6e
 292 00bf 6B000000 		.4byte	0x6b
 293 00c3 00       		.byte	0
 294 00c4 07       		.uleb128 0x7
 295 00c5 00000000 		.4byte	.LASF17
 296 00c9 03       		.byte	0x3
 297 00ca 71       		.byte	0x71
 298 00cb 77000000 		.4byte	0x77
 299 00cf 02       		.byte	0x2
 300 00d0 07       		.uleb128 0x7
 301 00d1 0C000000 		.4byte	.LASF18
 302 00d5 03       		.byte	0x3
 303 00d6 73       		.byte	0x73
 304 00d7 77000000 		.4byte	0x77
 305 00db 04       		.byte	0x4
 306 00dc 07       		.uleb128 0x7
 307 00dd 69020000 		.4byte	.LASF19
 308 00e1 03       		.byte	0x3
 309 00e2 76       		.byte	0x76
 310 00e3 6B000000 		.4byte	0x6b
 311 00e7 06       		.byte	0x6
 312 00e8 07       		.uleb128 0x7
 313 00e9 AD000000 		.4byte	.LASF20
 314 00ed 03       		.byte	0x3
 315 00ee 86       		.byte	0x86
 316 00ef 6B000000 		.4byte	0x6b
 317 00f3 07       		.byte	0x7
 318 00f4 00       		.byte	0
 319 00f5 08       		.uleb128 0x8
 320 00f6 3B000000 		.4byte	.LASF21
 321 00fa 03       		.byte	0x3
 322 00fb 8B       		.byte	0x8b
 323 00fc B0000000 		.4byte	0xb0
 324 0100 09       		.uleb128 0x9
 325 0101 C7000000 		.4byte	.LASF22
 326 0105 01       		.byte	0x1
ARM GAS  C:\Users\DANIEL~1\AppData\Local\Temp\cc2t4Re0.s 			page 10


 327 0106 2A       		.byte	0x2a
 328 0107 00000000 		.4byte	.LFB0
 329 010b 28000000 		.4byte	.LFE0-.LFB0
 330 010f 01       		.uleb128 0x1
 331 0110 9C       		.byte	0x9c
 332 0111 31010000 		.4byte	0x131
 333 0115 0A       		.uleb128 0xa
 334 0116 06000000 		.4byte	.LVL0
 335 011a C3010000 		.4byte	0x1c3
 336 011e 0A       		.uleb128 0xa
 337 011f 0E000000 		.4byte	.LVL1
 338 0123 CE010000 		.4byte	0x1ce
 339 0127 0A       		.uleb128 0xa
 340 0128 1A000000 		.4byte	.LVL2
 341 012c D9010000 		.4byte	0x1d9
 342 0130 00       		.byte	0
 343 0131 09       		.uleb128 0x9
 344 0132 29000000 		.4byte	.LASF23
 345 0136 01       		.byte	0x1
 346 0137 58       		.byte	0x58
 347 0138 00000000 		.4byte	.LFB1
 348 013c 28000000 		.4byte	.LFE1-.LFB1
 349 0140 01       		.uleb128 0x1
 350 0141 9C       		.byte	0x9c
 351 0142 62010000 		.4byte	0x162
 352 0146 0A       		.uleb128 0xa
 353 0147 0A000000 		.4byte	.LVL3
 354 014b E4010000 		.4byte	0x1e4
 355 014f 0A       		.uleb128 0xa
 356 0150 10000000 		.4byte	.LVL4
 357 0154 F5010000 		.4byte	0x1f5
 358 0158 0A       		.uleb128 0xa
 359 0159 1C000000 		.4byte	.LVL5
 360 015d 06020000 		.4byte	0x206
 361 0161 00       		.byte	0
 362 0162 09       		.uleb128 0x9
 363 0163 8F010000 		.4byte	.LASF24
 364 0167 01       		.byte	0x1
 365 0168 88       		.byte	0x88
 366 0169 00000000 		.4byte	.LFB2
 367 016d 2C000000 		.4byte	.LFE2-.LFB2
 368 0171 01       		.uleb128 0x1
 369 0172 9C       		.byte	0x9c
 370 0173 8A010000 		.4byte	0x18a
 371 0177 0A       		.uleb128 0xa
 372 0178 1E000000 		.4byte	.LVL6
 373 017c 17020000 		.4byte	0x217
 374 0180 0A       		.uleb128 0xa
 375 0181 22000000 		.4byte	.LVL7
 376 0185 00010000 		.4byte	0x100
 377 0189 00       		.byte	0
 378 018a 09       		.uleb128 0x9
 379 018b A2000000 		.4byte	.LASF25
 380 018f 01       		.byte	0x1
 381 0190 B2       		.byte	0xb2
 382 0191 00000000 		.4byte	.LFB3
 383 0195 18000000 		.4byte	.LFE3-.LFB3
ARM GAS  C:\Users\DANIEL~1\AppData\Local\Temp\cc2t4Re0.s 			page 11


 384 0199 01       		.uleb128 0x1
 385 019a 9C       		.byte	0x9c
 386 019b B2010000 		.4byte	0x1b2
 387 019f 0A       		.uleb128 0xa
 388 01a0 06000000 		.4byte	.LVL8
 389 01a4 31010000 		.4byte	0x131
 390 01a8 0A       		.uleb128 0xa
 391 01a9 10000000 		.4byte	.LVL9
 392 01ad 1E020000 		.4byte	0x21e
 393 01b1 00       		.byte	0
 394 01b2 0B       		.uleb128 0xb
 395 01b3 52000000 		.4byte	.LASF37
 396 01b7 01       		.byte	0x1
 397 01b8 14       		.byte	0x14
 398 01b9 F5000000 		.4byte	0xf5
 399 01bd 05       		.uleb128 0x5
 400 01be 03       		.byte	0x3
 401 01bf 00000000 		.4byte	PWM_backup
 402 01c3 0C       		.uleb128 0xc
 403 01c4 DE010000 		.4byte	.LASF26
 404 01c8 03       		.byte	0x3
 405 01c9 C0       		.byte	0xc0
 406 01ca 77000000 		.4byte	0x77
 407 01ce 0C       		.uleb128 0xc
 408 01cf 8C000000 		.4byte	.LASF27
 409 01d3 03       		.byte	0x3
 410 01d4 B3       		.byte	0xb3
 411 01d5 77000000 		.4byte	0x77
 412 01d9 0C       		.uleb128 0xc
 413 01da 1A020000 		.4byte	.LASF28
 414 01de 03       		.byte	0x3
 415 01df 9D       		.byte	0x9d
 416 01e0 6B000000 		.4byte	0x6b
 417 01e4 0D       		.uleb128 0xd
 418 01e5 99010000 		.4byte	.LASF29
 419 01e9 03       		.byte	0x3
 420 01ea BE       		.byte	0xbe
 421 01eb F5010000 		.4byte	0x1f5
 422 01ef 0E       		.uleb128 0xe
 423 01f0 77000000 		.4byte	0x77
 424 01f4 00       		.byte	0
 425 01f5 0D       		.uleb128 0xd
 426 01f6 F7010000 		.4byte	.LASF30
 427 01fa 03       		.byte	0x3
 428 01fb BA       		.byte	0xba
 429 01fc 06020000 		.4byte	0x206
 430 0200 0E       		.uleb128 0xe
 431 0201 77000000 		.4byte	0x77
 432 0205 00       		.byte	0
 433 0206 0D       		.uleb128 0xd
 434 0207 C5010000 		.4byte	.LASF31
 435 020b 03       		.byte	0x3
 436 020c 9E       		.byte	0x9e
 437 020d 17020000 		.4byte	0x217
 438 0211 0E       		.uleb128 0xe
 439 0212 6B000000 		.4byte	0x6b
 440 0216 00       		.byte	0
ARM GAS  C:\Users\DANIEL~1\AppData\Local\Temp\cc2t4Re0.s 			page 12


 441 0217 0F       		.uleb128 0xf
 442 0218 08020000 		.4byte	.LASF32
 443 021c 03       		.byte	0x3
 444 021d 93       		.byte	0x93
 445 021e 0F       		.uleb128 0xf
 446 021f 3E020000 		.4byte	.LASF33
 447 0223 03       		.byte	0x3
 448 0224 DB       		.byte	0xdb
 449 0225 00       		.byte	0
 450              		.section	.debug_abbrev,"",%progbits
 451              	.Ldebug_abbrev0:
 452 0000 01       		.uleb128 0x1
 453 0001 11       		.uleb128 0x11
 454 0002 01       		.byte	0x1
 455 0003 25       		.uleb128 0x25
 456 0004 0E       		.uleb128 0xe
 457 0005 13       		.uleb128 0x13
 458 0006 0B       		.uleb128 0xb
 459 0007 03       		.uleb128 0x3
 460 0008 0E       		.uleb128 0xe
 461 0009 1B       		.uleb128 0x1b
 462 000a 0E       		.uleb128 0xe
 463 000b 55       		.uleb128 0x55
 464 000c 17       		.uleb128 0x17
 465 000d 11       		.uleb128 0x11
 466 000e 01       		.uleb128 0x1
 467 000f 10       		.uleb128 0x10
 468 0010 17       		.uleb128 0x17
 469 0011 00       		.byte	0
 470 0012 00       		.byte	0
 471 0013 02       		.uleb128 0x2
 472 0014 24       		.uleb128 0x24
 473 0015 00       		.byte	0
 474 0016 0B       		.uleb128 0xb
 475 0017 0B       		.uleb128 0xb
 476 0018 3E       		.uleb128 0x3e
 477 0019 0B       		.uleb128 0xb
 478 001a 03       		.uleb128 0x3
 479 001b 0E       		.uleb128 0xe
 480 001c 00       		.byte	0
 481 001d 00       		.byte	0
 482 001e 03       		.uleb128 0x3
 483 001f 24       		.uleb128 0x24
 484 0020 00       		.byte	0
 485 0021 0B       		.uleb128 0xb
 486 0022 0B       		.uleb128 0xb
 487 0023 3E       		.uleb128 0x3e
 488 0024 0B       		.uleb128 0xb
 489 0025 03       		.uleb128 0x3
 490 0026 08       		.uleb128 0x8
 491 0027 00       		.byte	0
 492 0028 00       		.byte	0
 493 0029 04       		.uleb128 0x4
 494 002a 16       		.uleb128 0x16
 495 002b 00       		.byte	0
 496 002c 03       		.uleb128 0x3
 497 002d 0E       		.uleb128 0xe
ARM GAS  C:\Users\DANIEL~1\AppData\Local\Temp\cc2t4Re0.s 			page 13


 498 002e 3A       		.uleb128 0x3a
 499 002f 0B       		.uleb128 0xb
 500 0030 3B       		.uleb128 0x3b
 501 0031 05       		.uleb128 0x5
 502 0032 49       		.uleb128 0x49
 503 0033 13       		.uleb128 0x13
 504 0034 00       		.byte	0
 505 0035 00       		.byte	0
 506 0036 05       		.uleb128 0x5
 507 0037 35       		.uleb128 0x35
 508 0038 00       		.byte	0
 509 0039 49       		.uleb128 0x49
 510 003a 13       		.uleb128 0x13
 511 003b 00       		.byte	0
 512 003c 00       		.byte	0
 513 003d 06       		.uleb128 0x6
 514 003e 13       		.uleb128 0x13
 515 003f 01       		.byte	0x1
 516 0040 0B       		.uleb128 0xb
 517 0041 0B       		.uleb128 0xb
 518 0042 3A       		.uleb128 0x3a
 519 0043 0B       		.uleb128 0xb
 520 0044 3B       		.uleb128 0x3b
 521 0045 0B       		.uleb128 0xb
 522 0046 01       		.uleb128 0x1
 523 0047 13       		.uleb128 0x13
 524 0048 00       		.byte	0
 525 0049 00       		.byte	0
 526 004a 07       		.uleb128 0x7
 527 004b 0D       		.uleb128 0xd
 528 004c 00       		.byte	0
 529 004d 03       		.uleb128 0x3
 530 004e 0E       		.uleb128 0xe
 531 004f 3A       		.uleb128 0x3a
 532 0050 0B       		.uleb128 0xb
 533 0051 3B       		.uleb128 0x3b
 534 0052 0B       		.uleb128 0xb
 535 0053 49       		.uleb128 0x49
 536 0054 13       		.uleb128 0x13
 537 0055 38       		.uleb128 0x38
 538 0056 0B       		.uleb128 0xb
 539 0057 00       		.byte	0
 540 0058 00       		.byte	0
 541 0059 08       		.uleb128 0x8
 542 005a 16       		.uleb128 0x16
 543 005b 00       		.byte	0
 544 005c 03       		.uleb128 0x3
 545 005d 0E       		.uleb128 0xe
 546 005e 3A       		.uleb128 0x3a
 547 005f 0B       		.uleb128 0xb
 548 0060 3B       		.uleb128 0x3b
 549 0061 0B       		.uleb128 0xb
 550 0062 49       		.uleb128 0x49
 551 0063 13       		.uleb128 0x13
 552 0064 00       		.byte	0
 553 0065 00       		.byte	0
 554 0066 09       		.uleb128 0x9
ARM GAS  C:\Users\DANIEL~1\AppData\Local\Temp\cc2t4Re0.s 			page 14


 555 0067 2E       		.uleb128 0x2e
 556 0068 01       		.byte	0x1
 557 0069 3F       		.uleb128 0x3f
 558 006a 19       		.uleb128 0x19
 559 006b 03       		.uleb128 0x3
 560 006c 0E       		.uleb128 0xe
 561 006d 3A       		.uleb128 0x3a
 562 006e 0B       		.uleb128 0xb
 563 006f 3B       		.uleb128 0x3b
 564 0070 0B       		.uleb128 0xb
 565 0071 27       		.uleb128 0x27
 566 0072 19       		.uleb128 0x19
 567 0073 11       		.uleb128 0x11
 568 0074 01       		.uleb128 0x1
 569 0075 12       		.uleb128 0x12
 570 0076 06       		.uleb128 0x6
 571 0077 40       		.uleb128 0x40
 572 0078 18       		.uleb128 0x18
 573 0079 9742     		.uleb128 0x2117
 574 007b 19       		.uleb128 0x19
 575 007c 01       		.uleb128 0x1
 576 007d 13       		.uleb128 0x13
 577 007e 00       		.byte	0
 578 007f 00       		.byte	0
 579 0080 0A       		.uleb128 0xa
 580 0081 898201   		.uleb128 0x4109
 581 0084 00       		.byte	0
 582 0085 11       		.uleb128 0x11
 583 0086 01       		.uleb128 0x1
 584 0087 31       		.uleb128 0x31
 585 0088 13       		.uleb128 0x13
 586 0089 00       		.byte	0
 587 008a 00       		.byte	0
 588 008b 0B       		.uleb128 0xb
 589 008c 34       		.uleb128 0x34
 590 008d 00       		.byte	0
 591 008e 03       		.uleb128 0x3
 592 008f 0E       		.uleb128 0xe
 593 0090 3A       		.uleb128 0x3a
 594 0091 0B       		.uleb128 0xb
 595 0092 3B       		.uleb128 0x3b
 596 0093 0B       		.uleb128 0xb
 597 0094 49       		.uleb128 0x49
 598 0095 13       		.uleb128 0x13
 599 0096 02       		.uleb128 0x2
 600 0097 18       		.uleb128 0x18
 601 0098 00       		.byte	0
 602 0099 00       		.byte	0
 603 009a 0C       		.uleb128 0xc
 604 009b 2E       		.uleb128 0x2e
 605 009c 00       		.byte	0
 606 009d 3F       		.uleb128 0x3f
 607 009e 19       		.uleb128 0x19
 608 009f 03       		.uleb128 0x3
 609 00a0 0E       		.uleb128 0xe
 610 00a1 3A       		.uleb128 0x3a
 611 00a2 0B       		.uleb128 0xb
ARM GAS  C:\Users\DANIEL~1\AppData\Local\Temp\cc2t4Re0.s 			page 15


 612 00a3 3B       		.uleb128 0x3b
 613 00a4 0B       		.uleb128 0xb
 614 00a5 27       		.uleb128 0x27
 615 00a6 19       		.uleb128 0x19
 616 00a7 49       		.uleb128 0x49
 617 00a8 13       		.uleb128 0x13
 618 00a9 3C       		.uleb128 0x3c
 619 00aa 19       		.uleb128 0x19
 620 00ab 00       		.byte	0
 621 00ac 00       		.byte	0
 622 00ad 0D       		.uleb128 0xd
 623 00ae 2E       		.uleb128 0x2e
 624 00af 01       		.byte	0x1
 625 00b0 3F       		.uleb128 0x3f
 626 00b1 19       		.uleb128 0x19
 627 00b2 03       		.uleb128 0x3
 628 00b3 0E       		.uleb128 0xe
 629 00b4 3A       		.uleb128 0x3a
 630 00b5 0B       		.uleb128 0xb
 631 00b6 3B       		.uleb128 0x3b
 632 00b7 0B       		.uleb128 0xb
 633 00b8 27       		.uleb128 0x27
 634 00b9 19       		.uleb128 0x19
 635 00ba 3C       		.uleb128 0x3c
 636 00bb 19       		.uleb128 0x19
 637 00bc 01       		.uleb128 0x1
 638 00bd 13       		.uleb128 0x13
 639 00be 00       		.byte	0
 640 00bf 00       		.byte	0
 641 00c0 0E       		.uleb128 0xe
 642 00c1 05       		.uleb128 0x5
 643 00c2 00       		.byte	0
 644 00c3 49       		.uleb128 0x49
 645 00c4 13       		.uleb128 0x13
 646 00c5 00       		.byte	0
 647 00c6 00       		.byte	0
 648 00c7 0F       		.uleb128 0xf
 649 00c8 2E       		.uleb128 0x2e
 650 00c9 00       		.byte	0
 651 00ca 3F       		.uleb128 0x3f
 652 00cb 19       		.uleb128 0x19
 653 00cc 03       		.uleb128 0x3
 654 00cd 0E       		.uleb128 0xe
 655 00ce 3A       		.uleb128 0x3a
 656 00cf 0B       		.uleb128 0xb
 657 00d0 3B       		.uleb128 0x3b
 658 00d1 0B       		.uleb128 0xb
 659 00d2 27       		.uleb128 0x27
 660 00d3 19       		.uleb128 0x19
 661 00d4 3C       		.uleb128 0x3c
 662 00d5 19       		.uleb128 0x19
 663 00d6 00       		.byte	0
 664 00d7 00       		.byte	0
 665 00d8 00       		.byte	0
 666              		.section	.debug_aranges,"",%progbits
 667 0000 34000000 		.4byte	0x34
 668 0004 0200     		.2byte	0x2
ARM GAS  C:\Users\DANIEL~1\AppData\Local\Temp\cc2t4Re0.s 			page 16


 669 0006 00000000 		.4byte	.Ldebug_info0
 670 000a 04       		.byte	0x4
 671 000b 00       		.byte	0
 672 000c 0000     		.2byte	0
 673 000e 0000     		.2byte	0
 674 0010 00000000 		.4byte	.LFB0
 675 0014 28000000 		.4byte	.LFE0-.LFB0
 676 0018 00000000 		.4byte	.LFB1
 677 001c 28000000 		.4byte	.LFE1-.LFB1
 678 0020 00000000 		.4byte	.LFB2
 679 0024 2C000000 		.4byte	.LFE2-.LFB2
 680 0028 00000000 		.4byte	.LFB3
 681 002c 18000000 		.4byte	.LFE3-.LFB3
 682 0030 00000000 		.4byte	0
 683 0034 00000000 		.4byte	0
 684              		.section	.debug_ranges,"",%progbits
 685              	.Ldebug_ranges0:
 686 0000 00000000 		.4byte	.LFB0
 687 0004 28000000 		.4byte	.LFE0
 688 0008 00000000 		.4byte	.LFB1
 689 000c 28000000 		.4byte	.LFE1
 690 0010 00000000 		.4byte	.LFB2
 691 0014 2C000000 		.4byte	.LFE2
 692 0018 00000000 		.4byte	.LFB3
 693 001c 18000000 		.4byte	.LFE3
 694 0020 00000000 		.4byte	0
 695 0024 00000000 		.4byte	0
 696              		.section	.debug_line,"",%progbits
 697              	.Ldebug_line0:
 698 0000 A5000000 		.section	.debug_str,"MS",%progbits,1
 698      02004C00 
 698      00000201 
 698      FB0E0D00 
 698      01010101 
 699              	.LASF17:
 700 0000 50574D55 		.ascii	"PWMUdb\000"
 700      646200
 701              	.LASF14:
 702 0007 72656738 		.ascii	"reg8\000"
 702      00
 703              	.LASF18:
 704 000c 50574D50 		.ascii	"PWMPeriod\000"
 704      6572696F 
 704      6400
 705              	.LASF3:
 706 0016 73686F72 		.ascii	"short unsigned int\000"
 706      7420756E 
 706      7369676E 
 706      65642069 
 706      6E7400
 707              	.LASF23:
 708 0029 50574D5F 		.ascii	"PWM_RestoreConfig\000"
 708      52657374 
 708      6F726543 
 708      6F6E6669 
 708      6700
 709              	.LASF21:
ARM GAS  C:\Users\DANIEL~1\AppData\Local\Temp\cc2t4Re0.s 			page 17


 710 003b 50574D5F 		.ascii	"PWM_backupStruct\000"
 710      6261636B 
 710      75705374 
 710      72756374 
 710      00
 711              	.LASF11:
 712 004c 666C6F61 		.ascii	"float\000"
 712      7400
 713              	.LASF37:
 714 0052 50574D5F 		.ascii	"PWM_backup\000"
 714      6261636B 
 714      757000
 715              	.LASF1:
 716 005d 756E7369 		.ascii	"unsigned char\000"
 716      676E6564 
 716      20636861 
 716      7200
 717              	.LASF16:
 718 006b 50574D45 		.ascii	"PWMEnableState\000"
 718      6E61626C 
 718      65537461 
 718      746500
 719              	.LASF5:
 720 007a 6C6F6E67 		.ascii	"long unsigned int\000"
 720      20756E73 
 720      69676E65 
 720      6420696E 
 720      7400
 721              	.LASF27:
 722 008c 50574D5F 		.ascii	"PWM_ReadCounter\000"
 722      52656164 
 722      436F756E 
 722      74657200 
 723              	.LASF9:
 724 009c 75696E74 		.ascii	"uint8\000"
 724      3800
 725              	.LASF25:
 726 00a2 50574D5F 		.ascii	"PWM_Wakeup\000"
 726      57616B65 
 726      757000
 727              	.LASF20:
 728 00ad 50574D43 		.ascii	"PWMControlRegister\000"
 728      6F6E7472 
 728      6F6C5265 
 728      67697374 
 728      657200
 729              	.LASF12:
 730 00c0 646F7562 		.ascii	"double\000"
 730      6C6500
 731              	.LASF22:
 732 00c7 50574D5F 		.ascii	"PWM_SaveConfig\000"
 732      53617665 
 732      436F6E66 
 732      696700
 733              	.LASF10:
 734 00d6 75696E74 		.ascii	"uint16\000"
 734      313600
ARM GAS  C:\Users\DANIEL~1\AppData\Local\Temp\cc2t4Re0.s 			page 18


 735              	.LASF34:
 736 00dd 474E5520 		.ascii	"GNU C 4.9.3 20150303 (release) [ARM/embedded-4_9-br"
 736      4320342E 
 736      392E3320 
 736      32303135 
 736      30333033 
 737 0110 616E6368 		.ascii	"anch revision 221220] -mcpu=cortex-m3 -mthumb -g -O"
 737      20726576 
 737      6973696F 
 737      6E203232 
 737      31323230 
 738 0143 67202D66 		.ascii	"g -ffunction-sections -ffat-lto-objects\000"
 738      66756E63 
 738      74696F6E 
 738      2D736563 
 738      74696F6E 
 739              	.LASF8:
 740 016b 756E7369 		.ascii	"unsigned int\000"
 740      676E6564 
 740      20696E74 
 740      00
 741              	.LASF7:
 742 0178 6C6F6E67 		.ascii	"long long unsigned int\000"
 742      206C6F6E 
 742      6720756E 
 742      7369676E 
 742      65642069 
 743              	.LASF24:
 744 018f 50574D5F 		.ascii	"PWM_Sleep\000"
 744      536C6565 
 744      7000
 745              	.LASF29:
 746 0199 50574D5F 		.ascii	"PWM_WritePeriod\000"
 746      57726974 
 746      65506572 
 746      696F6400 
 747              	.LASF15:
 748 01a9 73697A65 		.ascii	"sizetype\000"
 748      74797065 
 748      00
 749              	.LASF6:
 750 01b2 6C6F6E67 		.ascii	"long long int\000"
 750      206C6F6E 
 750      6720696E 
 750      7400
 751              	.LASF13:
 752 01c0 63686172 		.ascii	"char\000"
 752      00
 753              	.LASF31:
 754 01c5 50574D5F 		.ascii	"PWM_WriteControlRegister\000"
 754      57726974 
 754      65436F6E 
 754      74726F6C 
 754      52656769 
 755              	.LASF26:
 756 01de 50574D5F 		.ascii	"PWM_ReadPeriod\000"
 756      52656164 
ARM GAS  C:\Users\DANIEL~1\AppData\Local\Temp\cc2t4Re0.s 			page 19


 756      50657269 
 756      6F6400
 757              	.LASF2:
 758 01ed 73686F72 		.ascii	"short int\000"
 758      7420696E 
 758      7400
 759              	.LASF30:
 760 01f7 50574D5F 		.ascii	"PWM_WriteCounter\000"
 760      57726974 
 760      65436F75 
 760      6E746572 
 760      00
 761              	.LASF32:
 762 0208 50574D5F 		.ascii	"PWM_Stop\000"
 762      53746F70 
 762      00
 763              	.LASF4:
 764 0211 6C6F6E67 		.ascii	"long int\000"
 764      20696E74 
 764      00
 765              	.LASF28:
 766 021a 50574D5F 		.ascii	"PWM_ReadControlRegister\000"
 766      52656164 
 766      436F6E74 
 766      726F6C52 
 766      65676973 
 767              	.LASF0:
 768 0232 7369676E 		.ascii	"signed char\000"
 768      65642063 
 768      68617200 
 769              	.LASF33:
 770 023e 50574D5F 		.ascii	"PWM_Enable\000"
 770      456E6162 
 770      6C6500
 771              	.LASF35:
 772 0249 47656E65 		.ascii	"Generated_Source\\PSoC5\\PWM_PM.c\000"
 772      72617465 
 772      645F536F 
 772      75726365 
 772      5C50536F 
 773              	.LASF19:
 774 0269 496E7465 		.ascii	"InterruptMaskValue\000"
 774      72727570 
 774      744D6173 
 774      6B56616C 
 774      756500
 775              	.LASF36:
 776 027c 433A5C55 		.ascii	"C:\\Users\\Daniel Mendez\\Desktop\\PSoC\\Cualquiera"
 776      73657273 
 776      5C44616E 
 776      69656C20 
 776      4D656E64 
 777 02aa 5C446573 		.ascii	"\\Design01.cydsn\000"
 777      69676E30 
 777      312E6379 
 777      64736E00 
 778              		.ident	"GCC: (GNU Tools for ARM Embedded Processors) 4.9.3 20150303 (release) [ARM/embedded-4_9-br
ARM GAS  C:\Users\DANIEL~1\AppData\Local\Temp\cc2t4Re0.s 			page 20


